Archive member included to satisfy reference by file (symbol)

c:/st/stm32cubeide_1.1.0/stm32cubeide/plugins/com.st.stm32cube.ide.mcu.externaltools.gnu-tools-for-stm32.7-2018-q2-update.win32_1.0.0.201904181610/tools/bin/../lib/gcc/arm-none-eabi/7.3.1/../../../../arm-none-eabi/lib/thumb/v7e-m/fpv4-sp/hard\libc_nano.a(lib_a-errno.o)
                              Core/Src/syscalls.o (__errno)
c:/st/stm32cubeide_1.1.0/stm32cubeide/plugins/com.st.stm32cube.ide.mcu.externaltools.gnu-tools-for-stm32.7-2018-q2-update.win32_1.0.0.201904181610/tools/bin/../lib/gcc/arm-none-eabi/7.3.1/../../../../arm-none-eabi/lib/thumb/v7e-m/fpv4-sp/hard\libc_nano.a(lib_a-exit.o)
                              c:/st/stm32cubeide_1.1.0/stm32cubeide/plugins/com.st.stm32cube.ide.mcu.externaltools.gnu-tools-for-stm32.7-2018-q2-update.win32_1.0.0.201904181610/tools/bin/../lib/gcc/arm-none-eabi/7.3.1/../../../../arm-none-eabi/lib/thumb/v7e-m/fpv4-sp/hard/crt0.o (exit)
c:/st/stm32cubeide_1.1.0/stm32cubeide/plugins/com.st.stm32cube.ide.mcu.externaltools.gnu-tools-for-stm32.7-2018-q2-update.win32_1.0.0.201904181610/tools/bin/../lib/gcc/arm-none-eabi/7.3.1/../../../../arm-none-eabi/lib/thumb/v7e-m/fpv4-sp/hard\libc_nano.a(lib_a-impure.o)
                              c:/st/stm32cubeide_1.1.0/stm32cubeide/plugins/com.st.stm32cube.ide.mcu.externaltools.gnu-tools-for-stm32.7-2018-q2-update.win32_1.0.0.201904181610/tools/bin/../lib/gcc/arm-none-eabi/7.3.1/../../../../arm-none-eabi/lib/thumb/v7e-m/fpv4-sp/hard\libc_nano.a(lib_a-exit.o) (_global_impure_ptr)
c:/st/stm32cubeide_1.1.0/stm32cubeide/plugins/com.st.stm32cube.ide.mcu.externaltools.gnu-tools-for-stm32.7-2018-q2-update.win32_1.0.0.201904181610/tools/bin/../lib/gcc/arm-none-eabi/7.3.1/../../../../arm-none-eabi/lib/thumb/v7e-m/fpv4-sp/hard\libc_nano.a(lib_a-init.o)
                              c:/st/stm32cubeide_1.1.0/stm32cubeide/plugins/com.st.stm32cube.ide.mcu.externaltools.gnu-tools-for-stm32.7-2018-q2-update.win32_1.0.0.201904181610/tools/bin/../lib/gcc/arm-none-eabi/7.3.1/../../../../arm-none-eabi/lib/thumb/v7e-m/fpv4-sp/hard/crt0.o (__libc_init_array)
c:/st/stm32cubeide_1.1.0/stm32cubeide/plugins/com.st.stm32cube.ide.mcu.externaltools.gnu-tools-for-stm32.7-2018-q2-update.win32_1.0.0.201904181610/tools/bin/../lib/gcc/arm-none-eabi/7.3.1/../../../../arm-none-eabi/lib/thumb/v7e-m/fpv4-sp/hard\libc_nano.a(lib_a-memset.o)
                              c:/st/stm32cubeide_1.1.0/stm32cubeide/plugins/com.st.stm32cube.ide.mcu.externaltools.gnu-tools-for-stm32.7-2018-q2-update.win32_1.0.0.201904181610/tools/bin/../lib/gcc/arm-none-eabi/7.3.1/../../../../arm-none-eabi/lib/thumb/v7e-m/fpv4-sp/hard/crt0.o (memset)
c:/st/stm32cubeide_1.1.0/stm32cubeide/plugins/com.st.stm32cube.ide.mcu.externaltools.gnu-tools-for-stm32.7-2018-q2-update.win32_1.0.0.201904181610/tools/bin/../lib/gcc/arm-none-eabi/7.3.1/../../../../arm-none-eabi/lib/thumb/v7e-m/fpv4-sp/hard\libc_nano.a(lib_a-sprintf.o)
                              Core/Src/receive.o (sprintf)
c:/st/stm32cubeide_1.1.0/stm32cubeide/plugins/com.st.stm32cube.ide.mcu.externaltools.gnu-tools-for-stm32.7-2018-q2-update.win32_1.0.0.201904181610/tools/bin/../lib/gcc/arm-none-eabi/7.3.1/../../../../arm-none-eabi/lib/thumb/v7e-m/fpv4-sp/hard\libc_nano.a(lib_a-strlen.o)
                              Core/Src/main.o (strlen)
c:/st/stm32cubeide_1.1.0/stm32cubeide/plugins/com.st.stm32cube.ide.mcu.externaltools.gnu-tools-for-stm32.7-2018-q2-update.win32_1.0.0.201904181610/tools/bin/../lib/gcc/arm-none-eabi/7.3.1/../../../../arm-none-eabi/lib/thumb/v7e-m/fpv4-sp/hard\libc_nano.a(lib_a-strtok.o)
                              Core/Src/main.o (strtok)
c:/st/stm32cubeide_1.1.0/stm32cubeide/plugins/com.st.stm32cube.ide.mcu.externaltools.gnu-tools-for-stm32.7-2018-q2-update.win32_1.0.0.201904181610/tools/bin/../lib/gcc/arm-none-eabi/7.3.1/../../../../arm-none-eabi/lib/thumb/v7e-m/fpv4-sp/hard\libc_nano.a(lib_a-strtok_r.o)
                              c:/st/stm32cubeide_1.1.0/stm32cubeide/plugins/com.st.stm32cube.ide.mcu.externaltools.gnu-tools-for-stm32.7-2018-q2-update.win32_1.0.0.201904181610/tools/bin/../lib/gcc/arm-none-eabi/7.3.1/../../../../arm-none-eabi/lib/thumb/v7e-m/fpv4-sp/hard\libc_nano.a(lib_a-strtok.o) (__strtok_r)
c:/st/stm32cubeide_1.1.0/stm32cubeide/plugins/com.st.stm32cube.ide.mcu.externaltools.gnu-tools-for-stm32.7-2018-q2-update.win32_1.0.0.201904181610/tools/bin/../lib/gcc/arm-none-eabi/7.3.1/../../../../arm-none-eabi/lib/thumb/v7e-m/fpv4-sp/hard\libc_nano.a(lib_a-strtol.o)
                              Core/Src/main.o (strtol)
c:/st/stm32cubeide_1.1.0/stm32cubeide/plugins/com.st.stm32cube.ide.mcu.externaltools.gnu-tools-for-stm32.7-2018-q2-update.win32_1.0.0.201904181610/tools/bin/../lib/gcc/arm-none-eabi/7.3.1/../../../../arm-none-eabi/lib/thumb/v7e-m/fpv4-sp/hard\libc_nano.a(lib_a-locale.o)
[...]
Memory Configuration

Name             Origin             Length             Attributes
RAM              0x0000000020000000 0x0000000000020000 xrw
FLASH            0x0000000008000000 0x0000000000080000 xr
*default*        0x0000000000000000 0xffffffffffffffff

Linker script and memory map

LOAD c:/st/stm32cubeide_1.1.0/stm32cubeide/plugins/com.st.stm32cube.ide.mcu.externaltools.gnu-tools-for-stm32.7-2018-q2-update.win32_1.0.0.201904181610/tools/bin/../lib/gcc/arm-none-eabi/7.3.1/thumb/v7e-m/fpv4-sp/hard/crti.o
LOAD c:/st/stm32cubeide_1.1.0/stm32cubeide/plugins/com.st.stm32cube.ide.mcu.externaltools.gnu-tools-for-stm32.7-2018-q2-update.win32_1.0.0.201904181610/tools/bin/../lib/gcc/arm-none-eabi/7.3.1/thumb/v7e-m/fpv4-sp/hard/crtbegin.o
LOAD c:/st/stm32cubeide_1.1.0/stm32cubeide/plugins/com.st.stm32cube.ide.mcu.externaltools.gnu-tools-for-stm32.7-2018-q2-update.win32_1.0.0.201904181610/tools/bin/../lib/gcc/arm-none-eabi/7.3.1/../../../../arm-none-eabi/lib/thumb/v7e-m/fpv4-sp/hard/crt0.o
LOAD Core/Src/channel_monitor.o
LOAD Core/Src/crc.o
LOAD Core/Src/main.o
LOAD Core/Src/receive.o
LOAD Core/Src/stm32f4xx_hal_msp.o
LOAD Core/Src/stm32f4xx_it.o
LOAD Core/Src/syscalls.o
LOAD Core/Src/sysmem.o
LOAD Core/Src/system_stm32f4xx.o
LOAD Core/Src/transmit.o
LOAD Core/Startup/startup_stm32f446retx.o
LOAD Drivers/STM32F4xx_HAL_Driver/Src/stm32f4xx_hal.o
LOAD Drivers/STM32F4xx_HAL_Driver/Src/stm32f4xx_hal_cortex.o
LOAD Drivers/STM32F4xx_HAL_Driver/Src/stm32f4xx_hal_dma.o
LOAD Drivers/STM32F4xx_HAL_Driver/Src/stm32f4xx_hal_dma_ex.o
LOAD Drivers/STM32F4xx_HAL_Driver/Src/stm32f4xx_hal_exti.o
LOAD Drivers/STM32F4xx_HAL_Driver/Src/stm32f4xx_hal_flash.o
LOAD Drivers/STM32F4xx_HAL_Driver/Src/stm32f4xx_hal_flash_ex.o
LOAD Drivers/STM32F4xx_HAL_Driver/Src/stm32f4xx_hal_flash_ramfunc.o
LOAD Drivers/STM32F4xx_HAL_Driver/Src/stm32f4xx_hal_gpio.o
LOAD Drivers/STM32F4xx_HAL_Driver/Src/stm32f4xx_hal_pwr.o
LOAD Drivers/STM32F4xx_HAL_Driver/Src/stm32f4xx_hal_pwr_ex.o
LOAD Drivers/STM32F4xx_HAL_Driver/Src/stm32f4xx_hal_rcc.o
LOAD Drivers/STM32F4xx_HAL_Driver/Src/stm32f4xx_hal_rcc_ex.o
LOAD Drivers/STM32F4xx_HAL_Driver/Src/stm32f4xx_hal_tim.o
LOAD Drivers/STM32F4xx_HAL_Driver/Src/stm32f4xx_hal_tim_ex.o
LOAD Drivers/STM32F4xx_HAL_Driver/Src/stm32f4xx_hal_uart.o
START GROUP
LOAD c:/st/stm32cubeide_1.1.0/stm32cubeide/plugins/com.st.stm32cube.ide.mcu.externaltools.gnu-tools-for-stm32.7-2018-q2-update.win32_1.0.0.201904181610/tools/bin/../lib/gcc/arm-none-eabi/7.3.1/../../../../arm-none-eabi/lib/thumb/v7e-m/fpv4-sp/hard\libc_nano.a
LOAD c:/st/stm32cubeide_1.1.0/stm32cubeide/plugins/com.st.stm32cube.ide.mcu.externaltools.gnu-tools-for-stm32.7-2018-q2-update.win32_1.0.0.201904181610/tools/bin/../lib/gcc/arm-none-eabi/7.3.1/../../../../arm-none-eabi/lib/thumb/v7e-m/fpv4-sp/hard\libm.a
END GROUP
START GROUP
LOAD c:/st/stm32cubeide_1.1.0/stm32cubeide/plugins/com.st.stm32cube.ide.mcu.externaltools.gnu-tools-for-stm32.7-2018-q2-update.win32_1.0.0.201904181610/tools/bin/../lib/gcc/arm-none-eabi/7.3.1/thumb/v7e-m/fpv4-sp/hard\libgcc.a
LOAD c:/st/stm32cubeide_1.1.0/stm32cubeide/plugins/com.st.stm32cube.ide.mcu.externaltools.gnu-tools-for-stm32.7-2018-q2-update.win32_1.0.0.201904181610/tools/bin/../lib/gcc/arm-none-eabi/7.3.1/../../../../arm-none-eabi/lib/thumb/v7e-m/fpv4-sp/hard\libc_nano.a
END GROUP
START GROUP
LOAD c:/st/stm32cubeide_1.1.0/stm32cubeide/plugins/com.st.stm32cube.ide.mcu.externaltools.gnu-tools-for-stm32.7-2018-q2-update.win32_1.0.0.201904181610/tools/bin/../lib/gcc/arm-none-eabi/7.3.1/thumb/v7e-m/fpv4-sp/hard\libgcc.a
LOAD c:/st/stm32cubeide_1.1.0/stm32cubeide/plugins/com.st.stm32cube.ide.mcu.externaltools.gnu-tools-for-stm32.7-2018-q2-update.win32_1.0.0.201904181610/tools/bin/../lib/gcc/arm-none-eabi/7.3.1/../../../../arm-none-eabi/lib/thumb/v7e-m/fpv4-sp/hard\libc_nano.a
LOAD c:/st/stm32cubeide_1.1.0/stm32cubeide/plugins/com.st.stm32cube.ide.mcu.externaltools.gnu-tools-for-stm32.7-2018-q2-update.win32_1.0.0.201904181610/tools/bin/../lib/gcc/arm-none-eabi/7.3.1/../../../../arm-none-eabi/lib/thumb/v7e-m/fpv4-sp/hard\libnosys.a
END GROUP
START GROUP
LOAD c:/st/stm32cubeide_1.1.0/stm32cubeide/plugins/com.st.stm32cube.ide.mcu.externaltools.gnu-tools-for-stm32.7-2018-q2-update.win32_1.0.0.201904181610/tools/bin/../lib/gcc/arm-none-eabi/7.3.1/thumb/v7e-m/fpv4-sp/hard\libgcc.a
LOAD c:/st/stm32cubeide_1.1.0/stm32cubeide/plugins/com.st.stm32cube.ide.mcu.externaltools.gnu-tools-for-stm32.7-2018-q2-update.win32_1.0.0.201904181610/tools/bin/../lib/gcc/arm-none-eabi/7.3.1/../../../../arm-none-eabi/lib/thumb/v7e-m/fpv4-sp/hard\libc_nano.a
LOAD c:/st/stm32cubeide_1.1.0/stm32cubeide/plugins/com.st.stm32cube.ide.mcu.externaltools.gnu-tools-for-stm32.7-2018-q2-update.win32_1.0.0.201904181610/tools/bin/../lib/gcc/arm-none-eabi/7.3.1/../../../../arm-none-eabi/lib/thumb/v7e-m/fpv4-sp/hard\libnosys.a
END GROUP
LOAD c:/st/stm32cubeide_1.1.0/stm32cubeide/plugins/com.st.stm32cube.ide.mcu.externaltools.gnu-tools-for-stm32.7-2018-q2-update.win32_1.0.0.201904181610/tools/bin/../lib/gcc/arm-none-eabi/7.3.1/thumb/v7e-m/fpv4-sp/hard/crtend.o
LOAD c:/st/stm32cubeide_1.1.0/stm32cubeide/plugins/com.st.stm32cube.ide.mcu.externaltools.gnu-tools-for-stm32.7-2018-q2-update.win32_1.0.0.201904181610/tools/bin/../lib/gcc/arm-none-eabi/7.3.1/thumb/v7e-m/fpv4-sp/hard/crtn.o
                0x0000000020020000                _estack = (ORIGIN (RAM) + LENGTH (RAM))
                0x0000000000000200                _Min_Heap_Size = 0x200
                0x0000000000000400                _Min_Stack_Size = 0x400

.isr_vector     0x0000000008000000      0x1c4
                0x0000000008000000                . = ALIGN (0x4)
 *(.isr_vector)
 .isr_vector    0x0000000008000000      0x1c4 Core/Startup/startup_stm32f446retx.o
                0x0000000008000000                g_pfnVectors
                0x00000000080001c4                . = ALIGN (0x4)

.text           0x00000000080001d0     0x4420
                0x00000000080001d0                . = ALIGN (0x4)
 *(.text)
 .text          0x00000000080001d0       0x40 c:/st/stm32cubeide_1.1.0/stm32cubeide/plugins/com.st.stm32cube.ide.mcu.externaltools.gnu-tools-for-stm32.7-2018-q2-update.win32_1.0.0.201904181610/tools/bin/../lib/gcc/arm-none-eabi/7.3.1/thumb/v7e-m/fpv4-sp/hard/crtbegin.o
 .text          0x0000000008000210       0x10 c:/st/stm32cubeide_1.1.0/stm32cubeide/plugins/com.st.stm32cube.ide.mcu.externaltools.gnu-tools-for-stm32.7-2018-q2-update.win32_1.0.0.201904181610/tools/bin/../lib/gcc/arm-none-eabi/7.3.1/../../../../arm-none-eabi/lib/thumb/v7e-m/fpv4-sp/hard\libc_nano.a(lib_a-strlen.o)
                0x0000000008000210                strlen
 .text          0x0000000008000220       0xa0 c:/st/stm32cubeide_1.1.0/stm32cubeide/plugins/com.st.stm32cube.ide.mcu.externaltools.gnu-tools-for-stm32.7-2018-q2-update.win32_1.0.0.201904181610/tools/bin/../lib/gcc/arm-none-eabi/7.3.1/../../../../arm-none-eabi/lib/thumb/v7e-m/fpv4-sp/hard\libc_nano.a(lib_a-memchr.o)
                0x0000000008000220                memchr
 .text          0x00000000080002c0       0x30 c:/st/stm32cubeide_1.1.0/stm32cubeide/plugins/com.st.stm32cube.ide.mcu.externaltools.gnu-tools-for-stm32.7-2018-q2-update.win32_1.0.0.201904181610/tools/bin/../lib/gcc/arm-none-eabi/7.3.1/thumb/v7e-m/fpv4-sp/hard\libgcc.a(_aeabi_uldivmod.o)
                0x00000000080002c0                __aeabi_uldivmod
 .text          0x00000000080002f0      0x2cc c:/st/stm32cubeide_1.1.0/stm32cubeide/plugins/com.st.stm32cube.ide.mcu.externaltools.gnu-tools-for-stm32.7-2018-q2-update.win32_1.0.0.201904181610/tools/bin/../lib/gcc/arm-none-eabi/7.3.1/thumb/v7e-m/fpv4-sp/hard\libgcc.a(_udivmoddi4.o)
                0x00000000080002f0                __udivmoddi4
 .text          0x00000000080005bc        0x4 c:/st/stm32cubeide_1.1.0/stm32cubeide/plugins/com.st.stm32cube.ide.mcu.externaltools.gnu-tools-for-stm32.7-2018-q2-update.win32_1.0.0.201904181610/tools/bin/../lib/gcc/arm-none-eabi/7.3.1/thumb/v7e-m/fpv4-sp/hard\libgcc.a(_dvmd_tls.o)
                0x00000000080005bc                __aeabi_idiv0
                0x00000000080005bc                __aeabi_ldiv0
 *(.text*)
 .text.cm_init  0x00000000080005c0       0x40 Core/Src/channel_monitor.o
                0x00000000080005c0                cm_init
 .text.cm_sc_inter
                0x0000000008000600       0x34 Core/Src/channel_monitor.o
                0x0000000008000600                cm_sc_inter
 .text.cm_tim_inter
                0x0000000008000634       0x58 Core/Src/channel_monitor.o
                0x0000000008000634                cm_tim_inter
 .text.cm_get_state
                0x000000000800068c       0x40 Core/Src/channel_monitor.o
                0x000000000800068c                cm_get_state
 .text.gen_crc  0x00000000080006cc       0x84 Core/Src/crc.o
                0x00000000080006cc                gen_crc
 .text.main     0x0000000008000750      0x1bc Core/Src/main.o
                0x0000000008000750                main
 .text.SystemClock_Config
                0x000000000800090c       0xc0 Core/Src/main.o
                0x000000000800090c                SystemClock_Config
 .text.MX_TIM2_Init
                0x00000000080009cc       0x98 Core/Src/main.o
 .text.MX_TIM3_Init
                0x0000000008000a64       0x9c Core/Src/main.o
 .text.MX_TIM4_Init
                0x0000000008000b00       0x9c Core/Src/main.o
 .text.MX_USART2_UART_Init
                0x0000000008000b9c       0x54 Core/Src/main.o
 .text.MX_GPIO_Init
                0x0000000008000bf0       0xdc Core/Src/main.o
 .text.HAL_GPIO_EXTI_Callback
                0x0000000008000ccc       0x64 Core/Src/main.o
                0x0000000008000ccc                HAL_GPIO_EXTI_Callback
 .text.HAL_TIM_PeriodElapsedCallback
                0x0000000008000d30       0x9c Core/Src/main.o
                0x0000000008000d30                HAL_TIM_PeriodElapsedCallback
 .text.UART_Receive
                0x0000000008000dcc      0x1b4 Core/Src/main.o
                0x0000000008000dcc                UART_Receive
 .text.GPIO_Set_Lights
                0x0000000008000f80       0x78 Core/Src/main.o
                0x0000000008000f80                GPIO_Set_Lights
 .text.Error_Handler
                0x0000000008000ff8        0xe Core/Src/main.o
                0x0000000008000ff8                Error_Handler
 *fill*         0x0000000008001006        0x2 
 .text.rc_init  0x0000000008001008       0x44 Core/Src/receive.o
                0x0000000008001008                rc_init
 .text.rc_receive
                0x000000000800104c      0x138 Core/Src/receive.o
                0x000000000800104c                rc_receive
 .text.rc_timeout
                0x0000000008001184       0x68 Core/Src/receive.o
                0x0000000008001184                rc_timeout
 .text.rc_store
                0x00000000080011ec      0x134 Core/Src/receive.o
                0x00000000080011ec                rc_store
 .text.rc_send  0x0000000008001320      0x138 Core/Src/receive.o
                0x0000000008001320                rc_send
 .text.rc_reset
                0x0000000008001458       0x60 Core/Src/receive.o
                0x0000000008001458                rc_reset
 .text.HAL_MspInit
                0x00000000080014b8       0x50 Core/Src/stm32f4xx_hal_msp.o
                0x00000000080014b8                HAL_MspInit
 .text.HAL_TIM_Base_MspInit
                0x0000000008001508       0xc4 Core/Src/stm32f4xx_hal_msp.o
                0x0000000008001508                HAL_TIM_Base_MspInit
 .text.HAL_UART_MspInit
                0x00000000080015cc       0x90 Core/Src/stm32f4xx_hal_msp.o
                0x00000000080015cc                HAL_UART_MspInit
 .text.NMI_Handler
                0x000000000800165c        0xe Core/Src/stm32f4xx_it.o
                0x000000000800165c                NMI_Handler
 .text.HardFault_Handler
                0x000000000800166a        0x6 Core/Src/stm32f4xx_it.o
                0x000000000800166a                HardFault_Handler
 .text.MemManage_Handler
                0x0000000008001670        0x6 Core/Src/stm32f4xx_it.o
                0x0000000008001670                MemManage_Handler
 .text.BusFault_Handler
                0x0000000008001676        0x6 Core/Src/stm32f4xx_it.o
                0x0000000008001676                BusFault_Handler
 .text.UsageFault_Handler
                0x000000000800167c        0x6 Core/Src/stm32f4xx_it.o
                0x000000000800167c                UsageFault_Handler
 .text.SVC_Handler
                0x0000000008001682        0xe Core/Src/stm32f4xx_it.o
                0x0000000008001682                SVC_Handler
 .text.DebugMon_Handler
                0x0000000008001690        0xe Core/Src/stm32f4xx_it.o
                0x0000000008001690                DebugMon_Handler
 .text.PendSV_Handler
                0x000000000800169e        0xe Core/Src/stm32f4xx_it.o
                0x000000000800169e                PendSV_Handler
 .text.SysTick_Handler
                0x00000000080016ac        0xc Core/Src/stm32f4xx_it.o
                0x00000000080016ac                SysTick_Handler
 .text.EXTI2_IRQHandler
                0x00000000080016b8        0xe Core/Src/stm32f4xx_it.o
                0x00000000080016b8                EXTI2_IRQHandler
 *fill*         0x00000000080016c6        0x2 
 .text.TIM2_IRQHandler
                0x00000000080016c8       0x14 Core/Src/stm32f4xx_it.o
                0x00000000080016c8                TIM2_IRQHandler
 .text.TIM3_IRQHandler
                0x00000000080016dc       0x14 Core/Src/stm32f4xx_it.o
                0x00000000080016dc                TIM3_IRQHandler
 .text.TIM4_IRQHandler
                0x00000000080016f0       0x14 Core/Src/stm32f4xx_it.o
                0x00000000080016f0                TIM4_IRQHandler
 .text._sbrk    0x0000000008001704       0x58 Core/Src/sysmem.o
                0x0000000008001704                _sbrk
 .text.SystemInit
                0x000000000800175c       0x6c Core/Src/system_stm32f4xx.o
                0x000000000800175c                SystemInit
 .text.tm_init  0x00000000080017c8       0x94 Core/Src/transmit.o
                0x00000000080017c8                tm_init
 .text.tm_next_byte
                0x000000000800185c      0x11c Core/Src/transmit.o
                0x000000000800185c                tm_next_byte
 .text.tm_send  0x0000000008001978       0x88 Core/Src/transmit.o
                0x0000000008001978                tm_send
 .text.tm_calc_next
                0x0000000008001a00       0xd4 Core/Src/transmit.o
                0x0000000008001a00                tm_calc_next
 .text.tm_change_pin
                0x0000000008001ad4       0x2c Core/Src/transmit.o
                0x0000000008001ad4                tm_change_pin
 .text.Reset_Handler
                0x0000000008001b00       0x50 Core/Startup/startup_stm32f446retx.o
                0x0000000008001b00                Reset_Handler
 .text.Default_Handler
                0x0000000008001b50        0x2 Core/Startup/startup_stm32f446retx.o
                0x0000000008001b50                RTC_Alarm_IRQHandler
                0x0000000008001b50                TIM8_CC_IRQHandler
                0x0000000008001b50                FMPI2C1_EV_IRQHandler
                0x0000000008001b50                SPI4_IRQHandler
                0x0000000008001b50                TIM1_CC_IRQHandler
                0x0000000008001b50                DMA2_Stream5_IRQHandler
                0x0000000008001b50                DMA1_Stream5_IRQHandler
                0x0000000008001b50                PVD_IRQHandler
                0x0000000008001b50                SDIO_IRQHandler
                0x0000000008001b50                TAMP_STAMP_IRQHandler
                0x0000000008001b50                CAN2_RX1_IRQHandler
                0x0000000008001b50                EXTI3_IRQHandler
                0x0000000008001b50                TIM8_TRG_COM_TIM14_IRQHandler
                0x0000000008001b50                TIM1_UP_TIM10_IRQHandler
                0x0000000008001b50                TIM8_UP_TIM13_IRQHandler
                0x0000000008001b50                I2C3_ER_IRQHandler
                0x0000000008001b50                EXTI0_IRQHandler
                0x0000000008001b50                I2C2_EV_IRQHandler
                0x0000000008001b50                DMA1_Stream2_IRQHandler
                0x0000000008001b50                CAN1_RX0_IRQHandler
                0x0000000008001b50                FPU_IRQHandler
                0x0000000008001b50                OTG_HS_WKUP_IRQHandler
                0x0000000008001b50                CAN2_SCE_IRQHandler
                0x0000000008001b50                DMA2_Stream2_IRQHandler
                0x0000000008001b50                SPI1_IRQHandler
                0x0000000008001b50                TIM6_DAC_IRQHandler
                0x0000000008001b50                TIM1_BRK_TIM9_IRQHandler
                0x0000000008001b50                DCMI_IRQHandler
                0x0000000008001b50                CAN2_RX0_IRQHandler
                0x0000000008001b50                DMA2_Stream3_IRQHandler
                0x0000000008001b50                SAI2_IRQHandler
                0x0000000008001b50                USART6_IRQHandler
                0x0000000008001b50                USART3_IRQHandler
                0x0000000008001b50                CAN1_RX1_IRQHandler
                0x0000000008001b50                UART5_IRQHandler
                0x0000000008001b50                DMA2_Stream0_IRQHandler
                0x0000000008001b50                QUADSPI_IRQHandler
                0x0000000008001b50                I2C1_EV_IRQHandler
                0x0000000008001b50                DMA1_Stream6_IRQHandler
                0x0000000008001b50                DMA1_Stream1_IRQHandler
                0x0000000008001b50                UART4_IRQHandler
                0x0000000008001b50                RCC_IRQHandler
                0x0000000008001b50                TIM8_BRK_TIM12_IRQHandler
                0x0000000008001b50                Default_Handler
                0x0000000008001b50                CEC_IRQHandler
                0x0000000008001b50                EXTI15_10_IRQHandler
                0x0000000008001b50                ADC_IRQHandler
                0x0000000008001b50                DMA1_Stream7_IRQHandler
                0x0000000008001b50                TIM7_IRQHandler
                0x0000000008001b50                CAN2_TX_IRQHandler
                0x0000000008001b50                TIM5_IRQHandler
                0x0000000008001b50                DMA2_Stream7_IRQHandler
                0x0000000008001b50                I2C3_EV_IRQHandler
                0x0000000008001b50                EXTI9_5_IRQHandler
                0x0000000008001b50                RTC_WKUP_IRQHandler
                0x0000000008001b50                SPDIF_RX_IRQHandler
                0x0000000008001b50                SPI2_IRQHandler
                0x0000000008001b50                OTG_HS_EP1_IN_IRQHandler
                0x0000000008001b50                DMA1_Stream0_IRQHandler
                0x0000000008001b50                CAN1_TX_IRQHandler
                0x0000000008001b50                FMPI2C1_ER_IRQHandler
                0x0000000008001b50                EXTI4_IRQHandler
                0x0000000008001b50                OTG_HS_EP1_OUT_IRQHandler
                0x0000000008001b50                WWDG_IRQHandler
                0x0000000008001b50                OTG_FS_WKUP_IRQHandler
                0x0000000008001b50                TIM1_TRG_COM_TIM11_IRQHandler
                0x0000000008001b50                OTG_HS_IRQHandler
                0x0000000008001b50                EXTI1_IRQHandler
                0x0000000008001b50                USART2_IRQHandler
                0x0000000008001b50                I2C2_ER_IRQHandler
                0x0000000008001b50                DMA2_Stream1_IRQHandler
                0x0000000008001b50                CAN1_SCE_IRQHandler
                0x0000000008001b50                FLASH_IRQHandler
                0x0000000008001b50                DMA2_Stream4_IRQHandler
                0x0000000008001b50                USART1_IRQHandler
                0x0000000008001b50                OTG_FS_IRQHandler
                0x0000000008001b50                SPI3_IRQHandler
                0x0000000008001b50                DMA1_Stream4_IRQHandler
                0x0000000008001b50                I2C1_ER_IRQHandler
                0x0000000008001b50                FMC_IRQHandler
                0x0000000008001b50                DMA2_Stream6_IRQHandler
                0x0000000008001b50                SAI1_IRQHandler
                0x0000000008001b50                DMA1_Stream3_IRQHandler
 *fill*         0x0000000008001b52        0x2 
 .text.HAL_Init
                0x0000000008001b54       0x44 Drivers/STM32F4xx_HAL_Driver/Src/stm32f4xx_hal.o
                0x0000000008001b54                HAL_Init
 .text.HAL_InitTick
                0x0000000008001b98       0x60 Drivers/STM32F4xx_HAL_Driver/Src/stm32f4xx_hal.o
                0x0000000008001b98                HAL_InitTick
 .text.HAL_IncTick
                0x0000000008001bf8       0x28 Drivers/STM32F4xx_HAL_Driver/Src/stm32f4xx_hal.o
                0x0000000008001bf8                HAL_IncTick
 .text.HAL_GetTick
                0x0000000008001c20       0x18 Drivers/STM32F4xx_HAL_Driver/Src/stm32f4xx_hal.o
                0x0000000008001c20                HAL_GetTick
 .text.__NVIC_SetPriorityGrouping
                0x0000000008001c38       0x48 Drivers/STM32F4xx_HAL_Driver/Src/stm32f4xx_hal_cortex.o
 .text.__NVIC_GetPriorityGrouping
                0x0000000008001c80       0x1c Drivers/STM32F4xx_HAL_Driver/Src/stm32f4xx_hal_cortex.o
 .text.__NVIC_EnableIRQ
                0x0000000008001c9c       0x3c Drivers/STM32F4xx_HAL_Driver/Src/stm32f4xx_hal_cortex.o
 .text.__NVIC_SetPriority
                0x0000000008001cd8       0x54 Drivers/STM32F4xx_HAL_Driver/Src/stm32f4xx_hal_cortex.o
 .text.NVIC_EncodePriority
                0x0000000008001d2c       0x66 Drivers/STM32F4xx_HAL_Driver/Src/stm32f4xx_hal_cortex.o
 *fill*         0x0000000008001d92        0x2 
 .text.SysTick_Config
                0x0000000008001d94       0x44 Drivers/STM32F4xx_HAL_Driver/Src/stm32f4xx_hal_cortex.o
 .text.HAL_NVIC_SetPriorityGrouping
                0x0000000008001dd8       0x16 Drivers/STM32F4xx_HAL_Driver/Src/stm32f4xx_hal_cortex.o
                0x0000000008001dd8                HAL_NVIC_SetPriorityGrouping
 .text.HAL_NVIC_SetPriority
                0x0000000008001dee       0x38 Drivers/STM32F4xx_HAL_Driver/Src/stm32f4xx_hal_cortex.o
                0x0000000008001dee                HAL_NVIC_SetPriority
 .text.HAL_NVIC_EnableIRQ
                0x0000000008001e26       0x1c Drivers/STM32F4xx_HAL_Driver/Src/stm32f4xx_hal_cortex.o
                0x0000000008001e26                HAL_NVIC_EnableIRQ
 .text.HAL_SYSTICK_Config
                0x0000000008001e42       0x18 Drivers/STM32F4xx_HAL_Driver/Src/stm32f4xx_hal_cortex.o
                0x0000000008001e42                HAL_SYSTICK_Config
 *fill*         0x0000000008001e5a        0x2 
 .text.HAL_GPIO_Init
                0x0000000008001e5c      0x324 Drivers/STM32F4xx_HAL_Driver/Src/stm32f4xx_hal_gpio.o
                0x0000000008001e5c                HAL_GPIO_Init
 .text.HAL_GPIO_ReadPin
                0x0000000008002180       0x30 Drivers/STM32F4xx_HAL_Driver/Src/stm32f4xx_hal_gpio.o
                0x0000000008002180                HAL_GPIO_ReadPin
 .text.HAL_GPIO_WritePin
                0x00000000080021b0       0x32 Drivers/STM32F4xx_HAL_Driver/Src/stm32f4xx_hal_gpio.o
                0x00000000080021b0                HAL_GPIO_WritePin
 *fill*         0x00000000080021e2        0x2 
 .text.HAL_GPIO_EXTI_IRQHandler
                0x00000000080021e4       0x30 Drivers/STM32F4xx_HAL_Driver/Src/stm32f4xx_hal_gpio.o
                0x00000000080021e4                HAL_GPIO_EXTI_IRQHandler
 .text.HAL_RCC_ClockConfig
                0x0000000008002214      0x1c4 Drivers/STM32F4xx_HAL_Driver/Src/stm32f4xx_hal_rcc.o
                0x0000000008002214                HAL_RCC_ClockConfig
 .text.HAL_RCC_GetHCLKFreq
                0x00000000080023d8       0x18 Drivers/STM32F4xx_HAL_Driver/Src/stm32f4xx_hal_rcc.o
                0x00000000080023d8                HAL_RCC_GetHCLKFreq
 .text.HAL_RCC_GetPCLK1Freq
                0x00000000080023f0       0x28 Drivers/STM32F4xx_HAL_Driver/Src/stm32f4xx_hal_rcc.o
                0x00000000080023f0                HAL_RCC_GetPCLK1Freq
 .text.HAL_RCC_GetPCLK2Freq
                0x0000000008002418       0x28 Drivers/STM32F4xx_HAL_Driver/Src/stm32f4xx_hal_rcc.o
                0x0000000008002418                HAL_RCC_GetPCLK2Freq
 .text.HAL_RCC_GetSysClockFreq
                0x0000000008002440      0x2a4 Drivers/STM32F4xx_HAL_Driver/Src/stm32f4xx_hal_rcc_ex.o
                0x0000000008002440                HAL_RCC_GetSysClockFreq
 .text.HAL_RCC_OscConfig
                0x00000000080026e4      0x4b4 Drivers/STM32F4xx_HAL_Driver/Src/stm32f4xx_hal_rcc_ex.o
                0x00000000080026e4                HAL_RCC_OscConfig
 .text.HAL_TIM_Base_Init
                0x0000000008002b98       0x56 Drivers/STM32F4xx_HAL_Driver/Src/stm32f4xx_hal_tim.o
                0x0000000008002b98                HAL_TIM_Base_Init
 .text.HAL_TIM_Base_Start_IT
                0x0000000008002bee       0x48 Drivers/STM32F4xx_HAL_Driver/Src/stm32f4xx_hal_tim.o
                0x0000000008002bee                HAL_TIM_Base_Start_IT
 .text.HAL_TIM_Base_Stop_IT
                0x0000000008002c36       0x56 Drivers/STM32F4xx_HAL_Driver/Src/stm32f4xx_hal_tim.o
                0x0000000008002c36                HAL_TIM_Base_Stop_IT
 .text.HAL_TIM_IRQHandler
                0x0000000008002c8c      0x210 Drivers/STM32F4xx_HAL_Driver/Src/stm32f4xx_hal_tim.o
                0x0000000008002c8c                HAL_TIM_IRQHandler
 .text.HAL_TIM_ConfigClockSource
                0x0000000008002e9c      0x16e Drivers/STM32F4xx_HAL_Driver/Src/stm32f4xx_hal_tim.o
                0x0000000008002e9c                HAL_TIM_ConfigClockSource
 .text.HAL_TIM_OC_DelayElapsedCallback
                0x000000000800300a       0x14 Drivers/STM32F4xx_HAL_Driver/Src/stm32f4xx_hal_tim.o
                0x000000000800300a                HAL_TIM_OC_DelayElapsedCallback
 .text.HAL_TIM_IC_CaptureCallback
                0x000000000800301e       0x14 Drivers/STM32F4xx_HAL_Driver/Src/stm32f4xx_hal_tim.o
                0x000000000800301e                HAL_TIM_IC_CaptureCallback
 .text.HAL_TIM_PWM_PulseFinishedCallback
                0x0000000008003032       0x14 Drivers/STM32F4xx_HAL_Driver/Src/stm32f4xx_hal_tim.o
                0x0000000008003032                HAL_TIM_PWM_PulseFinishedCallback
 .text.HAL_TIM_TriggerCallback
                0x0000000008003046       0x14 Drivers/STM32F4xx_HAL_Driver/Src/stm32f4xx_hal_tim.o
                0x0000000008003046                HAL_TIM_TriggerCallback
 *fill*         0x000000000800305a        0x2 
 .text.TIM_Base_SetConfig
                0x000000000800305c      0x140 Drivers/STM32F4xx_HAL_Driver/Src/stm32f4xx_hal_tim.o
                0x000000000800305c                TIM_Base_SetConfig
 .text.TIM_TI1_ConfigInputStage
                0x000000000800319c       0x5e Drivers/STM32F4xx_HAL_Driver/Src/stm32f4xx_hal_tim.o
 .text.TIM_TI2_ConfigInputStage
                0x00000000080031fa       0x60 Drivers/STM32F4xx_HAL_Driver/Src/stm32f4xx_hal_tim.o
 .text.TIM_ITRx_SetConfig
                0x000000000800325a       0x36 Drivers/STM32F4xx_HAL_Driver/Src/stm32f4xx_hal_tim.o
 .text.TIM_ETR_SetConfig
                0x0000000008003290       0x40 Drivers/STM32F4xx_HAL_Driver/Src/stm32f4xx_hal_tim.o
                0x0000000008003290                TIM_ETR_SetConfig
 .text.HAL_TIMEx_MasterConfigSynchronization
                0x00000000080032d0       0x8a Drivers/STM32F4xx_HAL_Driver/Src/stm32f4xx_hal_tim_ex.o
                0x00000000080032d0                HAL_TIMEx_MasterConfigSynchronization
 .text.HAL_TIMEx_CommutCallback
                0x000000000800335a       0x14 Drivers/STM32F4xx_HAL_Driver/Src/stm32f4xx_hal_tim_ex.o
                0x000000000800335a                HAL_TIMEx_CommutCallback
 .text.HAL_TIMEx_BreakCallback
                0x000000000800336e       0x14 Drivers/STM32F4xx_HAL_Driver/Src/stm32f4xx_hal_tim_ex.o
                0x000000000800336e                HAL_TIMEx_BreakCallback
 .text.HAL_UART_Init
                0x0000000008003382       0x9a Drivers/STM32F4xx_HAL_Driver/Src/stm32f4xx_hal_uart.o
                0x0000000008003382                HAL_UART_Init
 .text.HAL_UART_Transmit
                0x000000000800341c      0x132 Drivers/STM32F4xx_HAL_Driver/Src/stm32f4xx_hal_uart.o
                0x000000000800341c                HAL_UART_Transmit
 .text.HAL_UART_Receive
                0x000000000800354e      0x14c Drivers/STM32F4xx_HAL_Driver/Src/stm32f4xx_hal_uart.o
                0x000000000800354e                HAL_UART_Receive
 .text.UART_WaitOnFlagUntilTimeout
                0x000000000800369a       0x94 Drivers/STM32F4xx_HAL_Driver/Src/stm32f4xx_hal_uart.o
 *fill*         0x000000000800372e        0x2 
 .text.UART_SetConfig
                0x0000000008003730      0x414 Drivers/STM32F4xx_HAL_Driver/Src/stm32f4xx_hal_uart.o
 .text.__errno  0x0000000008003b44        0xc c:/st/stm32cubeide_1.1.0/stm32cubeide/plugins/com.st.stm32cube.ide.mcu.externaltools.gnu-tools-for-stm32.7-2018-q2-update.win32_1.0.0.201904181610/tools/bin/../lib/gcc/arm-none-eabi/7.3.1/../../../../arm-none-eabi/lib/thumb/v7e-m/fpv4-sp/hard\libc_nano.a(lib_a-errno.o)
                0x0000000008003b44                __errno
 .text.__libc_init_array
                0x0000000008003b50       0x48 c:/st/stm32cubeide_1.1.0/stm32cubeide/plugins/com.st.stm32cube.ide.mcu.externaltools.gnu-tools-for-stm32.7-2018-q2-update.win32_1.0.0.201904181610/tools/bin/../lib/gcc/arm-none-eabi/7.3.1/../../../../arm-none-eabi/lib/thumb/v7e-m/fpv4-sp/hard\libc_nano.a(lib_a-init.o)
                0x0000000008003b50                __libc_init_array
 .text.memset   0x0000000008003b98       0x10 c:/st/stm32cubeide_1.1.0/stm32cubeide/plugins/com.st.stm32cube.ide.mcu.externaltools.gnu-tools-for-stm32.7-2018-q2-update.win32_1.0.0.201904181610/tools/bin/../lib/gcc/arm-none-eabi/7.3.1/../../../../arm-none-eabi/lib/thumb/v7e-m/fpv4-sp/hard\libc_nano.a(lib_a-memset.o)
                0x0000000008003b98                memset
 .text.sprintf  0x0000000008003ba8       0x40 c:/st/stm32cubeide_1.1.0/stm32cubeide/plugins/com.st.stm32cube.ide.mcu.externaltools.gnu-tools-for-stm32.7-2018-q2-update.win32_1.0.0.201904181610/tools/bin/../lib/gcc/arm-none-eabi/7.3.1/../../../../arm-none-eabi/lib/thumb/v7e-m/fpv4-sp/hard\libc_nano.a(lib_a-sprintf.o)
                0x0000000008003ba8                siprintf
                0x0000000008003ba8                sprintf
 .text.strtok   0x0000000008003be8       0x54 c:/st/stm32cubeide_1.1.0/stm32cubeide/plugins/com.st.stm32cube.ide.mcu.externaltools.gnu-tools-for-stm32.7-2018-q2-update.win32_1.0.0.201904181610/tools/bin/../lib/gcc/arm-none-eabi/7.3.1/../../../../arm-none-eabi/lib/thumb/v7e-m/fpv4-sp/hard\libc_nano.a(lib_a-strtok.o)
                0x0000000008003be8                strtok
 .text.__strtok_r
                0x0000000008003c3c       0x54 c:/st/stm32cubeide_1.1.0/stm32cubeide/plugins/com.st.stm32cube.ide.mcu.externaltools.gnu-tools-for-stm32.7-2018-q2-update.win32_1.0.0.201904181610/tools/bin/../lib/gcc/arm-none-eabi/7.3.1/../../../../arm-none-eabi/lib/thumb/v7e-m/fpv4-sp/hard\libc_nano.a(lib_a-strtok_r.o)
                0x0000000008003c3c                __strtok_r
 .text._strtol_l.isra.0
                0x0000000008003c90       0xf6 c:/st/stm32cubeide_1.1.0/stm32cubeide/plugins/com.st.stm32cube.ide.mcu.externaltools.gnu-tools-for-stm32.7-2018-q2-update.win32_1.0.0.201904181610/tools/bin/../lib/gcc/arm-none-eabi/7.3.1/../../../../arm-none-eabi/lib/thumb/v7e-m/fpv4-sp/hard\libc_nano.a(lib_a-strtol.o)
 *fill*         0x0000000008003d86        0x2 
 .text.strtol   0x0000000008003d88       0x2c c:/st/stm32cubeide_1.1.0/stm32cubeide/plugins/com.st.stm32cube.ide.mcu.externaltools.gnu-tools-for-stm32.7-2018-q2-update.win32_1.0.0.201904181610/tools/bin/../lib/gcc/arm-none-eabi/7.3.1/../../../../arm-none-eabi/lib/thumb/v7e-m/fpv4-sp/hard\libc_nano.a(lib_a-strtol.o)
                0x0000000008003d88                strtol
 .text.__locale_ctype_ptr_l
                0x0000000008003db4        0x6 c:/st/stm32cubeide_1.1.0/stm32cubeide/plugins/com.st.stm32cube.ide.mcu.externaltools.gnu-tools-for-stm32.7-2018-q2-update.win32_1.0.0.201904181610/tools/bin/../lib/gcc/arm-none-eabi/7.3.1/../../../../arm-none-eabi/lib/thumb/v7e-m/fpv4-sp/hard\libc_nano.a(lib_a-locale.o)
                0x0000000008003db4                __locale_ctype_ptr_l
 *fill*         0x0000000008003dba        0x2 
 .text.malloc   0x0000000008003dbc       0x10 c:/st/stm32cubeide_1.1.0/stm32cubeide/plugins/com.st.stm32cube.ide.mcu.externaltools.gnu-tools-for-stm32.7-2018-q2-update.win32_1.0.0.201904181610/tools/bin/../lib/gcc/arm-none-eabi/7.3.1/../../../../arm-none-eabi/lib/thumb/v7e-m/fpv4-sp/hard\libc_nano.a(lib_a-malloc.o)
                0x0000000008003dbc                malloc
 .text.__ascii_mbtowc
                0x0000000008003dcc       0x24 c:/st/stm32cubeide_1.1.0/stm32cubeide/plugins/com.st.stm32cube.ide.mcu.externaltools.gnu-tools-for-stm32.7-2018-q2-update.win32_1.0.0.201904181610/tools/bin/../lib/gcc/arm-none-eabi/7.3.1/../../../../arm-none-eabi/lib/thumb/v7e-m/fpv4-sp/hard\libc_nano.a(lib_a-mbtowc_r.o)
                0x0000000008003dcc                __ascii_mbtowc
 .text._free_r  0x0000000008003df0       0x9c c:/st/stm32cubeide_1.1.0/stm32cubeide/plugins/com.st.stm32cube.ide.mcu.externaltools.gnu-tools-for-stm32.7-2018-q2-update.win32_1.0.0.201904181610/tools/bin/../lib/gcc/arm-none-eabi/7.3.1/../../../../arm-none-eabi/lib/thumb/v7e-m/fpv4-sp/hard\libc_nano.a(lib_a-nano-freer.o)
                0x0000000008003df0                _free_r
 .text._malloc_r
                0x0000000008003e8c       0xb4 c:/st/stm32cubeide_1.1.0/stm32cubeide/plugins/com.st.stm32cube.ide.mcu.externaltools.gnu-tools-for-stm32.7-2018-q2-update.win32_1.0.0.201904181610/tools/bin/../lib/gcc/arm-none-eabi/7.3.1/../../../../arm-none-eabi/lib/thumb/v7e-m/fpv4-sp/hard\libc_nano.a(lib_a-nano-mallocr.o)
                0x0000000008003e8c                _malloc_r
 .text.__ssputs_r
                0x0000000008003f40       0xb4 c:/st/stm32cubeide_1.1.0/stm32cubeide/plugins/com.st.stm32cube.ide.mcu.externaltools.gnu-tools-for-stm32.7-2018-q2-update.win32_1.0.0.201904181610/tools/bin/../lib/gcc/arm-none-eabi/7.3.1/../../../../arm-none-eabi/lib/thumb/v7e-m/fpv4-sp/hard\libc_nano.a(lib_a-nano-svfprintf.o)
                0x0000000008003f40                __ssputs_r
 .text._svfprintf_r
                0x0000000008003ff4      0x1f0 c:/st/stm32cubeide_1.1.0/stm32cubeide/plugins/com.st.stm32cube.ide.mcu.externaltools.gnu-tools-for-stm32.7-2018-q2-update.win32_1.0.0.201904181610/tools/bin/../lib/gcc/arm-none-eabi/7.3.1/../../../../arm-none-eabi/lib/thumb/v7e-m/fpv4-sp/hard\libc_nano.a(lib_a-nano-svfprintf.o)
                0x0000000008003ff4                _svfiprintf_r
                0x0000000008003ff4                _svfprintf_r
 .text._printf_common
                0x00000000080041e4       0xea c:/st/stm32cubeide_1.1.0/stm32cubeide/plugins/com.st.stm32cube.ide.mcu.externaltools.gnu-tools-for-stm32.7-2018-q2-update.win32_1.0.0.201904181610/tools/bin/../lib/gcc/arm-none-eabi/7.3.1/../../../../arm-none-eabi/lib/thumb/v7e-m/fpv4-sp/hard\libc_nano.a(lib_a-nano-vfprintf_i.o)
                0x00000000080041e4                _printf_common
 *fill*         0x00000000080042ce        0x2 
 .text._printf_i
                0x00000000080042d0      0x224 c:/st/stm32cubeide_1.1.0/stm32cubeide/plugins/com.st.stm32cube.ide.mcu.externaltools.gnu-tools-for-stm32.7-2018-q2-update.win32_1.0.0.201904181610/tools/bin/../lib/gcc/arm-none-eabi/7.3.1/../../../../arm-none-eabi/lib/thumb/v7e-m/fpv4-sp/hard\libc_nano.a(lib_a-nano-vfprintf_i.o)
                0x00000000080042d0                _printf_i
 .text._sbrk_r  0x00000000080044f4       0x20 c:/st/stm32cubeide_1.1.0/stm32cubeide/plugins/com.st.stm32cube.ide.mcu.externaltools.gnu-tools-for-stm32.7-2018-q2-update.win32_1.0.0.201904181610/tools/bin/../lib/gcc/arm-none-eabi/7.3.1/../../../../arm-none-eabi/lib/thumb/v7e-m/fpv4-sp/hard\libc_nano.a(lib_a-sbrkr.o)
                0x00000000080044f4                _sbrk_r
 .text.__ascii_wctomb
                0x0000000008004514       0x1a c:/st/stm32cubeide_1.1.0/stm32cubeide/plugins/com.st.stm32cube.ide.mcu.externaltools.gnu-tools-for-stm32.7-2018-q2-update.win32_1.0.0.201904181610/tools/bin/../lib/gcc/arm-none-eabi/7.3.1/../../../../arm-none-eabi/lib/thumb/v7e-m/fpv4-sp/hard\libc_nano.a(lib_a-wctomb_r.o)
                0x0000000008004514                __ascii_wctomb
 .text.memcpy   0x000000000800452e       0x16 c:/st/stm32cubeide_1.1.0/stm32cubeide/plugins/com.st.stm32cube.ide.mcu.externaltools.gnu-tools-for-stm32.7-2018-q2-update.win32_1.0.0.201904181610/tools/bin/../lib/gcc/arm-none-eabi/7.3.1/../../../../arm-none-eabi/lib/thumb/v7e-m/fpv4-sp/hard\libc_nano.a(lib_a-memcpy-stub.o)
                0x000000000800452e                memcpy
 .text.memmove  0x0000000008004544       0x32 c:/st/stm32cubeide_1.1.0/stm32cubeide/plugins/com.st.stm32cube.ide.mcu.externaltools.gnu-tools-for-stm32.7-2018-q2-update.win32_1.0.0.201904181610/tools/bin/../lib/gcc/arm-none-eabi/7.3.1/../../../../arm-none-eabi/lib/thumb/v7e-m/fpv4-sp/hard\libc_nano.a(lib_a-memmove.o)
                0x0000000008004544                memmove
 .text.__malloc_lock
                0x0000000008004576        0x2 c:/st/stm32cubeide_1.1.0/stm32cubeide/plugins/com.st.stm32cube.ide.mcu.externaltools.gnu-tools-for-stm32.7-2018-q2-update.win32_1.0.0.201904181610/tools/bin/../lib/gcc/arm-none-eabi/7.3.1/../../../../arm-none-eabi/lib/thumb/v7e-m/fpv4-sp/hard\libc_nano.a(lib_a-mlock.o)
                0x0000000008004576                __malloc_lock
 .text.__malloc_unlock
                0x0000000008004578        0x2 c:/st/stm32cubeide_1.1.0/stm32cubeide/plugins/com.st.stm32cube.ide.mcu.externaltools.gnu-tools-for-stm32.7-2018-q2-update.win32_1.0.0.201904181610/tools/bin/../lib/gcc/arm-none-eabi/7.3.1/../../../../arm-none-eabi/lib/thumb/v7e-m/fpv4-sp/hard\libc_nano.a(lib_a-mlock.o)
                0x0000000008004578                __malloc_unlock
 .text._realloc_r
                0x000000000800457a       0x4c c:/st/stm32cubeide_1.1.0/stm32cubeide/plugins/com.st.stm32cube.ide.mcu.externaltools.gnu-tools-for-stm32.7-2018-q2-update.win32_1.0.0.201904181610/tools/bin/../lib/gcc/arm-none-eabi/7.3.1/../../../../arm-none-eabi/lib/thumb/v7e-m/fpv4-sp/hard\libc_nano.a(lib_a-nano-reallocr.o)
                0x000000000800457a                _realloc_r
 .text._malloc_usable_size_r
                0x00000000080045c6       0x10 c:/st/stm32cubeide_1.1.0/stm32cubeide/plugins/com.st.stm32cube.ide.mcu.externaltools.gnu-tools-for-stm32.7-2018-q2-update.win32_1.0.0.201904181610/tools/bin/../lib/gcc/arm-none-eabi/7.3.1/../../../../arm-none-eabi/lib/thumb/v7e-m/fpv4-sp/hard\libc_nano.a(lib_a-nano-msizer.o)
                0x00000000080045c6                _malloc_usable_size_r
 *(.glue_7)
 .glue_7        0x00000000080045d6        0x0 linker stubs
 *(.glue_7t)
 .glue_7t       0x00000000080045d6        0x0 linker stubs
 *(.eh_frame)
 *fill*         0x00000000080045d6        0x2 
 .eh_frame      0x00000000080045d8        0x0 c:/st/stm32cubeide_1.1.0/stm32cubeide/plugins/com.st.stm32cube.ide.mcu.externaltools.gnu-tools-for-stm32.7-2018-q2-update.win32_1.0.0.201904181610/tools/bin/../lib/gcc/arm-none-eabi/7.3.1/thumb/v7e-m/fpv4-sp/hard/crtbegin.o
 *(.init)
 .init          0x00000000080045d8        0x4 c:/st/stm32cubeide_1.1.0/stm32cubeide/plugins/com.st.stm32cube.ide.mcu.externaltools.gnu-tools-for-stm32.7-2018-q2-update.win32_1.0.0.201904181610/tools/bin/../lib/gcc/arm-none-eabi/7.3.1/thumb/v7e-m/fpv4-sp/hard/crti.o
                0x00000000080045d8                _init
 .init          0x00000000080045dc        0x8 c:/st/stm32cubeide_1.1.0/stm32cubeide/plugins/com.st.stm32cube.ide.mcu.externaltools.gnu-tools-for-stm32.7-2018-q2-update.win32_1.0.0.201904181610/tools/bin/../lib/gcc/arm-none-eabi/7.3.1/thumb/v7e-m/fpv4-sp/hard/crtn.o
 *(.fini)
 .fini          0x00000000080045e4        0x4 c:/st/stm32cubeide_1.1.0/stm32cubeide/plugins/com.st.stm32cube.ide.mcu.externaltools.gnu-tools-for-stm32.7-2018-q2-update.win32_1.0.0.201904181610/tools/bin/../lib/gcc/arm-none-eabi/7.3.1/thumb/v7e-m/fpv4-sp/hard/crti.o
                0x00000000080045e4                _fini
 .fini          0x00000000080045e8        0x8 c:/st/stm32cubeide_1.1.0/stm32cubeide/plugins/com.st.stm32cube.ide.mcu.externaltools.gnu-tools-for-stm32.7-2018-q2-update.win32_1.0.0.201904181610/tools/bin/../lib/gcc/arm-none-eabi/7.3.1/thumb/v7e-m/fpv4-sp/hard/crtn.o
                0x00000000080045f0                . = ALIGN (0x4)
                0x00000000080045f0                _etext = .

.vfp11_veneer   0x00000000080045f0        0x0
 .vfp11_veneer  0x00000000080045f0        0x0 linker stubs

.v4_bx          0x00000000080045f0        0x0
 .v4_bx         0x00000000080045f0        0x0 linker stubs

.iplt           0x00000000080045f0        0x0
 .iplt          0x00000000080045f0        0x0 c:/st/stm32cubeide_1.1.0/stm32cubeide/plugins/com.st.stm32cube.ide.mcu.externaltools.gnu-tools-for-stm32.7-2018-q2-update.win32_1.0.0.201904181610/tools/bin/../lib/gcc/arm-none-eabi/7.3.1/thumb/v7e-m/fpv4-sp/hard/crtbegin.o

.rodata         0x00000000080045f0      0x204
                0x00000000080045f0                . = ALIGN (0x4)
 *(.rodata)
 .rodata        0x00000000080045f0       0x68 Core/Src/main.o
 .rodata        0x0000000008004658       0x43 Core/Src/receive.o
 *(.rodata*)
 *fill*         0x000000000800469b        0x1 
 .rodata.AHBPrescTable
                0x000000000800469c       0x10 Core/Src/system_stm32f4xx.o
                0x000000000800469c                AHBPrescTable
 .rodata.APBPrescTable
                0x00000000080046ac        0x8 Core/Src/system_stm32f4xx.o
                0x00000000080046ac                APBPrescTable
 .rodata._setlocale_r.str1.1
                0x00000000080046b4        0x8 c:/st/stm32cubeide_1.1.0/stm32cubeide/plugins/com.st.stm32cube.ide.mcu.externaltools.gnu-tools-for-stm32.7-2018-q2-update.win32_1.0.0.201904181610/tools/bin/../lib/gcc/arm-none-eabi/7.3.1/../../../../arm-none-eabi/lib/thumb/v7e-m/fpv4-sp/hard\libc_nano.a(lib_a-locale.o)
                                          0x9 (size before relaxing)
 .rodata.str1.1
                0x00000000080046bc        0x2 c:/st/stm32cubeide_1.1.0/stm32cubeide/plugins/com.st.stm32cube.ide.mcu.externaltools.gnu-tools-for-stm32.7-2018-q2-update.win32_1.0.0.201904181610/tools/bin/../lib/gcc/arm-none-eabi/7.3.1/../../../../arm-none-eabi/lib/thumb/v7e-m/fpv4-sp/hard\libc_nano.a(lib_a-locale.o)
 .rodata._svfprintf_r.str1.1
                0x00000000080046be       0x11 c:/st/stm32cubeide_1.1.0/stm32cubeide/plugins/com.st.stm32cube.ide.mcu.externaltools.gnu-tools-for-stm32.7-2018-q2-update.win32_1.0.0.201904181610/tools/bin/../lib/gcc/arm-none-eabi/7.3.1/../../../../arm-none-eabi/lib/thumb/v7e-m/fpv4-sp/hard\libc_nano.a(lib_a-nano-svfprintf.o)
 .rodata._printf_i.str1.1
                0x00000000080046cf       0x22 c:/st/stm32cubeide_1.1.0/stm32cubeide/plugins/com.st.stm32cube.ide.mcu.externaltools.gnu-tools-for-stm32.7-2018-q2-update.win32_1.0.0.201904181610/tools/bin/../lib/gcc/arm-none-eabi/7.3.1/../../../../arm-none-eabi/lib/thumb/v7e-m/fpv4-sp/hard\libc_nano.a(lib_a-nano-vfprintf_i.o)
 .rodata._ctype_
                0x00000000080046f1      0x101 c:/st/stm32cubeide_1.1.0/stm32cubeide/plugins/com.st.stm32cube.ide.mcu.externaltools.gnu-tools-for-stm32.7-2018-q2-update.win32_1.0.0.201904181610/tools/bin/../lib/gcc/arm-none-eabi/7.3.1/../../../../arm-none-eabi/lib/thumb/v7e-m/fpv4-sp/hard\libc_nano.a(lib_a-ctype_.o)
                0x00000000080046f1                _ctype_
                0x00000000080047f4                . = ALIGN (0x4)
 *fill*         0x00000000080047f2        0x2 

.ARM.extab      0x00000000080047f4        0x0
                0x00000000080047f4                . = ALIGN (0x4)
 *(.ARM.extab* .gnu.linkonce.armextab.*)
                0x00000000080047f4                . = ALIGN (0x4)

.ARM            0x00000000080047f4        0x8
                0x00000000080047f4                . = ALIGN (0x4)
                0x00000000080047f4                __exidx_start = .
 *(.ARM.exidx*)
 .ARM.exidx     0x00000000080047f4        0x8 c:/st/stm32cubeide_1.1.0/stm32cubeide/plugins/com.st.stm32cube.ide.mcu.externaltools.gnu-tools-for-stm32.7-2018-q2-update.win32_1.0.0.201904181610/tools/bin/../lib/gcc/arm-none-eabi/7.3.1/thumb/v7e-m/fpv4-sp/hard\libgcc.a(_udivmoddi4.o)
                0x00000000080047fc                __exidx_end = .
                0x00000000080047fc                . = ALIGN (0x4)

.rel.dyn        0x00000000080047fc        0x0
 .rel.iplt      0x00000000080047fc        0x0 c:/st/stm32cubeide_1.1.0/stm32cubeide/plugins/com.st.stm32cube.ide.mcu.externaltools.gnu-tools-for-stm32.7-2018-q2-update.win32_1.0.0.201904181610/tools/bin/../lib/gcc/arm-none-eabi/7.3.1/thumb/v7e-m/fpv4-sp/hard/crtbegin.o

.preinit_array  0x00000000080047fc        0x0
                0x00000000080047fc                . = ALIGN (0x4)
                0x00000000080047fc                PROVIDE (__preinit_array_start = .)
 *(.preinit_array*)
                0x00000000080047fc                PROVIDE (__preinit_array_end = .)
                0x00000000080047fc                . = ALIGN (0x4)

.init_array     0x00000000080047fc        0x4
                0x00000000080047fc                . = ALIGN (0x4)
                0x00000000080047fc                PROVIDE (__init_array_start = .)
 *(SORT_BY_NAME(.init_array.*))
 *(.init_array*)
 .init_array    0x00000000080047fc        0x4 c:/st/stm32cubeide_1.1.0/stm32cubeide/plugins/com.st.stm32cube.ide.mcu.externaltools.gnu-tools-for-stm32.7-2018-q2-update.win32_1.0.0.201904181610/tools/bin/../lib/gcc/arm-none-eabi/7.3.1/thumb/v7e-m/fpv4-sp/hard/crtbegin.o
                0x0000000008004800                PROVIDE (__init_array_end = .)
                0x0000000008004800                . = ALIGN (0x4)

.fini_array     0x0000000008004800        0x4
                0x0000000008004800                . = ALIGN (0x4)
                [!provide]                        PROVIDE (__fini_array_start = .)
 *(SORT_BY_NAME(.fini_array.*))
 *(.fini_array*)
 .fini_array    0x0000000008004800        0x4 c:/st/stm32cubeide_1.1.0/stm32cubeide/plugins/com.st.stm32cube.ide.mcu.externaltools.gnu-tools-for-stm32.7-2018-q2-update.win32_1.0.0.201904181610/tools/bin/../lib/gcc/arm-none-eabi/7.3.1/thumb/v7e-m/fpv4-sp/hard/crtbegin.o
                [!provide]                        PROVIDE (__fini_array_end = .)
                0x0000000008004804                . = ALIGN (0x4)
                0x0000000008004804                _sidata = LOADADDR (.data)

.data           0x0000000020000000      0x1e4 load address 0x0000000008004804
                0x0000000020000000                . = ALIGN (0x4)
                0x0000000020000000                _sdata = .
 *(.data)
 *(.data*)
 .data.reset    0x0000000020000000        0x1 Core/Src/receive.o
 *fill*         0x0000000020000001        0x3 
 .data.reset_int
                0x0000000020000004        0x4 Core/Src/receive.o
 .data.SystemCoreClock
                0x0000000020000008        0x4 Core/Src/system_stm32f4xx.o
                0x0000000020000008                SystemCoreClock
 .data.uwTickPrio
                0x000000002000000c        0x4 Drivers/STM32F4xx_HAL_Driver/Src/stm32f4xx_hal.o
                0x000000002000000c                uwTickPrio
 .data.uwTickFreq
                0x0000000020000010        0x1 Drivers/STM32F4xx_HAL_Driver/Src/stm32f4xx_hal.o
                0x0000000020000010                uwTickFreq
 *fill*         0x0000000020000011        0x3 
 .data._impure_ptr
                0x0000000020000014        0x4 c:/st/stm32cubeide_1.1.0/stm32cubeide/plugins/com.st.stm32cube.ide.mcu.externaltools.gnu-tools-for-stm32.7-2018-q2-update.win32_1.0.0.201904181610/tools/bin/../lib/gcc/arm-none-eabi/7.3.1/../../../../arm-none-eabi/lib/thumb/v7e-m/fpv4-sp/hard\libc_nano.a(lib_a-impure.o)
                0x0000000020000014                _impure_ptr
 .data.impure_data
                0x0000000020000018       0x60 c:/st/stm32cubeide_1.1.0/stm32cubeide/plugins/com.st.stm32cube.ide.mcu.externaltools.gnu-tools-for-stm32.7-2018-q2-update.win32_1.0.0.201904181610/tools/bin/../lib/gcc/arm-none-eabi/7.3.1/../../../../arm-none-eabi/lib/thumb/v7e-m/fpv4-sp/hard\libc_nano.a(lib_a-impure.o)
 .data.__global_locale
                0x0000000020000078      0x16c c:/st/stm32cubeide_1.1.0/stm32cubeide/plugins/com.st.stm32cube.ide.mcu.externaltools.gnu-tools-for-stm32.7-2018-q2-update.win32_1.0.0.201904181610/tools/bin/../lib/gcc/arm-none-eabi/7.3.1/../../../../arm-none-eabi/lib/thumb/v7e-m/fpv4-sp/hard\libc_nano.a(lib_a-locale.o)
                0x0000000020000078                __global_locale
                0x00000000200001e4                . = ALIGN (0x4)
                0x00000000200001e4                _edata = .

.igot.plt       0x00000000200001e4        0x0 load address 0x00000000080049e8
 .igot.plt      0x00000000200001e4        0x0 c:/st/stm32cubeide_1.1.0/stm32cubeide/plugins/com.st.stm32cube.ide.mcu.externaltools.gnu-tools-for-stm32.7-2018-q2-update.win32_1.0.0.201904181610/tools/bin/../lib/gcc/arm-none-eabi/7.3.1/thumb/v7e-m/fpv4-sp/hard/crtbegin.o
                0x00000000200001e4                . = ALIGN (0x4)

.bss            0x00000000200001e4      0x2cc load address 0x00000000080049e8
                0x00000000200001e4                _sbss = .
                0x00000000200001e4                __bss_start__ = _sbss
 *(.bss)
 .bss           0x00000000200001e4       0x1c c:/st/stm32cubeide_1.1.0/stm32cubeide/plugins/com.st.stm32cube.ide.mcu.externaltools.gnu-tools-for-stm32.7-2018-q2-update.win32_1.0.0.201904181610/tools/bin/../lib/gcc/arm-none-eabi/7.3.1/thumb/v7e-m/fpv4-sp/hard/crtbegin.o
 *(.bss*)
 .bss.location  0x0000000020000200        0x4 Core/Src/channel_monitor.o
 .bss.Pin       0x0000000020000204        0x2 Core/Src/channel_monitor.o
 *fill*         0x0000000020000206        0x2 
 .bss.flag      0x0000000020000208        0x4 Core/Src/channel_monitor.o
 .bss.store     0x000000002000020c        0x1 Core/Src/main.o
 *fill*         0x000000002000020d        0x3 
 .bss.flag      0x0000000020000210        0x4 Core/Src/main.o
 .bss.run       0x0000000020000214        0x1 Core/Src/main.o
 *fill*         0x0000000020000215        0x3 
 .bss.tx_flag   0x0000000020000218        0x4 Core/Src/main.o
 .bss.rx_flag   0x000000002000021c        0x4 Core/Src/main.o
 .bss.rx_struct
                0x0000000020000220       0x10 Core/Src/main.o
 .bss.tx_struct
                0x0000000020000230       0x10 Core/Src/main.o
 .bss.sp        0x0000000020000240        0x1 Core/Src/receive.o
 *fill*         0x0000000020000241        0x3 
 .bss.bit       0x0000000020000244        0x4 Core/Src/receive.o
 .bss.huart     0x0000000020000248        0x4 Core/Src/receive.o
 .bss.htim      0x000000002000024c        0x4 Core/Src/receive.o
 .bss.i         0x0000000020000250        0x4 Core/Src/receive.o
 .bss.midint    0x0000000020000254        0x4 Core/Src/receive.o
 .bss.ack       0x0000000020000258        0x1 Core/Src/receive.o
 *fill*         0x0000000020000259        0x3 
 .bss.intermed  0x000000002000025c        0x4 Core/Src/receive.o
 .bss.j         0x0000000020000260        0x4 Core/Src/receive.o
 .bss.heap_end.6424
                0x0000000020000264        0x4 Core/Src/sysmem.o
 .bss.__malloc_free_list
                0x0000000020000268        0x4 c:/st/stm32cubeide_1.1.0/stm32cubeide/plugins/com.st.stm32cube.ide.mcu.externaltools.gnu-tools-for-stm32.7-2018-q2-update.win32_1.0.0.201904181610/tools/bin/../lib/gcc/arm-none-eabi/7.3.1/../../../../arm-none-eabi/lib/thumb/v7e-m/fpv4-sp/hard\libc_nano.a(lib_a-nano-mallocr.o)
                0x0000000020000268                __malloc_free_list
 .bss.__malloc_sbrk_start
                0x000000002000026c        0x4 c:/st/stm32cubeide_1.1.0/stm32cubeide/plugins/com.st.stm32cube.ide.mcu.externaltools.gnu-tools-for-stm32.7-2018-q2-update.win32_1.0.0.201904181610/tools/bin/../lib/gcc/arm-none-eabi/7.3.1/../../../../arm-none-eabi/lib/thumb/v7e-m/fpv4-sp/hard\libc_nano.a(lib_a-nano-mallocr.o)
                0x000000002000026c                __malloc_sbrk_start
 *(COMMON)
 COMMON         0x0000000020000270        0x1 Core/Src/channel_monitor.o
                0x0000000020000270                state
 *fill*         0x0000000020000271        0x3 
 COMMON         0x0000000020000274      0x200 Core/Src/main.o
                0x0000000020000274                htim4
                0x00000000200002b4                buff
                0x00000000200003b4                htim3
                0x00000000200003f4                htim2
                0x0000000020000434                huart2
 COMMON         0x0000000020000474       0x34 Core/Src/transmit.o
                0x0000000020000474                location
                0x0000000020000478                bit
                0x000000002000047c                Pin
                0x0000000020000480                to_send
                0x0000000020000484                i
                0x0000000020000488                wait
                0x000000002000048c                tx
                0x0000000020000490                Data
                0x0000000020000494                data
                0x0000000020000498                size
                0x000000002000049c                where
                0x00000000200004a0                sp
                0x00000000200004a4                htim
 COMMON         0x00000000200004a8        0x4 Drivers/STM32F4xx_HAL_Driver/Src/stm32f4xx_hal.o
                0x00000000200004a8                uwTick
 COMMON         0x00000000200004ac        0x4 c:/st/stm32cubeide_1.1.0/stm32cubeide/plugins/com.st.stm32cube.ide.mcu.externaltools.gnu-tools-for-stm32.7-2018-q2-update.win32_1.0.0.201904181610/tools/bin/../lib/gcc/arm-none-eabi/7.3.1/../../../../arm-none-eabi/lib/thumb/v7e-m/fpv4-sp/hard\libc_nano.a(lib_a-reent.o)
                0x00000000200004ac                errno
                0x00000000200004b0                . = ALIGN (0x4)
                0x00000000200004b0                _ebss = .
                0x00000000200004b0                __bss_end__ = _ebss

._user_heap_stack
                0x00000000200004b0      0x600 load address 0x00000000080049e8
                0x00000000200004b0                . = ALIGN (0x8)
                0x00000000200004b0                PROVIDE (end = .)
                [!provide]                        PROVIDE (_end = .)
                0x00000000200006b0                . = (. + _Min_Heap_Size)
 *fill*         0x00000000200004b0      0x200 
                0x0000000020000ab0                . = (. + _Min_Stack_Size)
 *fill*         0x00000000200006b0      0x400 
                0x0000000020000ab0                . = ALIGN (0x8)

/DISCARD/
 libc.a(*)
 libm.a(*)
 libgcc.a(*)

.ARM.attributes
                0x0000000000000000       0x30
 *(.ARM.attributes)
 .ARM.attributes
                0x0000000000000000       0x22 c:/st/stm32cubeide_1.1.0/stm32cubeide/plugins/com.st.stm32cube.ide.mcu.externaltools.gnu-tools-for-stm32.7-2018-q2-update.win32_1.0.0.201904181610/tools/bin/../lib/gcc/arm-none-eabi/7.3.1/thumb/v7e-m/fpv4-sp/hard/crti.o
 .ARM.attributes
                0x0000000000000022       0x34 c:/st/stm32cubeide_1.1.0/stm32cubeide/plugins/com.st.stm32cube.ide.mcu.externaltools.gnu-tools-for-stm32.7-2018-q2-update.win32_1.0.0.201904181610/tools/bin/../lib/gcc/arm-none-eabi/7.3.1/thumb/v7e-m/fpv4-sp/hard/crtbegin.o
 .ARM.attributes
                0x0000000000000056       0x39 Core/Src/channel_monitor.o
 .ARM.attributes
                0x000000000000008f       0x39 Core/Src/crc.o
 .ARM.attributes
                0x00000000000000c8       0x39 Core/Src/main.o
 .ARM.attributes
                0x0000000000000101       0x39 Core/Src/receive.o
 .ARM.attributes
                0x000000000000013a       0x39 Core/Src/stm32f4xx_hal_msp.o
 .ARM.attributes
                0x0000000000000173       0x39 Core/Src/stm32f4xx_it.o
 .ARM.attributes
                0x00000000000001ac       0x39 Core/Src/sysmem.o
 .ARM.attributes
                0x00000000000001e5       0x39 Core/Src/system_stm32f4xx.o
 .ARM.attributes
                0x000000000000021e       0x39 Core/Src/transmit.o
 .ARM.attributes
                0x0000000000000257       0x21 Core/Startup/startup_stm32f446retx.o
 .ARM.attributes
                0x0000000000000278       0x39 Drivers/STM32F4xx_HAL_Driver/Src/stm32f4xx_hal.o
 .ARM.attributes
                0x00000000000002b1       0x39 Drivers/STM32F4xx_HAL_Driver/Src/stm32f4xx_hal_cortex.o
 .ARM.attributes
                0x00000000000002ea       0x39 Drivers/STM32F4xx_HAL_Driver/Src/stm32f4xx_hal_gpio.o
 .ARM.attributes
                0x0000000000000323       0x39 Drivers/STM32F4xx_HAL_Driver/Src/stm32f4xx_hal_rcc.o
 .ARM.attributes
                0x000000000000035c       0x39 Drivers/STM32F4xx_HAL_Driver/Src/stm32f4xx_hal_rcc_ex.o
 .ARM.attributes
                0x0000000000000395       0x39 Drivers/STM32F4xx_HAL_Driver/Src/stm32f4xx_hal_tim.o
 .ARM.attributes
                0x00000000000003ce       0x39 Drivers/STM32F4xx_HAL_Driver/Src/stm32f4xx_hal_tim_ex.o
 .ARM.attributes
                0x0000000000000407       0x39 Drivers/STM32F4xx_HAL_Driver/Src/stm32f4xx_hal_uart.o
 .ARM.attributes
                0x0000000000000440       0x34 c:/st/stm32cubeide_1.1.0/stm32cubeide/plugins/com.st.stm32cube.ide.mcu.externaltools.gnu-tools-for-stm32.7-2018-q2-update.win32_1.0.0.201904181610/tools/bin/../lib/gcc/arm-none-eabi/7.3.1/../../../../arm-none-eabi/lib/thumb/v7e-m/fpv4-sp/hard\libc_nano.a(lib_a-errno.o)
 .ARM.attributes
                0x0000000000000474       0x34 c:/st/stm32cubeide_1.1.0/stm32cubeide/plugins/com.st.stm32cube.ide.mcu.externaltools.gnu-tools-for-stm32.7-2018-q2-update.win32_1.0.0.201904181610/tools/bin/../lib/gcc/arm-none-eabi/7.3.1/../../../../arm-none-eabi/lib/thumb/v7e-m/fpv4-sp/hard\libc_nano.a(lib_a-impure.o)
 .ARM.attributes
                0x00000000000004a8       0x34 c:/st/stm32cubeide_1.1.0/stm32cubeide/plugins/com.st.stm32cube.ide.mcu.externaltools.gnu-tools-for-stm32.7-2018-q2-update.win32_1.0.0.201904181610/tools/bin/../lib/gcc/arm-none-eabi/7.3.1/../../../../arm-none-eabi/lib/thumb/v7e-m/fpv4-sp/hard\libc_nano.a(lib_a-init.o)
 .ARM.attributes
                0x00000000000004dc       0x34 c:/st/stm32cubeide_1.1.0/stm32cubeide/plugins/com.st.stm32cube.ide.mcu.externaltools.gnu-tools-for-stm32.7-2018-q2-update.win32_1.0.0.201904181610/tools/bin/../lib/gcc/arm-none-eabi/7.3.1/../../../../arm-none-eabi/lib/thumb/v7e-m/fpv4-sp/hard\libc_nano.a(lib_a-memset.o)
 .ARM.attributes
                0x0000000000000510       0x34 c:/st/stm32cubeide_1.1.0/stm32cubeide/plugins/com.st.stm32cube.ide.mcu.externaltools.gnu-tools-for-stm32.7-2018-q2-update.win32_1.0.0.201904181610/tools/bin/../lib/gcc/arm-none-eabi/7.3.1/../../../../arm-none-eabi/lib/thumb/v7e-m/fpv4-sp/hard\libc_nano.a(lib_a-sprintf.o)
 .ARM.attributes
                0x0000000000000544       0x1b c:/st/stm32cubeide_1.1.0/stm32cubeide/plugins/com.st.stm32cube.ide.mcu.externaltools.gnu-tools-for-stm32.7-2018-q2-update.win32_1.0.0.201904181610/tools/bin/../lib/gcc/arm-none-eabi/7.3.1/../../../../arm-none-eabi/lib/thumb/v7e-m/fpv4-sp/hard\libc_nano.a(lib_a-strlen.o)
 .ARM.attributes
                0x000000000000055f       0x34 c:/st/stm32cubeide_1.1.0/stm32cubeide/plugins/com.st.stm32cube.ide.mcu.externaltools.gnu-tools-for-stm32.7-2018-q2-update.win32_1.0.0.201904181610/tools/bin/../lib/gcc/arm-none-eabi/7.3.1/../../../../arm-none-eabi/lib/thumb/v7e-m/fpv4-sp/hard\libc_nano.a(lib_a-strtok.o)
 .ARM.attributes
                0x0000000000000593       0x34 c:/st/stm32cubeide_1.1.0/stm32cubeide/plugins/com.st.stm32cube.ide.mcu.externaltools.gnu-tools-for-stm32.7-2018-q2-update.win32_1.0.0.201904181610/tools/bin/../lib/gcc/arm-none-eabi/7.3.1/../../../../arm-none-eabi/lib/thumb/v7e-m/fpv4-sp/hard\libc_nano.a(lib_a-strtok_r.o)
 .ARM.attributes
                0x00000000000005c7       0x34 c:/st/stm32cubeide_1.1.0/stm32cubeide/plugins/com.st.stm32cube.ide.mcu.externaltools.gnu-tools-for-stm32.7-2018-q2-update.win32_1.0.0.201904181610/tools/bin/../lib/gcc/arm-none-eabi/7.3.1/../../../../arm-none-eabi/lib/thumb/v7e-m/fpv4-sp/hard\libc_nano.a(lib_a-strtol.o)
 .ARM.attributes
                0x00000000000005fb       0x34 c:/st/stm32cubeide_1.1.0/stm32cubeide/plugins/com.st.stm32cube.ide.mcu.externaltools.gnu-tools-for-stm32.7-2018-q2-update.win32_1.0.0.201904181610/tools/bin/../lib/gcc/arm-none-eabi/7.3.1/../../../../arm-none-eabi/lib/thumb/v7e-m/fpv4-sp/hard\libc_nano.a(lib_a-locale.o)
 .ARM.attributes
                0x000000000000062f       0x34 c:/st/stm32cubeide_1.1.0/stm32cubeide/plugins/com.st.stm32cube.ide.mcu.externaltools.gnu-tools-for-stm32.7-2018-q2-update.win32_1.0.0.201904181610/tools/bin/../lib/gcc/arm-none-eabi/7.3.1/../../../../arm-none-eabi/lib/thumb/v7e-m/fpv4-sp/hard\libc_nano.a(lib_a-malloc.o)
 .ARM.attributes
                0x0000000000000663       0x34 c:/st/stm32cubeide_1.1.0/stm32cubeide/plugins/com.st.stm32cube.ide.mcu.externaltools.gnu-tools-for-stm32.7-2018-q2-update.win32_1.0.0.201904181610/tools/bin/../lib/gcc/arm-none-eabi/7.3.1/../../../../arm-none-eabi/lib/thumb/v7e-m/fpv4-sp/hard\libc_nano.a(lib_a-mbtowc_r.o)
 .ARM.attributes
                0x0000000000000697       0x34 c:/st/stm32cubeide_1.1.0/stm32cubeide/plugins/com.st.stm32cube.ide.mcu.externaltools.gnu-tools-for-stm32.7-2018-q2-update.win32_1.0.0.201904181610/tools/bin/../lib/gcc/arm-none-eabi/7.3.1/../../../../arm-none-eabi/lib/thumb/v7e-m/fpv4-sp/hard\libc_nano.a(lib_a-nano-freer.o)
 .ARM.attributes
                0x00000000000006cb       0x34 c:/st/stm32cubeide_1.1.0/stm32cubeide/plugins/com.st.stm32cube.ide.mcu.externaltools.gnu-tools-for-stm32.7-2018-q2-update.win32_1.0.0.201904181610/tools/bin/../lib/gcc/arm-none-eabi/7.3.1/../../../../arm-none-eabi/lib/thumb/v7e-m/fpv4-sp/hard\libc_nano.a(lib_a-nano-mallocr.o)
 .ARM.attributes
                0x00000000000006ff       0x34 c:/st/stm32cubeide_1.1.0/stm32cubeide/plugins/com.st.stm32cube.ide.mcu.externaltools.gnu-tools-for-stm32.7-2018-q2-update.win32_1.0.0.201904181610/tools/bin/../lib/gcc/arm-none-eabi/7.3.1/../../../../arm-none-eabi/lib/thumb/v7e-m/fpv4-sp/hard\libc_nano.a(lib_a-nano-svfprintf.o)
 .ARM.attributes
                0x0000000000000733       0x34 c:/st/stm32cubeide_1.1.0/stm32cubeide/plugins/com.st.stm32cube.ide.mcu.externaltools.gnu-tools-for-stm32.7-2018-q2-update.win32_1.0.0.201904181610/tools/bin/../lib/gcc/arm-none-eabi/7.3.1/../../../../arm-none-eabi/lib/thumb/v7e-m/fpv4-sp/hard\libc_nano.a(lib_a-nano-vfprintf_i.o)
 .ARM.attributes
                0x0000000000000767       0x34 c:/st/stm32cubeide_1.1.0/stm32cubeide/plugins/com.st.stm32cube.ide.mcu.externaltools.gnu-tools-for-stm32.7-2018-q2-update.win32_1.0.0.201904181610/tools/bin/../lib/gcc/arm-none-eabi/7.3.1/../../../../arm-none-eabi/lib/thumb/v7e-m/fpv4-sp/hard\libc_nano.a(lib_a-sbrkr.o)
 .ARM.attributes
                0x000000000000079b       0x34 c:/st/stm32cubeide_1.1.0/stm32cubeide/plugins/com.st.stm32cube.ide.mcu.externaltools.gnu-tools-for-stm32.7-2018-q2-update.win32_1.0.0.201904181610/tools/bin/../lib/gcc/arm-none-eabi/7.3.1/../../../../arm-none-eabi/lib/thumb/v7e-m/fpv4-sp/hard\libc_nano.a(lib_a-wctomb_r.o)
 .ARM.attributes
                0x00000000000007cf       0x34 c:/st/stm32cubeide_1.1.0/stm32cubeide/plugins/com.st.stm32cube.ide.mcu.externaltools.gnu-tools-for-stm32.7-2018-q2-update.win32_1.0.0.201904181610/tools/bin/../lib/gcc/arm-none-eabi/7.3.1/../../../../arm-none-eabi/lib/thumb/v7e-m/fpv4-sp/hard\libc_nano.a(lib_a-ctype_.o)
 .ARM.attributes
                0x0000000000000803       0x20 c:/st/stm32cubeide_1.1.0/stm32cubeide/plugins/com.st.stm32cube.ide.mcu.externaltools.gnu-tools-for-stm32.7-2018-q2-update.win32_1.0.0.201904181610/tools/bin/../lib/gcc/arm-none-eabi/7.3.1/../../../../arm-none-eabi/lib/thumb/v7e-m/fpv4-sp/hard\libc_nano.a(lib_a-memchr.o)
 .ARM.attributes
                0x0000000000000823       0x34 c:/st/stm32cubeide_1.1.0/stm32cubeide/plugins/com.st.stm32cube.ide.mcu.externaltools.gnu-tools-for-stm32.7-2018-q2-update.win32_1.0.0.201904181610/tools/bin/../lib/gcc/arm-none-eabi/7.3.1/../../../../arm-none-eabi/lib/thumb/v7e-m/fpv4-sp/hard\libc_nano.a(lib_a-memcpy-stub.o)
 .ARM.attributes
                0x0000000000000857       0x34 c:/st/stm32cubeide_1.1.0/stm32cubeide/plugins/com.st.stm32cube.ide.mcu.externaltools.gnu-tools-for-stm32.7-2018-q2-update.win32_1.0.0.201904181610/tools/bin/../lib/gcc/arm-none-eabi/7.3.1/../../../../arm-none-eabi/lib/thumb/v7e-m/fpv4-sp/hard\libc_nano.a(lib_a-memmove.o)
 .ARM.attributes
                0x000000000000088b       0x34 c:/st/stm32cubeide_1.1.0/stm32cubeide/plugins/com.st.stm32cube.ide.mcu.externaltools.gnu-tools-for-stm32.7-2018-q2-update.win32_1.0.0.201904181610/tools/bin/../lib/gcc/arm-none-eabi/7.3.1/../../../../arm-none-eabi/lib/thumb/v7e-m/fpv4-sp/hard\libc_nano.a(lib_a-mlock.o)
 .ARM.attributes
                0x00000000000008bf       0x34 c:/st/stm32cubeide_1.1.0/stm32cubeide/plugins/com.st.stm32cube.ide.mcu.externaltools.gnu-tools-for-stm32.7-2018-q2-update.win32_1.0.0.201904181610/tools/bin/../lib/gcc/arm-none-eabi/7.3.1/../../../../arm-none-eabi/lib/thumb/v7e-m/fpv4-sp/hard\libc_nano.a(lib_a-nano-reallocr.o)
 .ARM.attributes
                0x00000000000008f3       0x34 c:/st/stm32cubeide_1.1.0/stm32cubeide/plugins/com.st.stm32cube.ide.mcu.externaltools.gnu-tools-for-stm32.7-2018-q2-update.win32_1.0.0.201904181610/tools/bin/../lib/gcc/arm-none-eabi/7.3.1/../../../../arm-none-eabi/lib/thumb/v7e-m/fpv4-sp/hard\libc_nano.a(lib_a-reent.o)
 .ARM.attributes
                0x0000000000000927       0x34 c:/st/stm32cubeide_1.1.0/stm32cubeide/plugins/com.st.stm32cube.ide.mcu.externaltools.gnu-tools-for-stm32.7-2018-q2-update.win32_1.0.0.201904181610/tools/bin/../lib/gcc/arm-none-eabi/7.3.1/../../../../arm-none-eabi/lib/thumb/v7e-m/fpv4-sp/hard\libc_nano.a(lib_a-nano-msizer.o)
 .ARM.attributes
                0x000000000000095b       0x22 c:/st/stm32cubeide_1.1.0/stm32cubeide/plugins/com.st.stm32cube.ide.mcu.externaltools.gnu-tools-for-stm32.7-2018-q2-update.win32_1.0.0.201904181610/tools/bin/../lib/gcc/arm-none-eabi/7.3.1/thumb/v7e-m/fpv4-sp/hard\libgcc.a(_aeabi_uldivmod.o)
 .ARM.attributes
                0x000000000000097d       0x34 c:/st/stm32cubeide_1.1.0/stm32cubeide/plugins/com.st.stm32cube.ide.mcu.externaltools.gnu-tools-for-stm32.7-2018-q2-update.win32_1.0.0.201904181610/tools/bin/../lib/gcc/arm-none-eabi/7.3.1/thumb/v7e-m/fpv4-sp/hard\libgcc.a(_udivmoddi4.o)
 .ARM.attributes
                0x00000000000009b1       0x22 c:/st/stm32cubeide_1.1.0/stm32cubeide/plugins/com.st.stm32cube.ide.mcu.externaltools.gnu-tools-for-stm32.7-2018-q2-update.win32_1.0.0.201904181610/tools/bin/../lib/gcc/arm-none-eabi/7.3.1/thumb/v7e-m/fpv4-sp/hard\libgcc.a(_dvmd_tls.o)
 .ARM.attributes
                0x00000000000009d3       0x22 c:/st/stm32cubeide_1.1.0/stm32cubeide/plugins/com.st.stm32cube.ide.mcu.externaltools.gnu-tools-for-stm32.7-2018-q2-update.win32_1.0.0.201904181610/tools/bin/../lib/gcc/arm-none-eabi/7.3.1/thumb/v7e-m/fpv4-sp/hard/crtn.o
OUTPUT(Networking1.elf elf32-littlearm)

.debug_info     0x0000000000000000     0xef14
 .debug_info    0x0000000000000000      0xffc Core/Src/channel_monitor.o
 .debug_info    0x0000000000000ffc      0x186 Core/Src/crc.o
 .debug_info    0x0000000000001182     0x1c58 Core/Src/main.o
 .debug_info    0x0000000000002dda     0x1387 Core/Src/receive.o
 .debug_info    0x0000000000004161      0xe75 Core/Src/stm32f4xx_hal_msp.o
 .debug_info    0x0000000000004fd6      0x6f8 Core/Src/stm32f4xx_it.o
 .debug_info    0x00000000000056ce      0x91c Core/Src/sysmem.o
 .debug_info    0x0000000000005fea      0x536 Core/Src/system_stm32f4xx.o
 .debug_info    0x0000000000006520     0x1123 Core/Src/transmit.o
 .debug_info    0x0000000000007643       0x22 Core/Startup/startup_stm32f446retx.o
 .debug_info    0x0000000000007665      0x973 Drivers/STM32F4xx_HAL_Driver/Src/stm32f4xx_hal.o
 .debug_info    0x0000000000007fd8      0xdf4 Drivers/STM32F4xx_HAL_Driver/Src/stm32f4xx_hal_cortex.o
 .debug_info    0x0000000000008dcc      0x7b1 Drivers/STM32F4xx_HAL_Driver/Src/stm32f4xx_hal_gpio.o
 .debug_info    0x000000000000957d      0x8e4 Drivers/STM32F4xx_HAL_Driver/Src/stm32f4xx_hal_rcc.o
 .debug_info    0x0000000000009e61      0x983 Drivers/STM32F4xx_HAL_Driver/Src/stm32f4xx_hal_rcc_ex.o
 .debug_info    0x000000000000a7e4     0x2456 Drivers/STM32F4xx_HAL_Driver/Src/stm32f4xx_hal_tim.o
 .debug_info    0x000000000000cc3a     0x1105 Drivers/STM32F4xx_HAL_Driver/Src/stm32f4xx_hal_tim_ex.o
 .debug_info    0x000000000000dd3f     0x11d5 Drivers/STM32F4xx_HAL_Driver/Src/stm32f4xx_hal_uart.o

.debug_abbrev   0x0000000000000000     0x2230
 .debug_abbrev  0x0000000000000000      0x267 Core/Src/channel_monitor.o
 .debug_abbrev  0x0000000000000267       0xcc Core/Src/crc.o
 .debug_abbrev  0x0000000000000333      0x30a Core/Src/main.o
 .debug_abbrev  0x000000000000063d      0x25e Core/Src/receive.o
 .debug_abbrev  0x000000000000089b      0x1a6 Core/Src/stm32f4xx_hal_msp.o
 .debug_abbrev  0x0000000000000a41      0x15a Core/Src/stm32f4xx_it.o
 .debug_abbrev  0x0000000000000b9b      0x1bb Core/Src/sysmem.o
 .debug_abbrev  0x0000000000000d56      0x111 Core/Src/system_stm32f4xx.o
 .debug_abbrev  0x0000000000000e67      0x298 Core/Src/transmit.o
 .debug_abbrev  0x00000000000010ff       0x12 Core/Startup/startup_stm32f446retx.o
 .debug_abbrev  0x0000000000001111      0x1cb Drivers/STM32F4xx_HAL_Driver/Src/stm32f4xx_hal.o
 .debug_abbrev  0x00000000000012dc      0x2fa Drivers/STM32F4xx_HAL_Driver/Src/stm32f4xx_hal_cortex.o
 .debug_abbrev  0x00000000000015d6      0x1c9 Drivers/STM32F4xx_HAL_Driver/Src/stm32f4xx_hal_gpio.o
 .debug_abbrev  0x000000000000179f      0x245 Drivers/STM32F4xx_HAL_Driver/Src/stm32f4xx_hal_rcc.o
 .debug_abbrev  0x00000000000019e4      0x1bc Drivers/STM32F4xx_HAL_Driver/Src/stm32f4xx_hal_rcc_ex.o
 .debug_abbrev  0x0000000000001ba0      0x230 Drivers/STM32F4xx_HAL_Driver/Src/stm32f4xx_hal_tim.o
 .debug_abbrev  0x0000000000001dd0      0x21e Drivers/STM32F4xx_HAL_Driver/Src/stm32f4xx_hal_tim_ex.o
 .debug_abbrev  0x0000000000001fee      0x242 Drivers/STM32F4xx_HAL_Driver/Src/stm32f4xx_hal_uart.o

.debug_aranges  0x0000000000000000      0xcb0
 .debug_aranges
                0x0000000000000000       0x38 Core/Src/channel_monitor.o
 .debug_aranges
                0x0000000000000038       0x20 Core/Src/crc.o
 .debug_aranges
                0x0000000000000058       0x78 Core/Src/main.o
 .debug_aranges
                0x00000000000000d0       0x48 Core/Src/receive.o
 .debug_aranges
                0x0000000000000118       0x40 Core/Src/stm32f4xx_hal_msp.o
 .debug_aranges
                0x0000000000000158       0x80 Core/Src/stm32f4xx_it.o
 .debug_aranges
                0x00000000000001d8       0x20 Core/Src/sysmem.o
 .debug_aranges
                0x00000000000001f8       0x28 Core/Src/system_stm32f4xx.o
 .debug_aranges
                0x0000000000000220       0x40 Core/Src/transmit.o
 .debug_aranges
                0x0000000000000260       0x28 Core/Startup/startup_stm32f446retx.o
 .debug_aranges
                0x0000000000000288       0xf0 Drivers/STM32F4xx_HAL_Driver/Src/stm32f4xx_hal.o
 .debug_aranges
                0x0000000000000378      0x118 Drivers/STM32F4xx_HAL_Driver/Src/stm32f4xx_hal_cortex.o
 .debug_aranges
                0x0000000000000490       0x58 Drivers/STM32F4xx_HAL_Driver/Src/stm32f4xx_hal_gpio.o
 .debug_aranges
                0x00000000000004e8       0x88 Drivers/STM32F4xx_HAL_Driver/Src/stm32f4xx_hal_rcc.o
 .debug_aranges
                0x0000000000000570       0x78 Drivers/STM32F4xx_HAL_Driver/Src/stm32f4xx_hal_rcc_ex.o
 .debug_aranges
                0x00000000000005e8      0x3a8 Drivers/STM32F4xx_HAL_Driver/Src/stm32f4xx_hal_tim.o
 .debug_aranges
                0x0000000000000990      0x150 Drivers/STM32F4xx_HAL_Driver/Src/stm32f4xx_hal_tim_ex.o
 .debug_aranges
                0x0000000000000ae0      0x1d0 Drivers/STM32F4xx_HAL_Driver/Src/stm32f4xx_hal_uart.o

.debug_ranges   0x0000000000000000      0xb98
 .debug_ranges  0x0000000000000000       0x28 Core/Src/channel_monitor.o
 .debug_ranges  0x0000000000000028       0x10 Core/Src/crc.o
 .debug_ranges  0x0000000000000038       0x68 Core/Src/main.o
 .debug_ranges  0x00000000000000a0       0x38 Core/Src/receive.o
 .debug_ranges  0x00000000000000d8       0x30 Core/Src/stm32f4xx_hal_msp.o
 .debug_ranges  0x0000000000000108       0x70 Core/Src/stm32f4xx_it.o
 .debug_ranges  0x0000000000000178       0x10 Core/Src/sysmem.o
 .debug_ranges  0x0000000000000188       0x18 Core/Src/system_stm32f4xx.o
 .debug_ranges  0x00000000000001a0       0x30 Core/Src/transmit.o
 .debug_ranges  0x00000000000001d0       0x20 Core/Startup/startup_stm32f446retx.o
 .debug_ranges  0x00000000000001f0       0xe0 Drivers/STM32F4xx_HAL_Driver/Src/stm32f4xx_hal.o
 .debug_ranges  0x00000000000002d0      0x108 Drivers/STM32F4xx_HAL_Driver/Src/stm32f4xx_hal_cortex.o
 .debug_ranges  0x00000000000003d8       0x48 Drivers/STM32F4xx_HAL_Driver/Src/stm32f4xx_hal_gpio.o
 .debug_ranges  0x0000000000000420       0x78 Drivers/STM32F4xx_HAL_Driver/Src/stm32f4xx_hal_rcc.o
 .debug_ranges  0x0000000000000498       0x68 Drivers/STM32F4xx_HAL_Driver/Src/stm32f4xx_hal_rcc_ex.o
 .debug_ranges  0x0000000000000500      0x398 Drivers/STM32F4xx_HAL_Driver/Src/stm32f4xx_hal_tim.o
 .debug_ranges  0x0000000000000898      0x140 Drivers/STM32F4xx_HAL_Driver/Src/stm32f4xx_hal_tim_ex.o
 .debug_ranges  0x00000000000009d8      0x1c0 Drivers/STM32F4xx_HAL_Driver/Src/stm32f4xx_hal_uart.o

.debug_macro    0x0000000000000000    0x234a6
 .debug_macro   0x0000000000000000      0x359 Core/Src/channel_monitor.o
 .debug_macro   0x0000000000000359      0xa5a Core/Src/channel_monitor.o
 .debug_macro   0x0000000000000db3       0x22 Core/Src/channel_monitor.o
 .debug_macro   0x0000000000000dd5       0x8e Core/Src/channel_monitor.o
 .debug_macro   0x0000000000000e63       0x51 Core/Src/channel_monitor.o
 .debug_macro   0x0000000000000eb4       0xef Core/Src/channel_monitor.o
 .debug_macro   0x0000000000000fa3       0x6a Core/Src/channel_monitor.o
 .debug_macro   0x000000000000100d      0x1df Core/Src/channel_monitor.o
 .debug_macro   0x00000000000011ec       0x46 Core/Src/channel_monitor.o
 .debug_macro   0x0000000000001232       0x18 Core/Src/channel_monitor.o
 .debug_macro   0x000000000000124a       0x3c Core/Src/channel_monitor.o
 .debug_macro   0x0000000000001286       0x3a Core/Src/channel_monitor.o
 .debug_macro   0x00000000000012c0       0x82 Core/Src/channel_monitor.o
 .debug_macro   0x0000000000001342      0x460 Core/Src/channel_monitor.o
 .debug_macro   0x00000000000017a2       0x1c Core/Src/channel_monitor.o
 .debug_macro   0x00000000000017be       0x97 Core/Src/channel_monitor.o
 .debug_macro   0x0000000000001855      0x330 Core/Src/channel_monitor.o
 .debug_macro   0x0000000000001b85       0x8d Core/Src/channel_monitor.o
 .debug_macro   0x0000000000001c12       0x10 Core/Src/channel_monitor.o
 .debug_macro   0x0000000000001c22       0x52 Core/Src/channel_monitor.o
 .debug_macro   0x0000000000001c74       0x1f Core/Src/channel_monitor.o
 .debug_macro   0x0000000000001c93       0x43 Core/Src/channel_monitor.o
 .debug_macro   0x0000000000001cd6       0x20 Core/Src/channel_monitor.o
 .debug_macro   0x0000000000001cf6      0x1a3 Core/Src/channel_monitor.o
 .debug_macro   0x0000000000001e99       0x10 Core/Src/channel_monitor.o
 .debug_macro   0x0000000000001ea9       0x1c Core/Src/channel_monitor.o
 .debug_macro   0x0000000000001ec5       0x52 Core/Src/channel_monitor.o
 .debug_macro   0x0000000000001f17       0x40 Core/Src/channel_monitor.o
 .debug_macro   0x0000000000001f57       0x10 Core/Src/channel_monitor.o
 .debug_macro   0x0000000000001f67       0x40 Core/Src/channel_monitor.o
 .debug_macro   0x0000000000001fa7       0xd7 Core/Src/channel_monitor.o
 .debug_macro   0x000000000000207e       0x1c Core/Src/channel_monitor.o
 .debug_macro   0x000000000000209a       0x3d Core/Src/channel_monitor.o
 .debug_macro   0x00000000000020d7       0x16 Core/Src/channel_monitor.o
 .debug_macro   0x00000000000020ed      0x145 Core/Src/channel_monitor.o
 .debug_macro   0x0000000000002232      0x18a Core/Src/channel_monitor.o
 .debug_macro   0x00000000000023bc       0x32 Core/Src/channel_monitor.o
 .debug_macro   0x00000000000023ee       0x28 Core/Src/channel_monitor.o
 .debug_macro   0x0000000000002416       0x1c Core/Src/channel_monitor.o
 .debug_macro   0x0000000000002432       0x22 Core/Src/channel_monitor.o
 .debug_macro   0x0000000000002454       0xd9 Core/Src/channel_monitor.o
 .debug_macro   0x000000000000252d     0x102d Core/Src/channel_monitor.o
 .debug_macro   0x000000000000355a      0x11f Core/Src/channel_monitor.o
 .debug_macro   0x0000000000003679    0x16734 Core/Src/channel_monitor.o
 .debug_macro   0x0000000000019dad       0x43 Core/Src/channel_monitor.o
 .debug_macro   0x0000000000019df0     0x35d4 Core/Src/channel_monitor.o
 .debug_macro   0x000000000001d3c4       0x54 Core/Src/channel_monitor.o
 .debug_macro   0x000000000001d418      0xc90 Core/Src/channel_monitor.o
 .debug_macro   0x000000000001e0a8      0x9fe Core/Src/channel_monitor.o
 .debug_macro   0x000000000001eaa6       0xed Core/Src/channel_monitor.o
 .debug_macro   0x000000000001eb93      0x117 Core/Src/channel_monitor.o
 .debug_macro   0x000000000001ecaa      0x1a0 Core/Src/channel_monitor.o
 .debug_macro   0x000000000001ee4a       0x27 Core/Src/channel_monitor.o
 .debug_macro   0x000000000001ee71      0x287 Core/Src/channel_monitor.o
 .debug_macro   0x000000000001f0f8       0x5f Core/Src/channel_monitor.o
 .debug_macro   0x000000000001f157      0x236 Core/Src/channel_monitor.o
 .debug_macro   0x000000000001f38d      0x132 Core/Src/channel_monitor.o
 .debug_macro   0x000000000001f4bf      0x29c Core/Src/channel_monitor.o
 .debug_macro   0x000000000001f75b       0x2e Core/Src/channel_monitor.o
 .debug_macro   0x000000000001f789      0x11a Core/Src/channel_monitor.o
 .debug_macro   0x000000000001f8a3       0xe8 Core/Src/channel_monitor.o
 .debug_macro   0x000000000001f98b       0x89 Core/Src/channel_monitor.o
 .debug_macro   0x000000000001fa14      0x87d Core/Src/channel_monitor.o
 .debug_macro   0x0000000000020291       0x4d Core/Src/channel_monitor.o
 .debug_macro   0x00000000000202de      0x287 Core/Src/channel_monitor.o
 .debug_macro   0x0000000000020565      0x126 Core/Src/channel_monitor.o
 .debug_macro   0x000000000002068b       0x70 Core/Src/channel_monitor.o
 .debug_macro   0x00000000000206fb      0x1e7 Core/Src/crc.o
 .debug_macro   0x00000000000208e2       0xdf Core/Src/crc.o
 .debug_macro   0x00000000000209c1      0x174 Core/Src/crc.o
 .debug_macro   0x0000000000020b35       0x5a Core/Src/crc.o
 .debug_macro   0x0000000000020b8f      0x3e2 Core/Src/main.o
 .debug_macro   0x0000000000020f71       0x35 Core/Src/main.o
 .debug_macro   0x0000000000020fa6      0x32a Core/Src/main.o
 .debug_macro   0x00000000000212d0       0x16 Core/Src/main.o
 .debug_macro   0x00000000000212e6       0x20 Core/Src/main.o
 .debug_macro   0x0000000000021306       0x16 Core/Src/main.o
 .debug_macro   0x000000000002131c       0x16 Core/Src/main.o
 .debug_macro   0x0000000000021332       0x29 Core/Src/main.o
 .debug_macro   0x000000000002135b       0x22 Core/Src/main.o
 .debug_macro   0x000000000002137d      0x3a2 Core/Src/receive.o
 .debug_macro   0x000000000002171f       0x40 Core/Src/receive.o
 .debug_macro   0x000000000002175f       0x94 Core/Src/receive.o
 .debug_macro   0x00000000000217f3       0x57 Core/Src/receive.o
 .debug_macro   0x000000000002184a      0x1dd Core/Src/stm32f4xx_hal_msp.o
 .debug_macro   0x0000000000021a27      0x1e7 Core/Src/stm32f4xx_it.o
 .debug_macro   0x0000000000021c0e      0x1ae Core/Src/sysmem.o
 .debug_macro   0x0000000000021dbc      0x23b Core/Src/sysmem.o
 .debug_macro   0x0000000000021ff7       0x16 Core/Src/sysmem.o
 .debug_macro   0x000000000002200d      0x1d4 Core/Src/system_stm32f4xx.o
 .debug_macro   0x00000000000221e1      0x399 Core/Src/transmit.o
 .debug_macro   0x000000000002257a      0x22e Drivers/STM32F4xx_HAL_Driver/Src/stm32f4xx_hal.o
 .debug_macro   0x00000000000227a8      0x1ce Drivers/STM32F4xx_HAL_Driver/Src/stm32f4xx_hal_cortex.o
 .debug_macro   0x0000000000022976      0x204 Drivers/STM32F4xx_HAL_Driver/Src/stm32f4xx_hal_gpio.o
 .debug_macro   0x0000000000022b7a      0x1f2 Drivers/STM32F4xx_HAL_Driver/Src/stm32f4xx_hal_rcc.o
 .debug_macro   0x0000000000022d6c      0x1ce Drivers/STM32F4xx_HAL_Driver/Src/stm32f4xx_hal_rcc_ex.o
 .debug_macro   0x0000000000022f3a      0x1cf Drivers/STM32F4xx_HAL_Driver/Src/stm32f4xx_hal_tim.o
 .debug_macro   0x0000000000023109      0x1ce Drivers/STM32F4xx_HAL_Driver/Src/stm32f4xx_hal_tim_ex.o
 .debug_macro   0x00000000000232d7      0x1cf Drivers/STM32F4xx_HAL_Driver/Src/stm32f4xx_hal_uart.o

.debug_line     0x0000000000000000     0xae9b
 .debug_line    0x0000000000000000      0x91f Core/Src/channel_monitor.o
 .debug_line    0x000000000000091f      0x6dd Core/Src/crc.o
 .debug_line    0x0000000000000ffc      0xaf4 Core/Src/main.o
 .debug_line    0x0000000000001af0      0x9d6 Core/Src/receive.o
 .debug_line    0x00000000000024c6      0x73b Core/Src/stm32f4xx_hal_msp.o
 .debug_line    0x0000000000002c01      0x7ad Core/Src/stm32f4xx_it.o
 .debug_line    0x00000000000033ae      0x55e Core/Src/sysmem.o
 .debug_line    0x000000000000390c      0x6e2 Core/Src/system_stm32f4xx.o
 .debug_line    0x0000000000003fee      0x981 Core/Src/transmit.o
 .debug_line    0x000000000000496f       0x86 Core/Startup/startup_stm32f446retx.o
 .debug_line    0x00000000000049f5      0x8c3 Drivers/STM32F4xx_HAL_Driver/Src/stm32f4xx_hal.o
 .debug_line    0x00000000000052b8      0x9ea Drivers/STM32F4xx_HAL_Driver/Src/stm32f4xx_hal_cortex.o
 .debug_line    0x0000000000005ca2      0x891 Drivers/STM32F4xx_HAL_Driver/Src/stm32f4xx_hal_gpio.o
 .debug_line    0x0000000000006533      0x90a Drivers/STM32F4xx_HAL_Driver/Src/stm32f4xx_hal_rcc.o
 .debug_line    0x0000000000006e3d      0xab0 Drivers/STM32F4xx_HAL_Driver/Src/stm32f4xx_hal_rcc_ex.o
 .debug_line    0x00000000000078ed     0x1927 Drivers/STM32F4xx_HAL_Driver/Src/stm32f4xx_hal_tim.o
 .debug_line    0x0000000000009214      0xcca Drivers/STM32F4xx_HAL_Driver/Src/stm32f4xx_hal_tim_ex.o
 .debug_line    0x0000000000009ede      0xfbd Drivers/STM32F4xx_HAL_Driver/Src/stm32f4xx_hal_uart.o

.debug_str      0x0000000000000000    0xcfe04
 .debug_str     0x0000000000000000    0xcc0e7 Core/Src/channel_monitor.o
                                      0xcc488 (size before relaxing)
 .debug_str     0x00000000000cc0e7       0x45 Core/Src/crc.o
                                      0xc6e82 (size before relaxing)
 .debug_str     0x00000000000cc12c      0xcf0 Core/Src/main.o
                                      0xcd18b (size before relaxing)
 .debug_str     0x00000000000cce1c       0xb4 Core/Src/receive.o
                                      0xcc726 (size before relaxing)
 .debug_str     0x00000000000cced0       0x86 Core/Src/stm32f4xx_hal_msp.o
                                      0xc7b7b (size before relaxing)
 .debug_str     0x00000000000ccf56       0xfe Core/Src/stm32f4xx_it.o
                                      0xc7390 (size before relaxing)
 .debug_str     0x00000000000cd054      0x4be Core/Src/sysmem.o
                                       0x7af2 (size before relaxing)
 .debug_str     0x00000000000cd512       0xc4 Core/Src/system_stm32f4xx.o
                                      0xc6ea0 (size before relaxing)
 .debug_str     0x00000000000cd5d6       0x67 Core/Src/transmit.o
                                      0xcc545 (size before relaxing)
 .debug_str     0x00000000000cd63d       0x36 Core/Startup/startup_stm32f446retx.o
                                         0x74 (size before relaxing)
 .debug_str     0x00000000000cd673      0x5fc Drivers/STM32F4xx_HAL_Driver/Src/stm32f4xx_hal.o
                                      0xc7a22 (size before relaxing)
 .debug_str     0x00000000000cdc6f      0x399 Drivers/STM32F4xx_HAL_Driver/Src/stm32f4xx_hal_cortex.o
                                      0xc7778 (size before relaxing)
 .debug_str     0x00000000000ce008      0x1e7 Drivers/STM32F4xx_HAL_Driver/Src/stm32f4xx_hal_gpio.o
                                      0xc70df (size before relaxing)
 .debug_str     0x00000000000ce1ef      0x24e Drivers/STM32F4xx_HAL_Driver/Src/stm32f4xx_hal_rcc.o
                                      0xc7287 (size before relaxing)
 .debug_str     0x00000000000ce43d      0x324 Drivers/STM32F4xx_HAL_Driver/Src/stm32f4xx_hal_rcc_ex.o
                                      0xc72e4 (size before relaxing)
 .debug_str     0x00000000000ce761      0xcf0 Drivers/STM32F4xx_HAL_Driver/Src/stm32f4xx_hal_tim.o
                                      0xc7f87 (size before relaxing)
 .debug_str     0x00000000000cf451      0x4a2 Drivers/STM32F4xx_HAL_Driver/Src/stm32f4xx_hal_tim_ex.o
                                      0xc7787 (size before relaxing)
 .debug_str     0x00000000000cf8f3      0x511 Drivers/STM32F4xx_HAL_Driver/Src/stm32f4xx_hal_uart.o
                                      0xc76ae (size before relaxing)

.comment        0x0000000000000000       0x7b
 .comment       0x0000000000000000       0x7b Core/Src/channel_monitor.o
                                         0x7c (size before relaxing)
 .comment       0x000000000000007b       0x7c Core/Src/crc.o
 .comment       0x000000000000007b       0x7c Core/Src/main.o
 .comment       0x000000000000007b       0x7c Core/Src/receive.o
 .comment       0x000000000000007b       0x7c Core/Src/stm32f4xx_hal_msp.o
 .comment       0x000000000000007b       0x7c Core/Src/stm32f4xx_it.o
 .comment       0x000000000000007b       0x7c Core/Src/sysmem.o
 .comment       0x000000000000007b       0x7c Core/Src/system_stm32f4xx.o
 .comment       0x000000000000007b       0x7c Core/Src/transmit.o
 .comment       0x000000000000007b       0x7c Drivers/STM32F4xx_HAL_Driver/Src/stm32f4xx_hal.o
 .comment       0x000000000000007b       0x7c Drivers/STM32F4xx_HAL_Driver/Src/stm32f4xx_hal_cortex.o
 .comment       0x000000000000007b       0x7c Drivers/STM32F4xx_HAL_Driver/Src/stm32f4xx_hal_gpio.o
 .comment       0x000000000000007b       0x7c Drivers/STM32F4xx_HAL_Driver/Src/stm32f4xx_hal_rcc.o
 .comment       0x000000000000007b       0x7c Drivers/STM32F4xx_HAL_Driver/Src/stm32f4xx_hal_rcc_ex.o
 .comment       0x000000000000007b       0x7c Drivers/STM32F4xx_HAL_Driver/Src/stm32f4xx_hal_tim.o
 .comment       0x000000000000007b       0x7c Drivers/STM32F4xx_HAL_Driver/Src/stm32f4xx_hal_tim_ex.o
 .comment       0x000000000000007b       0x7c Drivers/STM32F4xx_HAL_Driver/Src/stm32f4xx_hal_uart.o

.debug_frame    0x0000000000000000     0x393c
 .debug_frame   0x0000000000000000       0xa8 Core/Src/channel_monitor.o
 .debug_frame   0x00000000000000a8       0x38 Core/Src/crc.o
 .debug_frame   0x00000000000000e0      0x1bc Core/Src/main.o
 .debug_frame   0x000000000000029c       0xf8 Core/Src/receive.o
 .debug_frame   0x0000000000000394       0xc8 Core/Src/stm32f4xx_hal_msp.o
 .debug_frame   0x000000000000045c      0x17c Core/Src/stm32f4xx_it.o
 .debug_frame   0x00000000000005d8       0x34 Core/Src/sysmem.o
 .debug_frame   0x000000000000060c       0x58 Core/Src/system_stm32f4xx.o
 .debug_frame   0x0000000000000664       0xbc Core/Src/transmit.o
 .debug_frame   0x0000000000000720      0x374 Drivers/STM32F4xx_HAL_Driver/Src/stm32f4xx_hal.o
 .debug_frame   0x0000000000000a94      0x498 Drivers/STM32F4xx_HAL_Driver/Src/stm32f4xx_hal_cortex.o
 .debug_frame   0x0000000000000f2c      0x14c Drivers/STM32F4xx_HAL_Driver/Src/stm32f4xx_hal_gpio.o
 .debug_frame   0x0000000000001078      0x1f0 Drivers/STM32F4xx_HAL_Driver/Src/stm32f4xx_hal_rcc.o
 .debug_frame   0x0000000000001268      0x1e0 Drivers/STM32F4xx_HAL_Driver/Src/stm32f4xx_hal_rcc_ex.o
 .debug_frame   0x0000000000001448     0x10f0 Drivers/STM32F4xx_HAL_Driver/Src/stm32f4xx_hal_tim.o
 .debug_frame   0x0000000000002538      0x5c0 Drivers/STM32F4xx_HAL_Driver/Src/stm32f4xx_hal_tim_ex.o
 .debug_frame   0x0000000000002af8      0x83c Drivers/STM32F4xx_HAL_Driver/Src/stm32f4xx_hal_uart.o
 .debug_frame   0x0000000000003334       0x20 c:/st/stm32cubeide_1.1.0/stm32cubeide/plugins/com.st.stm32cube.ide.mcu.externaltools.gnu-tools-for-stm32.7-2018-q2-update.win32_1.0.0.201904181610/tools/bin/../lib/gcc/arm-none-eabi/7.3.1/../../../../arm-none-eabi/lib/thumb/v7e-m/fpv4-sp/hard\libc_nano.a(lib_a-errno.o)
 .debug_frame   0x0000000000003354       0x2c c:/st/stm32cubeide_1.1.0/stm32cubeide/plugins/com.st.stm32cube.ide.mcu.externaltools.gnu-tools-for-stm32.7-2018-q2-update.win32_1.0.0.201904181610/tools/bin/../lib/gcc/arm-none-eabi/7.3.1/../../../../arm-none-eabi/lib/thumb/v7e-m/fpv4-sp/hard\libc_nano.a(lib_a-init.o)
 .debug_frame   0x0000000000003380       0x20 c:/st/stm32cubeide_1.1.0/stm32cubeide/plugins/com.st.stm32cube.ide.mcu.externaltools.gnu-tools-for-stm32.7-2018-q2-update.win32_1.0.0.201904181610/tools/bin/../lib/gcc/arm-none-eabi/7.3.1/../../../../arm-none-eabi/lib/thumb/v7e-m/fpv4-sp/hard\libc_nano.a(lib_a-memset.o)
 .debug_frame   0x00000000000033a0       0x6c c:/st/stm32cubeide_1.1.0/stm32cubeide/plugins/com.st.stm32cube.ide.mcu.externaltools.gnu-tools-for-stm32.7-2018-q2-update.win32_1.0.0.201904181610/tools/bin/../lib/gcc/arm-none-eabi/7.3.1/../../../../arm-none-eabi/lib/thumb/v7e-m/fpv4-sp/hard\libc_nano.a(lib_a-sprintf.o)
 .debug_frame   0x000000000000340c       0x38 c:/st/stm32cubeide_1.1.0/stm32cubeide/plugins/com.st.stm32cube.ide.mcu.externaltools.gnu-tools-for-stm32.7-2018-q2-update.win32_1.0.0.201904181610/tools/bin/../lib/gcc/arm-none-eabi/7.3.1/../../../../arm-none-eabi/lib/thumb/v7e-m/fpv4-sp/hard\libc_nano.a(lib_a-strtok.o)
 .debug_frame   0x0000000000003444       0x40 c:/st/stm32cubeide_1.1.0/stm32cubeide/plugins/com.st.stm32cube.ide.mcu.externaltools.gnu-tools-for-stm32.7-2018-q2-update.win32_1.0.0.201904181610/tools/bin/../lib/gcc/arm-none-eabi/7.3.1/../../../../arm-none-eabi/lib/thumb/v7e-m/fpv4-sp/hard\libc_nano.a(lib_a-strtok_r.o)
 .debug_frame   0x0000000000003484       0x84 c:/st/stm32cubeide_1.1.0/stm32cubeide/plugins/com.st.stm32cube.ide.mcu.externaltools.gnu-tools-for-stm32.7-2018-q2-update.win32_1.0.0.201904181610/tools/bin/../lib/gcc/arm-none-eabi/7.3.1/../../../../arm-none-eabi/lib/thumb/v7e-m/fpv4-sp/hard\libc_nano.a(lib_a-strtol.o)
 .debug_frame   0x0000000000003508       0x68 c:/st/stm32cubeide_1.1.0/stm32cubeide/plugins/com.st.stm32cube.ide.mcu.externaltools.gnu-tools-for-stm32.7-2018-q2-update.win32_1.0.0.201904181610/tools/bin/../lib/gcc/arm-none-eabi/7.3.1/../../../../arm-none-eabi/lib/thumb/v7e-m/fpv4-sp/hard\libc_nano.a(lib_a-locale.o)
 .debug_frame   0x0000000000003570       0x30 c:/st/stm32cubeide_1.1.0/stm32cubeide/plugins/com.st.stm32cube.ide.mcu.externaltools.gnu-tools-for-stm32.7-2018-q2-update.win32_1.0.0.201904181610/tools/bin/../lib/gcc/arm-none-eabi/7.3.1/../../../../arm-none-eabi/lib/thumb/v7e-m/fpv4-sp/hard\libc_nano.a(lib_a-malloc.o)
 .debug_frame   0x00000000000035a0       0x48 c:/st/stm32cubeide_1.1.0/stm32cubeide/plugins/com.st.stm32cube.ide.mcu.externaltools.gnu-tools-for-stm32.7-2018-q2-update.win32_1.0.0.201904181610/tools/bin/../lib/gcc/arm-none-eabi/7.3.1/../../../../arm-none-eabi/lib/thumb/v7e-m/fpv4-sp/hard\libc_nano.a(lib_a-mbtowc_r.o)
 .debug_frame   0x00000000000035e8       0x38 c:/st/stm32cubeide_1.1.0/stm32cubeide/plugins/com.st.stm32cube.ide.mcu.externaltools.gnu-tools-for-stm32.7-2018-q2-update.win32_1.0.0.201904181610/tools/bin/../lib/gcc/arm-none-eabi/7.3.1/../../../../arm-none-eabi/lib/thumb/v7e-m/fpv4-sp/hard\libc_nano.a(lib_a-nano-freer.o)
 .debug_frame   0x0000000000003620       0x2c c:/st/stm32cubeide_1.1.0/stm32cubeide/plugins/com.st.stm32cube.ide.mcu.externaltools.gnu-tools-for-stm32.7-2018-q2-update.win32_1.0.0.201904181610/tools/bin/../lib/gcc/arm-none-eabi/7.3.1/../../../../arm-none-eabi/lib/thumb/v7e-m/fpv4-sp/hard\libc_nano.a(lib_a-nano-mallocr.o)
 .debug_frame   0x000000000000364c       0x90 c:/st/stm32cubeide_1.1.0/stm32cubeide/plugins/com.st.stm32cube.ide.mcu.externaltools.gnu-tools-for-stm32.7-2018-q2-update.win32_1.0.0.201904181610/tools/bin/../lib/gcc/arm-none-eabi/7.3.1/../../../../arm-none-eabi/lib/thumb/v7e-m/fpv4-sp/hard\libc_nano.a(lib_a-nano-svfprintf.o)
 .debug_frame   0x00000000000036dc       0x60 c:/st/stm32cubeide_1.1.0/stm32cubeide/plugins/com.st.stm32cube.ide.mcu.externaltools.gnu-tools-for-stm32.7-2018-q2-update.win32_1.0.0.201904181610/tools/bin/../lib/gcc/arm-none-eabi/7.3.1/../../../../arm-none-eabi/lib/thumb/v7e-m/fpv4-sp/hard\libc_nano.a(lib_a-nano-vfprintf_i.o)
 .debug_frame   0x000000000000373c       0x2c c:/st/stm32cubeide_1.1.0/stm32cubeide/plugins/com.st.stm32cube.ide.mcu.externaltools.gnu-tools-for-stm32.7-2018-q2-update.win32_1.0.0.201904181610/tools/bin/../lib/gcc/arm-none-eabi/7.3.1/../../../../arm-none-eabi/lib/thumb/v7e-m/fpv4-sp/hard\libc_nano.a(lib_a-sbrkr.o)
 .debug_frame   0x0000000000003768       0x3c c:/st/stm32cubeide_1.1.0/stm32cubeide/plugins/com.st.stm32cube.ide.mcu.externaltools.gnu-tools-for-stm32.7-2018-q2-update.win32_1.0.0.201904181610/tools/bin/../lib/gcc/arm-none-eabi/7.3.1/../../../../arm-none-eabi/lib/thumb/v7e-m/fpv4-sp/hard\libc_nano.a(lib_a-wctomb_r.o)
 .debug_frame   0x00000000000037a4       0x28 c:/st/stm32cubeide_1.1.0/stm32cubeide/plugins/com.st.stm32cube.ide.mcu.externaltools.gnu-tools-for-stm32.7-2018-q2-update.win32_1.0.0.201904181610/tools/bin/../lib/gcc/arm-none-eabi/7.3.1/../../../../arm-none-eabi/lib/thumb/v7e-m/fpv4-sp/hard\libc_nano.a(lib_a-memcpy-stub.o)
 .debug_frame   0x00000000000037cc       0x28 c:/st/stm32cubeide_1.1.0/stm32cubeide/plugins/com.st.stm32cube.ide.mcu.externaltools.gnu-tools-for-stm32.7-2018-q2-update.win32_1.0.0.201904181610/tools/bin/../lib/gcc/arm-none-eabi/7.3.1/../../../../arm-none-eabi/lib/thumb/v7e-m/fpv4-sp/hard\libc_nano.a(lib_a-memmove.o)