14:56:36 **** Clean-only build of configuration Debug for project Networking1 ****
make -j8 clean 
rm -rf *
 
14:56:38 **** Build of configuration Debug for project Networking1 ****
make -j8 all 
arm-none-eabi-gcc "../Drivers/STM32F4xx_HAL_Driver/Src/stm32f4xx_hal.c" -mcpu=cortex-m4 -std=gnu11 -g3 -DUSE_HAL_DRIVER -DSTM32F446xx -DDEBUG -c -I../Drivers/CMSIS/Include -I../Drivers/STM32F4xx_HAL_Driver/Inc -I../Core/Inc -I../Drivers/CMSIS/Device/ST/STM32F4xx/Include -I../Drivers/STM32F4xx_HAL_Driver/Inc/Legacy -O0 -ffunction-sections -fdata-sections -Wall -fstack-usage -MMD -MP -MF"Drivers/STM32F4xx_HAL_Driver/Src/stm32f4xx_hal.d" -MT"Drivers/STM32F4xx_HAL_Driver/Src/stm32f4xx_hal.o" --specs=nano.specs -mfpu=fpv4-sp-d16 -mfloat-abi=hard -mthumb -o "Drivers/STM32F4xx_HAL_Driver/Src/stm32f4xx_hal.o"
arm-none-eabi-gcc "../Drivers/STM32F4xx_HAL_Driver/Src/stm32f4xx_hal_cortex.c" -mcpu=cortex-m4 -std=gnu11 -g3 -DUSE_HAL_DRIVER -DSTM32F446xx -DDEBUG -c -I../Drivers/CMSIS/Include -I../Drivers/STM32F4xx_HAL_Driver/Inc -I../Core/Inc -I../Drivers/CMSIS/Device/ST/STM32F4xx/Include -I../Drivers/STM32F4xx_HAL_Driver/Inc/Legacy -O0 -ffunction-sections -fdata-sections -Wall -fstack-usage -MMD -MP -MF"Drivers/STM32F4xx_HAL_Driver/Src/stm32f4xx_hal_cortex.d" -MT"Drivers/STM32F4xx_HAL_Driver/Src/stm32f4xx_hal_cortex.o" --specs=nano.specs -mfpu=fpv4-sp-d16 -mfloat-abi=hard -mthumb -o "Drivers/STM32F4xx_HAL_Driver/Src/stm32f4xx_hal_cortex.o"
arm-none-eabi-gcc "../Drivers/STM32F4xx_HAL_Driver/Src/stm32f4xx_hal_dma.c" -mcpu=cortex-m4 -std=gnu11 -g3 -DUSE_HAL_DRIVER -DSTM32F446xx -DDEBUG -c -I../Drivers/CMSIS/Include -I../Drivers/STM32F4xx_HAL_Driver/Inc -I../Core/Inc -I../Drivers/CMSIS/Device/ST/STM32F4xx/Include -I../Drivers/STM32F4xx_HAL_Driver/Inc/Legacy -O0 -ffunction-sections -fdata-sections -Wall -fstack-usage -MMD -MP -MF"Drivers/STM32F4xx_HAL_Driver/Src/stm32f4xx_hal_dma.d" -MT"Drivers/STM32F4xx_HAL_Driver/Src/stm32f4xx_hal_dma.o" --specs=nano.specs -mfpu=fpv4-sp-d16 -mfloat-abi=hard -mthumb -o "Drivers/STM32F4xx_HAL_Driver/Src/stm32f4xx_hal_dma.o"
arm-none-eabi-gcc "../Drivers/STM32F4xx_HAL_Driver/Src/stm32f4xx_hal_dma_ex.c" -mcpu=cortex-m4 -std=gnu11 -g3 -DUSE_HAL_DRIVER -DSTM32F446xx -DDEBUG -c -I../Drivers/CMSIS/Include -I../Drivers/STM32F4xx_HAL_Driver/Inc -I../Core/Inc -I../Drivers/CMSIS/Device/ST/STM32F4xx/Include -I../Drivers/STM32F4xx_HAL_Driver/Inc/Legacy -O0 -ffunction-sections -fdata-sections -Wall -fstack-usage -MMD -MP -MF"Drivers/STM32F4xx_HAL_Driver/Src/stm32f4xx_hal_dma_ex.d" -MT"Drivers/STM32F4xx_HAL_Driver/Src/stm32f4xx_hal_dma_ex.o" --specs=nano.specs -mfpu=fpv4-sp-d16 -mfloat-abi=hard -mthumb -o "Drivers/STM32F4xx_HAL_Driver/Src/stm32f4xx_hal_dma_ex.o"
arm-none-eabi-gcc "../Drivers/STM32F4xx_HAL_Driver/Src/stm32f4xx_hal_exti.c" -mcpu=cortex-m4 -std=gnu11 -g3 -DUSE_HAL_DRIVER -DSTM32F446xx -DDEBUG -c -I../Drivers/CMSIS/Include -I../Drivers/STM32F4xx_HAL_Driver/Inc -I../Core/Inc -I../Drivers/CMSIS/Device/ST/STM32F4xx/Include -I../Drivers/STM32F4xx_HAL_Driver/Inc/Legacy -O0 -ffunction-sections -fdata-sections -Wall -fstack-usage -MMD -MP -MF"Drivers/STM32F4xx_HAL_Driver/Src/stm32f4xx_hal_exti.d" -MT"Drivers/STM32F4xx_HAL_Driver/Src/stm32f4xx_hal_exti.o" --specs=nano.specs -mfpu=fpv4-sp-d16 -mfloat-abi=hard -mthumb -o "Drivers/STM32F4xx_HAL_Driver/Src/stm32f4xx_hal_exti.o"
arm-none-eabi-gcc "../Drivers/STM32F4xx_HAL_Driver/Src/stm32f4xx_hal_flash.c" -mcpu=cortex-m4 -std=gnu11 -g3 -DUSE_HAL_DRIVER -DSTM32F446xx -DDEBUG -c -I../Drivers/CMSIS/Include -I../Drivers/STM32F4xx_HAL_Driver/Inc -I../Core/Inc -I../Drivers/CMSIS/Device/ST/STM32F4xx/Include -I../Drivers/STM32F4xx_HAL_Driver/Inc/Legacy -O0 -ffunction-sections -fdata-sections -Wall -fstack-usage -MMD -MP -MF"Drivers/STM32F4xx_HAL_Driver/Src/stm32f4xx_hal_flash.d" -MT"Drivers/STM32F4xx_HAL_Driver/Src/stm32f4xx_hal_flash.o" --specs=nano.specs -mfpu=fpv4-sp-d16 -mfloat-abi=hard -mthumb -o "Drivers/STM32F4xx_HAL_Driver/Src/stm32f4xx_hal_flash.o"
arm-none-eabi-gcc "../Drivers/STM32F4xx_HAL_Driver/Src/stm32f4xx_hal_flash_ex.c" -mcpu=cortex-m4 -std=gnu11 -g3 -DUSE_HAL_DRIVER -DSTM32F446xx -DDEBUG -c -I../Drivers/CMSIS/Include -I../Drivers/STM32F4xx_HAL_Driver/Inc -I../Core/Inc -I../Drivers/CMSIS/Device/ST/STM32F4xx/Include -I../Drivers/STM32F4xx_HAL_Driver/Inc/Legacy -O0 -ffunction-sections -fdata-sections -Wall -fstack-usage -MMD -MP -MF"Drivers/STM32F4xx_HAL_Driver/Src/stm32f4xx_hal_flash_ex.d" -MT"Drivers/STM32F4xx_HAL_Driver/Src/stm32f4xx_hal_flash_ex.o" --specs=nano.specs -mfpu=fpv4-sp-d16 -mfloat-abi=hard -mthumb -o "Drivers/STM32F4xx_HAL_Driver/Src/stm32f4xx_hal_flash_ex.o"
arm-none-eabi-gcc "../Drivers/STM32F4xx_HAL_Driver/Src/stm32f4xx_hal_flash_ramfunc.c" -mcpu=cortex-m4 -std=gnu11 -g3 -DUSE_HAL_DRIVER -DSTM32F446xx -DDEBUG -c -I../Drivers/CMSIS/Include -I../Drivers/STM32F4xx_HAL_Driver/Inc -I../Core/Inc -I../Drivers/CMSIS/Device/ST/STM32F4xx/Include -I../Drivers/STM32F4xx_HAL_Driver/Inc/Legacy -O0 -ffunction-sections -fdata-sections -Wall -fstack-usage -MMD -MP -MF"Drivers/STM32F4xx_HAL_Driver/Src/stm32f4xx_hal_flash_ramfunc.d" -MT"Drivers/STM32F4xx_HAL_Driver/Src/stm32f4xx_hal_flash_ramfunc.o" --specs=nano.specs -mfpu=fpv4-sp-d16 -mfloat-abi=hard -mthumb -o "Drivers/STM32F4xx_HAL_Driver/Src/stm32f4xx_hal_flash_ramfunc.o"
arm-none-eabi-gcc "../Drivers/STM32F4xx_HAL_Driver/Src/stm32f4xx_hal_gpio.c" -mcpu=cortex-m4 -std=gnu11 -g3 -DUSE_HAL_DRIVER -DSTM32F446xx -DDEBUG -c -I../Drivers/CMSIS/Include -I../Drivers/STM32F4xx_HAL_Driver/Inc -I../Core/Inc -I../Drivers/CMSIS/Device/ST/STM32F4xx/Include -I../Drivers/STM32F4xx_HAL_Driver/Inc/Legacy -O0 -ffunction-sections -fdata-sections -Wall -fstack-usage -MMD -MP -MF"Drivers/STM32F4xx_HAL_Driver/Src/stm32f4xx_hal_gpio.d" -MT"Drivers/STM32F4xx_HAL_Driver/Src/stm32f4xx_hal_gpio.o" --specs=nano.specs -mfpu=fpv4-sp-d16 -mfloat-abi=hard -mthumb -o "Drivers/STM32F4xx_HAL_Driver/Src/stm32f4xx_hal_gpio.o"
arm-none-eabi-gcc "../Drivers/STM32F4xx_HAL_Driver/Src/stm32f4xx_hal_pwr.c" -mcpu=cortex-m4 -std=gnu11 -g3 -DUSE_HAL_DRIVER -DSTM32F446xx -DDEBUG -c -I../Drivers/CMSIS/Include -I../Drivers/STM32F4xx_HAL_Driver/Inc -I../Core/Inc -I../Drivers/CMSIS/Device/ST/STM32F4xx/Include -I../Drivers/STM32F4xx_HAL_Driver/Inc/Legacy -O0 -ffunction-sections -fdata-sections -Wall -fstack-usage -MMD -MP -MF"Drivers/STM32F4xx_HAL_Driver/Src/stm32f4xx_hal_pwr.d" -MT"Drivers/STM32F4xx_HAL_Driver/Src/stm32f4xx_hal_pwr.o" --specs=nano.specs -mfpu=fpv4-sp-d16 -mfloat-abi=hard -mthumb -o "Drivers/STM32F4xx_HAL_Driver/Src/stm32f4xx_hal_pwr.o"
arm-none-eabi-gcc "../Drivers/STM32F4xx_HAL_Driver/Src/stm32f4xx_hal_pwr_ex.c" -mcpu=cortex-m4 -std=gnu11 -g3 -DUSE_HAL_DRIVER -DSTM32F446xx -DDEBUG -c -I../Drivers/CMSIS/Include -I../Drivers/STM32F4xx_HAL_Driver/Inc -I../Core/Inc -I../Drivers/CMSIS/Device/ST/STM32F4xx/Include -I../Drivers/STM32F4xx_HAL_Driver/Inc/Legacy -O0 -ffunction-sections -fdata-sections -Wall -fstack-usage -MMD -MP -MF"Drivers/STM32F4xx_HAL_Driver/Src/stm32f4xx_hal_pwr_ex.d" -MT"Drivers/STM32F4xx_HAL_Driver/Src/stm32f4xx_hal_pwr_ex.o" --specs=nano.specs -mfpu=fpv4-sp-d16 -mfloat-abi=hard -mthumb -o "Drivers/STM32F4xx_HAL_Driver/Src/stm32f4xx_hal_pwr_ex.o"
arm-none-eabi-gcc "../Drivers/STM32F4xx_HAL_Driver/Src/stm32f4xx_hal_rcc.c" -mcpu=cortex-m4 -std=gnu11 -g3 -DUSE_HAL_DRIVER -DSTM32F446xx -DDEBUG -c -I../Drivers/CMSIS/Include -I../Drivers/STM32F4xx_HAL_Driver/Inc -I../Core/Inc -I../Drivers/CMSIS/Device/ST/STM32F4xx/Include -I../Drivers/STM32F4xx_HAL_Driver/Inc/Legacy -O0 -ffunction-sections -fdata-sections -Wall -fstack-usage -MMD -MP -MF"Drivers/STM32F4xx_HAL_Driver/Src/stm32f4xx_hal_rcc.d" -MT"Drivers/STM32F4xx_HAL_Driver/Src/stm32f4xx_hal_rcc.o" --specs=nano.specs -mfpu=fpv4-sp-d16 -mfloat-abi=hard -mthumb -o "Drivers/STM32F4xx_HAL_Driver/Src/stm32f4xx_hal_rcc.o"
arm-none-eabi-gcc "../Drivers/STM32F4xx_HAL_Driver/Src/stm32f4xx_hal_rcc_ex.c" -mcpu=cortex-m4 -std=gnu11 -g3 -DUSE_HAL_DRIVER -DSTM32F446xx -DDEBUG -c -I../Drivers/CMSIS/Include -I../Drivers/STM32F4xx_HAL_Driver/Inc -I../Core/Inc -I../Drivers/CMSIS/Device/ST/STM32F4xx/Include -I../Drivers/STM32F4xx_HAL_Driver/Inc/Legacy -O0 -ffunction-sections -fdata-sections -Wall -fstack-usage -MMD -MP -MF"Drivers/STM32F4xx_HAL_Driver/Src/stm32f4xx_hal_rcc_ex.d" -MT"Drivers/STM32F4xx_HAL_Driver/Src/stm32f4xx_hal_rcc_ex.o" --specs=nano.specs -mfpu=fpv4-sp-d16 -mfloat-abi=hard -mthumb -o "Drivers/STM32F4xx_HAL_Driver/Src/stm32f4xx_hal_rcc_ex.o"
arm-none-eabi-gcc "../Drivers/STM32F4xx_HAL_Driver/Src/stm32f4xx_hal_tim.c" -mcpu=cortex-m4 -std=gnu11 -g3 -DUSE_HAL_DRIVER -DSTM32F446xx -DDEBUG -c -I../Drivers/CMSIS/Include -I../Drivers/STM32F4xx_HAL_Driver/Inc -I../Core/Inc -I../Drivers/CMSIS/Device/ST/STM32F4xx/Include -I../Drivers/STM32F4xx_HAL_Driver/Inc/Legacy -O0 -ffunction-sections -fdata-sections -Wall -fstack-usage -MMD -MP -MF"Drivers/STM32F4xx_HAL_Driver/Src/stm32f4xx_hal_tim.d" -MT"Drivers/STM32F4xx_HAL_Driver/Src/stm32f4xx_hal_tim.o" --specs=nano.specs -mfpu=fpv4-sp-d16 -mfloat-abi=hard -mthumb -o "Drivers/STM32F4xx_HAL_Driver/Src/stm32f4xx_hal_tim.o"
arm-none-eabi-gcc "../Drivers/STM32F4xx_HAL_Driver/Src/stm32f4xx_hal_tim_ex.c" -mcpu=cortex-m4 -std=gnu11 -g3 -DUSE_HAL_DRIVER -DSTM32F446xx -DDEBUG -c -I../Drivers/CMSIS/Include -I../Drivers/STM32F4xx_HAL_Driver/Inc -I../Core/Inc -I../Drivers/CMSIS/Device/ST/STM32F4xx/Include -I../Drivers/STM32F4xx_HAL_Driver/Inc/Legacy -O0 -ffunction-sections -fdata-sections -Wall -fstack-usage -MMD -MP -MF"Drivers/STM32F4xx_HAL_Driver/Src/stm32f4xx_hal_tim_ex.d" -MT"Drivers/STM32F4xx_HAL_Driver/Src/stm32f4xx_hal_tim_ex.o" --specs=nano.specs -mfpu=fpv4-sp-d16 -mfloat-abi=hard -mthumb -o "Drivers/STM32F4xx_HAL_Driver/Src/stm32f4xx_hal_tim_ex.o"
arm-none-eabi-gcc "../Drivers/STM32F4xx_HAL_Driver/Src/stm32f4xx_hal_uart.c" -mcpu=cortex-m4 -std=gnu11 -g3 -DUSE_HAL_DRIVER -DSTM32F446xx -DDEBUG -c -I../Drivers/CMSIS/Include -I../Drivers/STM32F4xx_HAL_Driver/Inc -I../Core/Inc -I../Drivers/CMSIS/Device/ST/STM32F4xx/Include -I../Drivers/STM32F4xx_HAL_Driver/Inc/Legacy -O0 -ffunction-sections -fdata-sections -Wall -fstack-usage -MMD -MP -MF"Drivers/STM32F4xx_HAL_Driver/Src/stm32f4xx_hal_uart.d" -MT"Drivers/STM32F4xx_HAL_Driver/Src/stm32f4xx_hal_uart.o" --specs=nano.specs -mfpu=fpv4-sp-d16 -mfloat-abi=hard -mthumb -o "Drivers/STM32F4xx_HAL_Driver/Src/stm32f4xx_hal_uart.o"
arm-none-eabi-gcc -mcpu=cortex-m4 -g3 -c -x assembler-with-cpp --specs=nano.specs -mfpu=fpv4-sp-d16 -mfloat-abi=hard -mthumb -o "Core/Startup/startup_stm32f446retx.o" "../Core/Startup/startup_stm32f446retx.s"
arm-none-eabi-gcc "../Core/Src/channel_monitor.c" -mcpu=cortex-m4 -std=gnu11 -g3 -DUSE_HAL_DRIVER -DSTM32F446xx -DDEBUG -c -I../Drivers/CMSIS/Include -I../Drivers/STM32F4xx_HAL_Driver/Inc -I../Core/Inc -I../Drivers/CMSIS/Device/ST/STM32F4xx/Include -I../Drivers/STM32F4xx_HAL_Driver/Inc/Legacy -O0 -ffunction-sections -fdata-sections -Wall -fstack-usage -MMD -MP -MF"Core/Src/channel_monitor.d" -MT"Core/Src/channel_monitor.o" --specs=nano.specs -mfpu=fpv4-sp-d16 -mfloat-abi=hard -mthumb -o "Core/Src/channel_monitor.o"
arm-none-eabi-gcc "../Core/Src/crc.c" -mcpu=cortex-m4 -std=gnu11 -g3 -DUSE_HAL_DRIVER -DSTM32F446xx -DDEBUG -c -I../Drivers/CMSIS/Include -I../Drivers/STM32F4xx_HAL_Driver/Inc -I../Core/Inc -I../Drivers/CMSIS/Device/ST/STM32F4xx/Include -I../Drivers/STM32F4xx_HAL_Driver/Inc/Legacy -O0 -ffunction-sections -fdata-sections -Wall -fstack-usage -MMD -MP -MF"Core/Src/crc.d" -MT"Core/Src/crc.o" --specs=nano.specs -mfpu=fpv4-sp-d16 -mfloat-abi=hard -mthumb -o "Core/Src/crc.o"
arm-none-eabi-gcc "../Core/Src/main.c" -mcpu=cortex-m4 -std=gnu11 -g3 -DUSE_HAL_DRIVER -DSTM32F446xx -DDEBUG -c -I../Drivers/CMSIS/Include -I../Drivers/STM32F4xx_HAL_Driver/Inc -I../Core/Inc -I../Drivers/CMSIS/Device/ST/STM32F4xx/Include -I../Drivers/STM32F4xx_HAL_Driver/Inc/Legacy -O0 -ffunction-sections -fdata-sections -Wall -fstack-usage -MMD -MP -MF"Core/Src/main.d" -MT"Core/Src/main.o" --specs=nano.specs -mfpu=fpv4-sp-d16 -mfloat-abi=hard -mthumb -o "Core/Src/main.o"
arm-none-eabi-gcc "../Core/Src/receive.c" -mcpu=cortex-m4 -std=gnu11 -g3 -DUSE_HAL_DRIVER -DSTM32F446xx -DDEBUG -c -I../Drivers/CMSIS/Include -I../Drivers/STM32F4xx_HAL_Driver/Inc -I../Core/Inc -I../Drivers/CMSIS/Device/ST/STM32F4xx/Include -I../Drivers/STM32F4xx_HAL_Driver/Inc/Legacy -O0 -ffunction-sections -fdata-sections -Wall -fstack-usage -MMD -MP -MF"Core/Src/receive.d" -MT"Core/Src/receive.o" --specs=nano.specs -mfpu=fpv4-sp-d16 -mfloat-abi=hard -mthumb -o "Core/Src/receive.o"
arm-none-eabi-gcc "../Core/Src/stm32f4xx_hal_msp.c" -mcpu=cortex-m4 -std=gnu11 -g3 -DUSE_HAL_DRIVER -DSTM32F446xx -DDEBUG -c -I../Drivers/CMSIS/Include -I../Drivers/STM32F4xx_HAL_Driver/Inc -I../Core/Inc -I../Drivers/CMSIS/Device/ST/STM32F4xx/Include -I../Drivers/STM32F4xx_HAL_Driver/Inc/Legacy -O0 -ffunction-sections -fdata-sections -Wall -fstack-usage -MMD -MP -MF"Core/Src/stm32f4xx_hal_msp.d" -MT"Core/Src/stm32f4xx_hal_msp.o" --specs=nano.specs -mfpu=fpv4-sp-d16 -mfloat-abi=hard -mthumb -o "Core/Src/stm32f4xx_hal_msp.o"
arm-none-eabi-gcc "../Core/Src/stm32f4xx_it.c" -mcpu=cortex-m4 -std=gnu11 -g3 -DUSE_HAL_DRIVER -DSTM32F446xx -DDEBUG -c -I../Drivers/CMSIS/Include -I../Drivers/STM32F4xx_HAL_Driver/Inc -I../Core/Inc -I../Drivers/CMSIS/Device/ST/STM32F4xx/Include -I../Drivers/STM32F4xx_HAL_Driver/Inc/Legacy -O0 -ffunction-sections -fdata-sections -Wall -fstack-usage -MMD -MP -MF"Core/Src/stm32f4xx_it.d" -MT"Core/Src/stm32f4xx_it.o" --specs=nano.specs -mfpu=fpv4-sp-d16 -mfloat-abi=hard -mthumb -o "Core/Src/stm32f4xx_it.o"
arm-none-eabi-gcc "../Core/Src/syscalls.c" -mcpu=cortex-m4 -std=gnu11 -g3 -DUSE_HAL_DRIVER -DSTM32F446xx -DDEBUG -c -I../Drivers/CMSIS/Include -I../Drivers/STM32F4xx_HAL_Driver/Inc -I../Core/Inc -I../Drivers/CMSIS/Device/ST/STM32F4xx/Include -I../Drivers/STM32F4xx_HAL_Driver/Inc/Legacy -O0 -ffunction-sections -fdata-sections -Wall -fstack-usage -MMD -MP -MF"Core/Src/syscalls.d" -MT"Core/Src/syscalls.o" --specs=nano.specs -mfpu=fpv4-sp-d16 -mfloat-abi=hard -mthumb -o "Core/Src/syscalls.o"
arm-none-eabi-gcc "../Core/Src/sysmem.c" -mcpu=cortex-m4 -std=gnu11 -g3 -DUSE_HAL_DRIVER -DSTM32F446xx -DDEBUG -c -I../Drivers/CMSIS/Include -I../Drivers/STM32F4xx_HAL_Driver/Inc -I../Core/Inc -I../Drivers/CMSIS/Device/ST/STM32F4xx/Include -I../Drivers/STM32F4xx_HAL_Driver/Inc/Legacy -O0 -ffunction-sections -fdata-sections -Wall -fstack-usage -MMD -MP -MF"Core/Src/sysmem.d" -MT"Core/Src/sysmem.o" --specs=nano.specs -mfpu=fpv4-sp-d16 -mfloat-abi=hard -mthumb -o "Core/Src/sysmem.o"
arm-none-eabi-gcc "../Core/Src/system_stm32f4xx.c" -mcpu=cortex-m4 -std=gnu11 -g3 -DUSE_HAL_DRIVER -DSTM32F446xx -DDEBUG -c -I../Drivers/CMSIS/Include -I../Drivers/STM32F4xx_HAL_Driver/Inc -I../Core/Inc -I../Drivers/CMSIS/Device/ST/STM32F4xx/Include -I../Drivers/STM32F4xx_HAL_Driver/Inc/Legacy -O0 -ffunction-sections -fdata-sections -Wall -fstack-usage -MMD -MP -MF"Core/Src/system_stm32f4xx.d" -MT"Core/Src/system_stm32f4xx.o" --specs=nano.specs -mfpu=fpv4-sp-d16 -mfloat-abi=hard -mthumb -o "Core/Src/system_stm32f4xx.o"
arm-none-eabi-gcc "../Core/Src/transmit.c" -mcpu=cortex-m4 -std=gnu11 -g3 -DUSE_HAL_DRIVER -DSTM32F446xx -DDEBUG -c -I../Drivers/CMSIS/Include -I../Drivers/STM32F4xx_HAL_Driver/Inc -I../Core/Inc -I../Drivers/CMSIS/Device/ST/STM32F4xx/Include -I../Drivers/STM32F4xx_HAL_Driver/Inc/Legacy -O0 -ffunction-sections -fdata-sections -Wall -fstack-usage -MMD -MP -MF"Core/Src/transmit.d" -MT"Core/Src/transmit.o" --specs=nano.specs -mfpu=fpv4-sp-d16 -mfloat-abi=hard -mthumb -o "Core/Src/transmit.o"
arm-none-eabi-gcc -o "Networking1.elf" @"objects.list"   -mcpu=cortex-m4 -T"C:\Users\hatri\OneDrive - Milwaukee School of Engineering\Networking 1 (2019)\Project_Working\Networking_1_Project_C\Networking1\STM32F446RETX_FLASH.ld" --specs=nosys.specs -Wl,-Map="Networking1.map" -Wl,--gc-sections -static --specs=nano.specs -mfpu=fpv4-sp-d16 -mfloat-abi=hard -mthumb -Wl,--start-group -lc -lm -Wl,--end-group
Finished building target: Networking1.elf
 
arm-none-eabi-size   Networking1.elf 
arm-none-eabi-objdump -h -S  Networking1.elf  > "Networking1.list"
   text	   data	    bss	    dec	    hex	filename
  18416	    492	   2252	  21160	   52a8	Networking1.elf
Finished building: default.size.stdout
 
Finished building: Networking1.list
 
15:32:52 **** Incremental Build of configuration Debug for project Networking1 ****
make -j8 all 
arm-none-eabi-gcc "../Core/Src/channel_monitor.c" -mcpu=cortex-m4 -std=gnu11 -g3 -DUSE_HAL_DRIVER -DSTM32F446xx -DDEBUG -c -I../Drivers/CMSIS/Include -I../Drivers/STM32F4xx_HAL_Driver/Inc -I../Core/Inc -I../Drivers/CMSIS/Device/ST/STM32F4xx/Include -I../Drivers/STM32F4xx_HAL_Driver/Inc/Legacy -O0 -ffunction-sections -fdata-sections -Wall -fstack-usage -MMD -MP -MF"Core/Src/channel_monitor.d" -MT"Core/Src/channel_monitor.o" --specs=nano.specs -mfpu=fpv4-sp-d16 -mfloat-abi=hard -mthumb -o "Core/Src/channel_monitor.o"
arm-none-eabi-gcc "../Core/Src/crc.c" -mcpu=cortex-m4 -std=gnu11 -g3 -DUSE_HAL_DRIVER -DSTM32F446xx -DDEBUG -c -I../Drivers/CMSIS/Include -I../Drivers/STM32F4xx_HAL_Driver/Inc -I../Core/Inc -I../Drivers/CMSIS/Device/ST/STM32F4xx/Include -I../Drivers/STM32F4xx_HAL_Driver/Inc/Legacy -O0 -ffunction-sections -fdata-sections -Wall -fstack-usage -MMD -MP -MF"Core/Src/crc.d" -MT"Core/Src/crc.o" --specs=nano.specs -mfpu=fpv4-sp-d16 -mfloat-abi=hard -mthumb -o "Core/Src/crc.o"
arm-none-eabi-gcc "../Core/Src/main.c" -mcpu=cortex-m4 -std=gnu11 -g3 -DUSE_HAL_DRIVER -DSTM32F446xx -DDEBUG -c -I../Drivers/CMSIS/Include -I../Drivers/STM32F4xx_HAL_Driver/Inc -I../Core/Inc -I../Drivers/CMSIS/Device/ST/STM32F4xx/Include -I../Drivers/STM32F4xx_HAL_Driver/Inc/Legacy -O0 -ffunction-sections -fdata-sections -Wall -fstack-usage -MMD -MP -MF"Core/Src/main.d" -MT"Core/Src/main.o" --specs=nano.specs -mfpu=fpv4-sp-d16 -mfloat-abi=hard -mthumb -o "Core/Src/main.o"
arm-none-eabi-gcc "../Core/Src/receive.c" -mcpu=cortex-m4 -std=gnu11 -g3 -DUSE_HAL_DRIVER -DSTM32F446xx -DDEBUG -c -I../Drivers/CMSIS/Include -I../Drivers/STM32F4xx_HAL_Driver/Inc -I../Core/Inc -I../Drivers/CMSIS/Device/ST/STM32F4xx/Include -I../Drivers/STM32F4xx_HAL_Driver/Inc/Legacy -O0 -ffunction-sections -fdata-sections -Wall -fstack-usage -MMD -MP -MF"Core/Src/receive.d" -MT"Core/Src/receive.o" --specs=nano.specs -mfpu=fpv4-sp-d16 -mfloat-abi=hard -mthumb -o "Core/Src/receive.o"
arm-none-eabi-gcc "../Core/Src/stm32f4xx_hal_msp.c" -mcpu=cortex-m4 -std=gnu11 -g3 -DUSE_HAL_DRIVER -DSTM32F446xx -DDEBUG -c -I../Drivers/CMSIS/Include -I../Drivers/STM32F4xx_HAL_Driver/Inc -I../Core/Inc -I../Drivers/CMSIS/Device/ST/STM32F4xx/Include -I../Drivers/STM32F4xx_HAL_Driver/Inc/Legacy -O0 -ffunction-sections -fdata-sections -Wall -fstack-usage -MMD -MP -MF"Core/Src/stm32f4xx_hal_msp.d" -MT"Core/Src/stm32f4xx_hal_msp.o" --specs=nano.specs -mfpu=fpv4-sp-d16 -mfloat-abi=hard -mthumb -o "Core/Src/stm32f4xx_hal_msp.o"
arm-none-eabi-gcc "../Core/Src/stm32f4xx_it.c" -mcpu=cortex-m4 -std=gnu11 -g3 -DUSE_HAL_DRIVER -DSTM32F446xx -DDEBUG -c -I../Drivers/CMSIS/Include -I../Drivers/STM32F4xx_HAL_Driver/Inc -I../Core/Inc -I../Drivers/CMSIS/Device/ST/STM32F4xx/Include -I../Drivers/STM32F4xx_HAL_Driver/Inc/Legacy -O0 -ffunction-sections -fdata-sections -Wall -fstack-usage -MMD -MP -MF"Core/Src/stm32f4xx_it.d" -MT"Core/Src/stm32f4xx_it.o" --specs=nano.specs -mfpu=fpv4-sp-d16 -mfloat-abi=hard -mthumb -o "Core/Src/stm32f4xx_it.o"
arm-none-eabi-gcc "../Core/Src/transmit.c" -mcpu=cortex-m4 -std=gnu11 -g3 -DUSE_HAL_DRIVER -DSTM32F446xx -DDEBUG -c -I../Drivers/CMSIS/Include -I../Drivers/STM32F4xx_HAL_Driver/Inc -I../Core/Inc -I../Drivers/CMSIS/Device/ST/STM32F4xx/Include -I../Drivers/STM32F4xx_HAL_Driver/Inc/Legacy -O0 -ffunction-sections -fdata-sections -Wall -fstack-usage -MMD -MP -MF"Core/Src/transmit.d" -MT"Core/Src/transmit.o" --specs=nano.specs -mfpu=fpv4-sp-d16 -mfloat-abi=hard -mthumb -o "Core/Src/transmit.o"
../Core/Src/main.c: In function 'UART_Receive':
../Core/Src/main.c:512:39: error: 'buff2' undeclared (first use in this function); did you mean 'buff'?
  HAL_UART_Transmit ( huart, (uint8_t*)buff2, strlen( buff2 ), 10 );
                                       ^~~~~
                                       buff
../Core/Src/main.c:512:39: note: each undeclared identifier is reported only once for each function it appears in
make: *** [Core/Src/subdir.mk:49: Core/Src/main.o] Error 1
make: *** Waiting for unfinished jobs....
"make -j8 all" terminated with exit code 2. Build might be incomplete.
15:32:57 **** Incremental Build of configuration Debug for project Networking1 ****
make -j8 all 
arm-none-eabi-gcc "../Core/Src/main.c" -mcpu=cortex-m4 -std=gnu11 -g3 -DUSE_HAL_DRIVER -DSTM32F446xx -DDEBUG -c -I../Drivers/CMSIS/Include -I../Drivers/STM32F4xx_HAL_Driver/Inc -I../Core/Inc -I../Drivers/CMSIS/Device/ST/STM32F4xx/Include -I../Drivers/STM32F4xx_HAL_Driver/Inc/Legacy -O0 -ffunction-sections -fdata-sections -Wall -fstack-usage -MMD -MP -MF"Core/Src/main.d" -MT"Core/Src/main.o" --specs=nano.specs -mfpu=fpv4-sp-d16 -mfloat-abi=hard -mthumb -o "Core/Src/main.o"
arm-none-eabi-gcc -o "Networking1.elf" @"objects.list"   -mcpu=cortex-m4 -T"C:\Users\hatri\OneDrive - Milwaukee School of Engineering\Networking 1 (2019)\Project_Working\Networking_1_Project_C\Networking1\STM32F446RETX_FLASH.ld" --specs=nosys.specs -Wl,-Map="Networking1.map" -Wl,--gc-sections -static --specs=nano.specs -mfpu=fpv4-sp-d16 -mfloat-abi=hard -mthumb -Wl,--start-group -lc -lm -Wl,--end-group
Finished building target: Networking1.elf
 
arm-none-eabi-objdump -h -S  Networking1.elf  > "Networking1.list"
arm-none-eabi-size   Networking1.elf 
   text	   data	    bss	    dec	    hex	filename
  18416	    492	   2252	  21160	   52a8	Networking1.elf
Finished building: default.size.stdout
 
Finished building: Networking1.list
 
15:34:28 **** Incremental Build of configuration Debug for project Networking1 ****
make -j8 all 
arm-none-eabi-gcc "../Core/Src/transmit.c" -mcpu=cortex-m4 -std=gnu11 -g3 -DUSE_HAL_DRIVER -DSTM32F446xx -DDEBUG -c -I../Drivers/CMSIS/Include -I../Drivers/STM32F4xx_HAL_Driver/Inc -I../Core/Inc -I../Drivers/CMSIS/Device/ST/STM32F4xx/Include -I../Drivers/STM32F4xx_HAL_Driver/Inc/Legacy -O0 -ffunction-sections -fdata-sections -Wall -fstack-usage -MMD -MP -MF"Core/Src/transmit.d" -MT"Core/Src/transmit.o" --specs=nano.specs -mfpu=fpv4-sp-d16 -mfloat-abi=hard -mthumb -o "Core/Src/transmit.o"
../Core/Src/transmit.c: In function 'tm_calc_next':
../Core/Src/transmit.c:123:15: error: 'Data' undeclared (first use in this function); did you mean 'data'?
   to_send = *(Data + where);
               ^~~~
               data
../Core/Src/transmit.c:123:15: note: each undeclared identifier is reported only once for each function it appears in
make: *** [Core/Src/subdir.mk:63: Core/Src/transmit.o] Error 1
"make -j8 all" terminated with exit code 2. Build might be incomplete.
15:34:53 **** Incremental Build of configuration Debug for project Networking1 ****
make -j8 all 
arm-none-eabi-gcc "../Core/Src/transmit.c" -mcpu=cortex-m4 -std=gnu11 -g3 -DUSE_HAL_DRIVER -DSTM32F446xx -DDEBUG -c -I../Drivers/CMSIS/Include -I../Drivers/STM32F4xx_HAL_Driver/Inc -I../Core/Inc -I../Drivers/CMSIS/Device/ST/STM32F4xx/Include -I../Drivers/STM32F4xx_HAL_Driver/Inc/Legacy -O0 -ffunction-sections -fdata-sections -Wall -fstack-usage -MMD -MP -MF"Core/Src/transmit.d" -MT"Core/Src/transmit.o" --specs=nano.specs -mfpu=fpv4-sp-d16 -mfloat-abi=hard -mthumb -o "Core/Src/transmit.o"
../Core/Src/transmit.c: In function 'tm_calc_next':
../Core/Src/transmit.c:123:15: error: 'rx' undeclared (first use in this function); did you mean 'tx'?
   to_send = *(rx->data + where);
               ^~
               tx
../Core/Src/transmit.c:123:15: note: each undeclared identifier is reported only once for each function it appears in
make: *** [Core/Src/subdir.mk:63: Core/Src/transmit.o] Error 1
"make -j8 all" terminated with exit code 2. Build might be incomplete.
15:34:57 **** Incremental Build of configuration Debug for project Networking1 ****
make -j8 all 
arm-none-eabi-gcc "../Core/Src/transmit.c" -mcpu=cortex-m4 -std=gnu11 -g3 -DUSE_HAL_DRIVER -DSTM32F446xx -DDEBUG -c -I../Drivers/CMSIS/Include -I../Drivers/STM32F4xx_HAL_Driver/Inc -I../Core/Inc -I../Drivers/CMSIS/Device/ST/STM32F4xx/Include -I../Drivers/STM32F4xx_HAL_Driver/Inc/Legacy -O0 -ffunction-sections -fdata-sections -Wall -fstack-usage -MMD -MP -MF"Core/Src/transmit.d" -MT"Core/Src/transmit.o" --specs=nano.specs -mfpu=fpv4-sp-d16 -mfloat-abi=hard -mthumb -o "Core/Src/transmit.o"
arm-none-eabi-gcc -o "Networking1.elf" @"objects.list"   -mcpu=cortex-m4 -T"C:\Users\hatri\OneDrive - Milwaukee School of Engineering\Networking 1 (2019)\Project_Working\Networking_1_Project_C\Networking1\STM32F446RETX_FLASH.ld" --specs=nosys.specs -Wl,-Map="Networking1.map" -Wl,--gc-sections -static --specs=nano.specs -mfpu=fpv4-sp-d16 -mfloat-abi=hard -mthumb -Wl,--start-group -lc -lm -Wl,--end-group
Finished building target: Networking1.elf
 
arm-none-eabi-objdump -h -S  Networking1.elf  > "Networking1.list"
arm-none-eabi-size   Networking1.elf 
   text	   data	    bss	    dec	    hex	filename
  18412	    492	   2252	  21156	   52a4	Networking1.elf
Finished building: default.size.stdout
 
Finished building: Networking1.list
 
16:10:05 **** Incremental Build of configuration Debug for project Networking1 ****
make -j8 all 
arm-none-eabi-gcc "../Core/Src/main.c" -mcpu=cortex-m4 -std=gnu11 -g3 -DUSE_HAL_DRIVER -DSTM32F446xx -DDEBUG -c -I../Drivers/CMSIS/Include -I../Drivers/STM32F4xx_HAL_Driver/Inc -I../Core/Inc -I../Drivers/CMSIS/Device/ST/STM32F4xx/Include -I../Drivers/STM32F4xx_HAL_Driver/Inc/Legacy -O0 -ffunction-sections -fdata-sections -Wall -fstack-usage -MMD -MP -MF"Core/Src/main.d" -MT"Core/Src/main.o" --specs=nano.specs -mfpu=fpv4-sp-d16 -mfloat-abi=hard -mthumb -o "Core/Src/main.o"
arm-none-eabi-gcc "../Core/Src/transmit.c" -mcpu=cortex-m4 -std=gnu11 -g3 -DUSE_HAL_DRIVER -DSTM32F446xx -DDEBUG -c -I../Drivers/CMSIS/Include -I../Drivers/STM32F4xx_HAL_Driver/Inc -I../Core/Inc -I../Drivers/CMSIS/Device/ST/STM32F4xx/Include -I../Drivers/STM32F4xx_HAL_Driver/Inc/Legacy -O0 -ffunction-sections -fdata-sections -Wall -fstack-usage -MMD -MP -MF"Core/Src/transmit.d" -MT"Core/Src/transmit.o" --specs=nano.specs -mfpu=fpv4-sp-d16 -mfloat-abi=hard -mthumb -o "Core/Src/transmit.o"
../Core/Src/transmit.c: In function 'tm_init':
../Core/Src/transmit.c:23:2: error: 'size' undeclared (first use in this function); did you mean 'size_t'?
  size = 0;
  ^~~~
  size_t
../Core/Src/transmit.c:23:2: note: each undeclared identifier is reported only once for each function it appears in
../Core/Src/transmit.c: In function 'tm_calc_next':
../Core/Src/transmit.c:124:11: warning: implicit declaration of function 'rand'; did you mean 'rindex'? [-Wimplicit-function-declaration]
   int r = rand() % 1000; //max value of 1000. this sets our time to 1 ms with a max of 1 second
           ^~~~
           rindex
../Core/Src/transmit.c:125:3: warning: implicit declaration of function 'usleep'; did you mean 'fseek'? [-Wimplicit-function-declaration]
   usleep(r); //sleep for at least 1 ms. up to 1 second.
   ^~~~~~
   fseek
make: *** [Core/Src/subdir.mk:63: Core/Src/transmit.o] Error 1
make: *** Waiting for unfinished jobs....
"make -j8 all" terminated with exit code 2. Build might be incomplete.
16:10:16 **** Incremental Build of configuration Debug for project Networking1 ****
make -j8 all 
arm-none-eabi-gcc "../Core/Src/transmit.c" -mcpu=cortex-m4 -std=gnu11 -g3 -DUSE_HAL_DRIVER -DSTM32F446xx -DDEBUG -c -I../Drivers/CMSIS/Include -I../Drivers/STM32F4xx_HAL_Driver/Inc -I../Core/Inc -I../Drivers/CMSIS/Device/ST/STM32F4xx/Include -I../Drivers/STM32F4xx_HAL_Driver/Inc/Legacy -O0 -ffunction-sections -fdata-sections -Wall -fstack-usage -MMD -MP -MF"Core/Src/transmit.d" -MT"Core/Src/transmit.o" --specs=nano.specs -mfpu=fpv4-sp-d16 -mfloat-abi=hard -mthumb -o "Core/Src/transmit.o"
../Core/Src/transmit.c: In function 'tm_calc_next':
../Core/Src/transmit.c:123:11: warning: implicit declaration of function 'rand'; did you mean 'rindex'? [-Wimplicit-function-declaration]
   int r = rand() % 1000; //max value of 1000. this sets our time to 1 ms with a max of 1 second
           ^~~~
           rindex
../Core/Src/transmit.c:124:3: warning: implicit declaration of function 'usleep'; did you mean 'fseek'? [-Wimplicit-function-declaration]
   usleep(r); //sleep for at least 1 ms. up to 1 second.
   ^~~~~~
   fseek
arm-none-eabi-gcc -o "Networking1.elf" @"objects.list"   -mcpu=cortex-m4 -T"C:\Users\hatri\OneDrive - Milwaukee School of Engineering\Networking 1 (2019)\Project_Working\Networking_1_Project_C\Networking1\STM32F446RETX_FLASH.ld" --specs=nosys.specs -Wl,-Map="Networking1.map" -Wl,--gc-sections -static --specs=nano.specs -mfpu=fpv4-sp-d16 -mfloat-abi=hard -mthumb -Wl,--start-group -lc -lm -Wl,--end-group
Core/Src/transmit.o: In function `tm_calc_next':
C:/Users/hatri/OneDrive - Milwaukee School of Engineering/Networking 1 (2019)/Project_Working/Networking_1_Project_C/Networking1/Debug/../Core/Src/transmit.c:124: undefined reference to `usleep'
collect2.exe: error: ld returned 1 exit status
make: *** [makefile:41: Networking1.elf] Error 1
"make -j8 all" terminated with exit code 2. Build might be incomplete.
16:10:40 **** Incremental Build of configuration Debug for project Networking1 ****
make -j8 all 
arm-none-eabi-gcc "../Core/Src/transmit.c" -mcpu=cortex-m4 -std=gnu11 -g3 -DUSE_HAL_DRIVER -DSTM32F446xx -DDEBUG -c -I../Drivers/CMSIS/Include -I../Drivers/STM32F4xx_HAL_Driver/Inc -I../Core/Inc -I../Drivers/CMSIS/Device/ST/STM32F4xx/Include -I../Drivers/STM32F4xx_HAL_Driver/Inc/Legacy -O0 -ffunction-sections -fdata-sections -Wall -fstack-usage -MMD -MP -MF"Core/Src/transmit.d" -MT"Core/Src/transmit.o" --specs=nano.specs -mfpu=fpv4-sp-d16 -mfloat-abi=hard -mthumb -o "Core/Src/transmit.o"
../Core/Src/transmit.c: In function 'tm_calc_next':
../Core/Src/transmit.c:124:11: warning: implicit declaration of function 'rand'; did you mean 'read'? [-Wimplicit-function-declaration]
   int r = rand() % 1000; //max value of 1000. this sets our time to 1 ms with a max of 1 second
           ^~~~
           read
arm-none-eabi-gcc -o "Networking1.elf" @"objects.list"   -mcpu=cortex-m4 -T"C:\Users\hatri\OneDrive - Milwaukee School of Engineering\Networking 1 (2019)\Project_Working\Networking_1_Project_C\Networking1\STM32F446RETX_FLASH.ld" --specs=nosys.specs -Wl,-Map="Networking1.map" -Wl,--gc-sections -static --specs=nano.specs -mfpu=fpv4-sp-d16 -mfloat-abi=hard -mthumb -Wl,--start-group -lc -lm -Wl,--end-group
Core/Src/transmit.o: In function `tm_calc_next':
C:/Users/hatri/OneDrive - Milwaukee School of Engineering/Networking 1 (2019)/Project_Working/Networking_1_Project_C/Networking1/Debug/../Core/Src/transmit.c:125: undefined reference to `usleep'
collect2.exe: error: ld returned 1 exit status
make: *** [makefile:41: Networking1.elf] Error 1
"make -j8 all" terminated with exit code 2. Build might be incomplete.
16:10:59 **** Incremental Build of configuration Debug for project Networking1 ****
make -j8 all 
arm-none-eabi-gcc -o "Networking1.elf" @"objects.list"   -mcpu=cortex-m4 -T"C:\Users\hatri\OneDrive - Milwaukee School of Engineering\Networking 1 (2019)\Project_Working\Networking_1_Project_C\Networking1\STM32F446RETX_FLASH.ld" --specs=nosys.specs -Wl,-Map="Networking1.map" -Wl,--gc-sections -static --specs=nano.specs -mfpu=fpv4-sp-d16 -mfloat-abi=hard -mthumb -Wl,--start-group -lc -lm -Wl,--end-group
Core/Src/transmit.o: In function `tm_calc_next':
C:/Users/hatri/OneDrive - Milwaukee School of Engineering/Networking 1 (2019)/Project_Working/Networking_1_Project_C/Networking1/Debug/../Core/Src/transmit.c:125: undefined reference to `usleep'
collect2.exe: error: ld returned 1 exit status
make: *** [makefile:41: Networking1.elf] Error 1
"make -j8 all" terminated with exit code 2. Build might be incomplete.
16:11:29 **** Incremental Build of configuration Debug for project Networking1 ****
make -j8 all 
arm-none-eabi-gcc "../Core/Src/main.c" -mcpu=cortex-m4 -std=gnu11 -g3 -DUSE_HAL_DRIVER -DSTM32F446xx -DDEBUG -c -I../Drivers/CMSIS/Include -I../Drivers/STM32F4xx_HAL_Driver/Inc -I../Core/Inc -I../Drivers/CMSIS/Device/ST/STM32F4xx/Include -I../Drivers/STM32F4xx_HAL_Driver/Inc/Legacy -O0 -ffunction-sections -fdata-sections -Wall -fstack-usage -MMD -MP -MF"Core/Src/main.d" -MT"Core/Src/main.o" --specs=nano.specs -mfpu=fpv4-sp-d16 -mfloat-abi=hard -mthumb -o "Core/Src/main.o"
arm-none-eabi-gcc "../Core/Src/transmit.c" -mcpu=cortex-m4 -std=gnu11 -g3 -DUSE_HAL_DRIVER -DSTM32F446xx -DDEBUG -c -I../Drivers/CMSIS/Include -I../Drivers/STM32F4xx_HAL_Driver/Inc -I../Core/Inc -I../Drivers/CMSIS/Device/ST/STM32F4xx/Include -I../Drivers/STM32F4xx_HAL_Driver/Inc/Legacy -O0 -ffunction-sections -fdata-sections -Wall -fstack-usage -MMD -MP -MF"Core/Src/transmit.d" -MT"Core/Src/transmit.o" --specs=nano.specs -mfpu=fpv4-sp-d16 -mfloat-abi=hard -mthumb -o "Core/Src/transmit.o"
../Core/Src/transmit.c: In function 'tm_calc_next':
../Core/Src/transmit.c:123:11: warning: implicit declaration of function 'rand'; did you mean 'read'? [-Wimplicit-function-declaration]
   int r = rand() % 1000; //max value of 1000. this sets our time to 1 ms with a max of 1 second
           ^~~~
           read
arm-none-eabi-gcc -o "Networking1.elf" @"objects.list"   -mcpu=cortex-m4 -T"C:\Users\hatri\OneDrive - Milwaukee School of Engineering\Networking 1 (2019)\Project_Working\Networking_1_Project_C\Networking1\STM32F446RETX_FLASH.ld" --specs=nosys.specs -Wl,-Map="Networking1.map" -Wl,--gc-sections -static --specs=nano.specs -mfpu=fpv4-sp-d16 -mfloat-abi=hard -mthumb -Wl,--start-group -lc -lm -Wl,--end-group
Core/Src/transmit.o: In function `tm_calc_next':
C:/Users/hatri/OneDrive - Milwaukee School of Engineering/Networking 1 (2019)/Project_Working/Networking_1_Project_C/Networking1/Debug/../Core/Src/transmit.c:124: undefined reference to `usleep'
collect2.exe: error: ld returned 1 exit status
make: *** [makefile:41: Networking1.elf] Error 1
"make -j8 all" terminated with exit code 2. Build might be incomplete.
16:13:07 **** Incremental Build of configuration Debug for project Networking1 ****
make -j8 all 
arm-none-eabi-gcc "../Core/Src/main.c" -mcpu=cortex-m4 -std=gnu11 -g3 -DUSE_HAL_DRIVER -DSTM32F446xx -DDEBUG -c -I../Drivers/CMSIS/Include -I../Drivers/STM32F4xx_HAL_Driver/Inc -I../Core/Inc -I../Drivers/CMSIS/Device/ST/STM32F4xx/Include -I../Drivers/STM32F4xx_HAL_Driver/Inc/Legacy -O0 -ffunction-sections -fdata-sections -Wall -fstack-usage -MMD -MP -MF"Core/Src/main.d" -MT"Core/Src/main.o" --specs=nano.specs -mfpu=fpv4-sp-d16 -mfloat-abi=hard -mthumb -o "Core/Src/main.o"
arm-none-eabi-gcc "../Core/Src/transmit.c" -mcpu=cortex-m4 -std=gnu11 -g3 -DUSE_HAL_DRIVER -DSTM32F446xx -DDEBUG -c -I../Drivers/CMSIS/Include -I../Drivers/STM32F4xx_HAL_Driver/Inc -I../Core/Inc -I../Drivers/CMSIS/Device/ST/STM32F4xx/Include -I../Drivers/STM32F4xx_HAL_Driver/Inc/Legacy -O0 -ffunction-sections -fdata-sections -Wall -fstack-usage -MMD -MP -MF"Core/Src/transmit.d" -MT"Core/Src/transmit.o" --specs=nano.specs -mfpu=fpv4-sp-d16 -mfloat-abi=hard -mthumb -o "Core/Src/transmit.o"
arm-none-eabi-gcc -o "Networking1.elf" @"objects.list"   -mcpu=cortex-m4 -T"C:\Users\hatri\OneDrive - Milwaukee School of Engineering\Networking 1 (2019)\Project_Working\Networking_1_Project_C\Networking1\STM32F446RETX_FLASH.ld" --specs=nosys.specs -Wl,-Map="Networking1.map" -Wl,--gc-sections -static --specs=nano.specs -mfpu=fpv4-sp-d16 -mfloat-abi=hard -mthumb -Wl,--start-group -lc -lm -Wl,--end-group
Core/Src/transmit.o: In function `tm_calc_next':
C:/Users/hatri/OneDrive - Milwaukee School of Engineering/Networking 1 (2019)/Project_Working/Networking_1_Project_C/Networking1/Debug/../Core/Src/transmit.c:124: undefined reference to `usleep'
collect2.exe: error: ld returned 1 exit status
make: *** [makefile:41: Networking1.elf] Error 1
"make -j8 all" terminated with exit code 2. Build might be incomplete.
16:17:55 **** Incremental Build of configuration Debug for project Networking1 ****
make -j8 all 
arm-none-eabi-gcc "../Core/Src/main.c" -mcpu=cortex-m4 -std=gnu11 -g3 -DUSE_HAL_DRIVER -DSTM32F446xx -DDEBUG -c -I../Drivers/CMSIS/Include -I../Drivers/STM32F4xx_HAL_Driver/Inc -I../Core/Inc -I../Drivers/CMSIS/Device/ST/STM32F4xx/Include -I../Drivers/STM32F4xx_HAL_Driver/Inc/Legacy -O0 -ffunction-sections -fdata-sections -Wall -fstack-usage -MMD -MP -MF"Core/Src/main.d" -MT"Core/Src/main.o" --specs=nano.specs -mfpu=fpv4-sp-d16 -mfloat-abi=hard -mthumb -o "Core/Src/main.o"
arm-none-eabi-gcc "../Core/Src/transmit.c" -mcpu=cortex-m4 -std=gnu11 -g3 -DUSE_HAL_DRIVER -DSTM32F446xx -DDEBUG -c -I../Drivers/CMSIS/Include -I../Drivers/STM32F4xx_HAL_Driver/Inc -I../Core/Inc -I../Drivers/CMSIS/Device/ST/STM32F4xx/Include -I../Drivers/STM32F4xx_HAL_Driver/Inc/Legacy -O0 -ffunction-sections -fdata-sections -Wall -fstack-usage -MMD -MP -MF"Core/Src/transmit.d" -MT"Core/Src/transmit.o" --specs=nano.specs -mfpu=fpv4-sp-d16 -mfloat-abi=hard -mthumb -o "Core/Src/transmit.o"
arm-none-eabi-gcc -o "Networking1.elf" @"objects.list"   -mcpu=cortex-m4 -T"C:\Users\hatri\OneDrive - Milwaukee School of Engineering\Networking 1 (2019)\Project_Working\Networking_1_Project_C\Networking1\STM32F446RETX_FLASH.ld" --specs=nosys.specs -Wl,-Map="Networking1.map" -Wl,--gc-sections -static --specs=nano.specs -mfpu=fpv4-sp-d16 -mfloat-abi=hard -mthumb -Wl,--start-group -lc -lm -Wl,--end-group
Finished building target: Networking1.elf
 
arm-none-eabi-objdump -h -S  Networking1.elf  > "Networking1.list"
arm-none-eabi-size   Networking1.elf 
   text	   data	    bss	    dec	    hex	filename
  18576	    492	   2252	  21320	   5348	Networking1.elf
Finished building: default.size.stdout
 
Finished building: Networking1.list
 
16:32:32 **** Incremental Build of configuration Debug for project Networking1 ****
make -j8 all 
arm-none-eabi-gcc "../Core/Src/transmit.c" -mcpu=cortex-m4 -std=gnu11 -g3 -DUSE_HAL_DRIVER -DSTM32F446xx -DDEBUG -c -I../Drivers/CMSIS/Include -I../Drivers/STM32F4xx_HAL_Driver/Inc -I../Core/Inc -I../Drivers/CMSIS/Device/ST/STM32F4xx/Include -I../Drivers/STM32F4xx_HAL_Driver/Inc/Legacy -O0 -ffunction-sections -fdata-sections -Wall -fstack-usage -MMD -MP -MF"Core/Src/transmit.d" -MT"Core/Src/transmit.o" --specs=nano.specs -mfpu=fpv4-sp-d16 -mfloat-abi=hard -mthumb -o "Core/Src/transmit.o"
arm-none-eabi-gcc -o "Networking1.elf" @"objects.list"   -mcpu=cortex-m4 -T"C:\Users\hatri\OneDrive - Milwaukee School of Engineering\Networking 1 (2019)\Project_Working\Networking_1_Project_C\Networking1\STM32F446RETX_FLASH.ld" --specs=nosys.specs -Wl,-Map="Networking1.map" -Wl,--gc-sections -static --specs=nano.specs -mfpu=fpv4-sp-d16 -mfloat-abi=hard -mthumb -Wl,--start-group -lc -lm -Wl,--end-group
Finished building target: Networking1.elf
 
arm-none-eabi-objdump -h -S  Networking1.elf  > "Networking1.list"
arm-none-eabi-size   Networking1.elf 
   text	   data	    bss	    dec	    hex	filename
  18576	    492	   2252	  21320	   5348	Networking1.elf
Finished building: default.size.stdout
 
Finished building: Networking1.list
 
18:07:01 **** Incremental Build of configuration Debug for project Networking1 ****
make -j8 all 
arm-none-eabi-gcc "../Core/Src/transmit.c" -mcpu=cortex-m4 -std=gnu11 -g3 -DUSE_HAL_DRIVER -DSTM32F446xx -DDEBUG -c -I../Drivers/CMSIS/Include -I../Drivers/STM32F4xx_HAL_Driver/Inc -I../Core/Inc -I../Drivers/CMSIS/Device/ST/STM32F4xx/Include -I../Drivers/STM32F4xx_HAL_Driver/Inc/Legacy -O0 -ffunction-sections -fdata-sections -Wall -fstack-usage -MMD -MP -MF"Core/Src/transmit.d" -MT"Core/Src/transmit.o" --specs=nano.specs -mfpu=fpv4-sp-d16 -mfloat-abi=hard -mthumb -o "Core/Src/transmit.o"
arm-none-eabi-gcc -o "Networking1.elf" @"objects.list"   -mcpu=cortex-m4 -T"C:\Users\hatri\OneDrive - Milwaukee School of Engineering\Networking 1 (2019)\Project_Working\Networking_1_Project_C\Networking1\STM32F446RETX_FLASH.ld" --specs=nosys.specs -Wl,-Map="Networking1.map" -Wl,--gc-sections -static --specs=nano.specs -mfpu=fpv4-sp-d16 -mfloat-abi=hard -mthumb -Wl,--start-group -lc -lm -Wl,--end-group
Finished building target: Networking1.elf
 
arm-none-eabi-objdump -h -S  Networking1.elf  > "Networking1.list"
arm-none-eabi-size   Networking1.elf 
   text	   data	    bss	    dec	    hex	filename
  18576	    492	   2252	  21320	   5348	Networking1.elf
Finished building: default.size.stdout
 
Finished building: Networking1.list
 
18:07:43 **** Incremental Build of configuration Debug for project Networking1 ****
make -j8 all 
arm-none-eabi-size   Networking1.elf 
   text	   data	    bss	    dec	    hex	filename
  18576	    492	   2252	  21320	   5348	Networking1.elf
Finished building: default.size.stdout
 
18:08:05 **** Incremental Build of configuration Debug for project Networking1 ****
make -j8 all 
arm-none-eabi-size   Networking1.elf 
   text	   data	    bss	    dec	    hex	filename
  18576	    492	   2252	  21320	   5348	Networking1.elf
Finished building: default.size.stdout
 
18:09:30 **** Incremental Build of configuration Debug for project Networking1 ****
make -j8 all 
arm-none-eabi-size   Networking1.elf 
   text	   data	    bss	    dec	    hex	filename
  18576	    492	   2252	  21320	   5348	Networking1.elf
Finished building: default.size.stdout
 
18:10:33 **** Incremental Build of configuration Debug for project Networking1 ****
make -j8 all 
arm-none-eabi-size   Networking1.elf 
   text	   data	    bss	    dec	    hex	filename
  18576	    492	   2252	  21320	   5348	Networking1.elf
Finished building: default.size.stdout
 
18:10:54 **** Incremental Build of configuration Debug for project Networking1 ****
make -j8 all 
arm-none-eabi-size   Networking1.elf 
   text	   data	    bss	    dec	    hex	filename
  18576	    492	   2252	  21320	   5348	Networking1.elf
Finished building: default.size.stdout
 
18:12:06 **** Incremental Build of configuration Debug for project Networking1 ****
make -j8 all 
arm-none-eabi-size   Networking1.elf 
   text	   data	    bss	    dec	    hex	filename
  18576	    492	   2252	  21320	   5348	Networking1.elf
Finished building: default.size.stdout
 
18:13:48 **** Incremental Build of configuration Debug for project Networking1 ****
make -j8 all 
arm-none-eabi-size   Networking1.elf 
   text	   data	    bss	    dec	    hex	filename
  18576	    492	   2252	  21320	   5348	Networking1.elf
Finished building: default.size.stdout
 
18:14:26 **** Incremental Build of configuration Debug for project Networking1 ****
make -j8 all 
arm-none-eabi-size   Networking1.elf 
   text	   data	    bss	    dec	    hex	filename
  18576	    492	   2252	  21320	   5348	Networking1.elf
Finished building: default.size.stdout
 
18:26:24 **** Incremental Build of configuration Debug for project Networking1 ****
make -j8 all 
arm-none-eabi-size   Networking1.elf 
   text	   data	    bss	    dec	    hex	filename
  18576	    492	   2252	  21320	   5348	Networking1.elf
Finished building: default.size.stdout
 
18:27:53 **** Incremental Build of configuration Debug for project Networking1 ****
make -j8 all 
arm-none-eabi-gcc "../Core/Src/main.c" -mcpu=cortex-m4 -std=gnu11 -g3 -DUSE_HAL_DRIVER -DSTM32F446xx -DDEBUG -c -I../Drivers/CMSIS/Include -I../Drivers/STM32F4xx_HAL_Driver/Inc -I../Core/Inc -I../Drivers/CMSIS/Device/ST/STM32F4xx/Include -I../Drivers/STM32F4xx_HAL_Driver/Inc/Legacy -O0 -ffunction-sections -fdata-sections -Wall -fstack-usage -MMD -MP -MF"Core/Src/main.d" -MT"Core/Src/main.o" --specs=nano.specs -mfpu=fpv4-sp-d16 -mfloat-abi=hard -mthumb -o "Core/Src/main.o"
arm-none-eabi-gcc "../Core/Src/receive.c" -mcpu=cortex-m4 -std=gnu11 -g3 -DUSE_HAL_DRIVER -DSTM32F446xx -DDEBUG -c -I../Drivers/CMSIS/Include -I../Drivers/STM32F4xx_HAL_Driver/Inc -I../Core/Inc -I../Drivers/CMSIS/Device/ST/STM32F4xx/Include -I../Drivers/STM32F4xx_HAL_Driver/Inc/Legacy -O0 -ffunction-sections -fdata-sections -Wall -fstack-usage -MMD -MP -MF"Core/Src/receive.d" -MT"Core/Src/receive.o" --specs=nano.specs -mfpu=fpv4-sp-d16 -mfloat-abi=hard -mthumb -o "Core/Src/receive.o"
arm-none-eabi-gcc -o "Networking1.elf" @"objects.list"   -mcpu=cortex-m4 -T"C:\Users\hatri\OneDrive - Milwaukee School of Engineering\Networking 1 (2019)\Project_Working\Networking_1_Project_C\Networking1\STM32F446RETX_FLASH.ld" --specs=nosys.specs -Wl,-Map="Networking1.map" -Wl,--gc-sections -static --specs=nano.specs -mfpu=fpv4-sp-d16 -mfloat-abi=hard -mthumb -Wl,--start-group -lc -lm -Wl,--end-group
Finished building target: Networking1.elf
 
arm-none-eabi-objdump -h -S  Networking1.elf  > "Networking1.list"
arm-none-eabi-size   Networking1.elf 
   text	   data	    bss	    dec	    hex	filename
  18576	    492	   2252	  21320	   5348	Networking1.elf
Finished building: default.size.stdout
 
Finished building: Networking1.list
 
18:28:40 **** Incremental Build of configuration Debug for project Networking1 ****
make -j8 all 
arm-none-eabi-gcc "../Core/Src/receive.c" -mcpu=cortex-m4 -std=gnu11 -g3 -DUSE_HAL_DRIVER -DSTM32F446xx -DDEBUG -c -I../Drivers/CMSIS/Include -I../Drivers/STM32F4xx_HAL_Driver/Inc -I../Core/Inc -I../Drivers/CMSIS/Device/ST/STM32F4xx/Include -I../Drivers/STM32F4xx_HAL_Driver/Inc/Legacy -O0 -ffunction-sections -fdata-sections -Wall -fstack-usage -MMD -MP -MF"Core/Src/receive.d" -MT"Core/Src/receive.o" --specs=nano.specs -mfpu=fpv4-sp-d16 -mfloat-abi=hard -mthumb -o "Core/Src/receive.o"
../Core/Src/receive.c: In function 'rc_store':
../Core/Src/receive.c:94:32: error: expected expression before 'uint8_t'
    rx->data = (uint8_t*)malloc(uint8_t*rx->length);
                                ^~~~~~~
make: *** [Core/Src/subdir.mk:51: Core/Src/receive.o] Error 1
"make -j8 all" terminated with exit code 2. Build might be incomplete.
18:29:05 **** Incremental Build of configuration Debug for project Networking1 ****
make -j8 all 
arm-none-eabi-gcc "../Core/Src/receive.c" -mcpu=cortex-m4 -std=gnu11 -g3 -DUSE_HAL_DRIVER -DSTM32F446xx -DDEBUG -c -I../Drivers/CMSIS/Include -I../Drivers/STM32F4xx_HAL_Driver/Inc -I../Core/Inc -I../Drivers/CMSIS/Device/ST/STM32F4xx/Include -I../Drivers/STM32F4xx_HAL_Driver/Inc/Legacy -O0 -ffunction-sections -fdata-sections -Wall -fstack-usage -MMD -MP -MF"Core/Src/receive.d" -MT"Core/Src/receive.o" --specs=nano.specs -mfpu=fpv4-sp-d16 -mfloat-abi=hard -mthumb -o "Core/Src/receive.o"
arm-none-eabi-gcc -o "Networking1.elf" @"objects.list"   -mcpu=cortex-m4 -T"C:\Users\hatri\OneDrive - Milwaukee School of Engineering\Networking 1 (2019)\Project_Working\Networking_1_Project_C\Networking1\STM32F446RETX_FLASH.ld" --specs=nosys.specs -Wl,-Map="Networking1.map" -Wl,--gc-sections -static --specs=nano.specs -mfpu=fpv4-sp-d16 -mfloat-abi=hard -mthumb -Wl,--start-group -lc -lm -Wl,--end-group
Finished building target: Networking1.elf
 
arm-none-eabi-objdump -h -S  Networking1.elf  > "Networking1.list"
arm-none-eabi-size   Networking1.elf 
   text	   data	    bss	    dec	    hex	filename
  18512	    492	   2252	  21256	   5308	Networking1.elf
Finished building: default.size.stdout
 
Finished building: Networking1.list
 
18:29:57 **** Incremental Build of configuration Debug for project Networking1 ****
make -j8 all 
arm-none-eabi-gcc "../Core/Src/receive.c" -mcpu=cortex-m4 -std=gnu11 -g3 -DUSE_HAL_DRIVER -DSTM32F446xx -DDEBUG -c -I../Drivers/CMSIS/Include -I../Drivers/STM32F4xx_HAL_Driver/Inc -I../Core/Inc -I../Drivers/CMSIS/Device/ST/STM32F4xx/Include -I../Drivers/STM32F4xx_HAL_Driver/Inc/Legacy -O0 -ffunction-sections -fdata-sections -Wall -fstack-usage -MMD -MP -MF"Core/Src/receive.d" -MT"Core/Src/receive.o" --specs=nano.specs -mfpu=fpv4-sp-d16 -mfloat-abi=hard -mthumb -o "Core/Src/receive.o"
arm-none-eabi-gcc -o "Networking1.elf" @"objects.list"   -mcpu=cortex-m4 -T"C:\Users\hatri\OneDrive - Milwaukee School of Engineering\Networking 1 (2019)\Project_Working\Networking_1_Project_C\Networking1\STM32F446RETX_FLASH.ld" --specs=nosys.specs -Wl,-Map="Networking1.map" -Wl,--gc-sections -static --specs=nano.specs -mfpu=fpv4-sp-d16 -mfloat-abi=hard -mthumb -Wl,--start-group -lc -lm -Wl,--end-group
Finished building target: Networking1.elf
 
arm-none-eabi-objdump -h -S  Networking1.elf  > "Networking1.list"
arm-none-eabi-size   Networking1.elf 
   text	   data	    bss	    dec	    hex	filename
  18524	    492	   2252	  21268	   5314	Networking1.elf
Finished building: default.size.stdout
 
Finished building: Networking1.list
 
18:30:03 **** Incremental Build of configuration Debug for project Networking1 ****
make -j8 all 
arm-none-eabi-size   Networking1.elf 
   text	   data	    bss	    dec	    hex	filename
  18524	    492	   2252	  21268	   5314	Networking1.elf
Finished building: default.size.stdout
 
18:31:44 **** Incremental Build of configuration Debug for project Networking1 ****
make -j8 all 
arm-none-eabi-gcc "../Core/Src/receive.c" -mcpu=cortex-m4 -std=gnu11 -g3 -DUSE_HAL_DRIVER -DSTM32F446xx -DDEBUG -c -I../Drivers/CMSIS/Include -I../Drivers/STM32F4xx_HAL_Driver/Inc -I../Core/Inc -I../Drivers/CMSIS/Device/ST/STM32F4xx/Include -I../Drivers/STM32F4xx_HAL_Driver/Inc/Legacy -O0 -ffunction-sections -fdata-sections -Wall -fstack-usage -MMD -MP -MF"Core/Src/receive.d" -MT"Core/Src/receive.o" --specs=nano.specs -mfpu=fpv4-sp-d16 -mfloat-abi=hard -mthumb -o "Core/Src/receive.o"
arm-none-eabi-gcc -o "Networking1.elf" @"objects.list"   -mcpu=cortex-m4 -T"C:\Users\hatri\OneDrive - Milwaukee School of Engineering\Networking 1 (2019)\Project_Working\Networking_1_Project_C\Networking1\STM32F446RETX_FLASH.ld" --specs=nosys.specs -Wl,-Map="Networking1.map" -Wl,--gc-sections -static --specs=nano.specs -mfpu=fpv4-sp-d16 -mfloat-abi=hard -mthumb -Wl,--start-group -lc -lm -Wl,--end-group
Finished building target: Networking1.elf
 
arm-none-eabi-objdump -h -S  Networking1.elf  > "Networking1.list"
arm-none-eabi-size   Networking1.elf 
   text	   data	    bss	    dec	    hex	filename
  18524	    492	   2252	  21268	   5314	Networking1.elf
Finished building: default.size.stdout
 
Finished building: Networking1.list
 
18:31:51 **** Incremental Build of configuration Debug for project Networking1 ****
make -j8 all 
arm-none-eabi-size   Networking1.elf 
   text	   data	    bss	    dec	    hex	filename
  18524	    492	   2252	  21268	   5314	Networking1.elf
Finished building: default.size.stdout
 
18:33:55 **** Incremental Build of configuration Debug for project Networking1 ****
make -j8 all 
arm-none-eabi-gcc "../Core/Src/receive.c" -mcpu=cortex-m4 -std=gnu11 -g3 -DUSE_HAL_DRIVER -DSTM32F446xx -DDEBUG -c -I../Drivers/CMSIS/Include -I../Drivers/STM32F4xx_HAL_Driver/Inc -I../Core/Inc -I../Drivers/CMSIS/Device/ST/STM32F4xx/Include -I../Drivers/STM32F4xx_HAL_Driver/Inc/Legacy -O0 -ffunction-sections -fdata-sections -Wall -fstack-usage -MMD -MP -MF"Core/Src/receive.d" -MT"Core/Src/receive.o" --specs=nano.specs -mfpu=fpv4-sp-d16 -mfloat-abi=hard -mthumb -o "Core/Src/receive.o"
arm-none-eabi-gcc -o "Networking1.elf" @"objects.list"   -mcpu=cortex-m4 -T"C:\Users\hatri\OneDrive - Milwaukee School of Engineering\Networking 1 (2019)\Project_Working\Networking_1_Project_C\Networking1\STM32F446RETX_FLASH.ld" --specs=nosys.specs -Wl,-Map="Networking1.map" -Wl,--gc-sections -static --specs=nano.specs -mfpu=fpv4-sp-d16 -mfloat-abi=hard -mthumb -Wl,--start-group -lc -lm -Wl,--end-group
Finished building target: Networking1.elf
 
arm-none-eabi-objdump -h -S  Networking1.elf  > "Networking1.list"
arm-none-eabi-size   Networking1.elf 
   text	   data	    bss	    dec	    hex	filename
  18532	    492	   2252	  21276	   531c	Networking1.elf
Finished building: default.size.stdout
 
Finished building: Networking1.list
 
18:36:07 **** Incremental Build of configuration Debug for project Networking1 ****
make -j8 all 
arm-none-eabi-gcc "../Core/Src/receive.c" -mcpu=cortex-m4 -std=gnu11 -g3 -DUSE_HAL_DRIVER -DSTM32F446xx -DDEBUG -c -I../Drivers/CMSIS/Include -I../Drivers/STM32F4xx_HAL_Driver/Inc -I../Core/Inc -I../Drivers/CMSIS/Device/ST/STM32F4xx/Include -I../Drivers/STM32F4xx_HAL_Driver/Inc/Legacy -O0 -ffunction-sections -fdata-sections -Wall -fstack-usage -MMD -MP -MF"Core/Src/receive.d" -MT"Core/Src/receive.o" --specs=nano.specs -mfpu=fpv4-sp-d16 -mfloat-abi=hard -mthumb -o "Core/Src/receive.o"
arm-none-eabi-gcc -o "Networking1.elf" @"objects.list"   -mcpu=cortex-m4 -T"C:\Users\hatri\OneDrive - Milwaukee School of Engineering\Networking 1 (2019)\Project_Working\Networking_1_Project_C\Networking1\STM32F446RETX_FLASH.ld" --specs=nosys.specs -Wl,-Map="Networking1.map" -Wl,--gc-sections -static --specs=nano.specs -mfpu=fpv4-sp-d16 -mfloat-abi=hard -mthumb -Wl,--start-group -lc -lm -Wl,--end-group
Finished building target: Networking1.elf
 
arm-none-eabi-objdump -h -S  Networking1.elf  > "Networking1.list"
arm-none-eabi-size   Networking1.elf 
   text	   data	    bss	    dec	    hex	filename
  18536	    492	   2252	  21280	   5320	Networking1.elf
Finished building: default.size.stdout
 
Finished building: Networking1.list
 
18:37:07 **** Incremental Build of configuration Debug for project Networking1 ****
make -j8 all 
arm-none-eabi-gcc "../Core/Src/receive.c" -mcpu=cortex-m4 -std=gnu11 -g3 -DUSE_HAL_DRIVER -DSTM32F446xx -DDEBUG -c -I../Drivers/CMSIS/Include -I../Drivers/STM32F4xx_HAL_Driver/Inc -I../Core/Inc -I../Drivers/CMSIS/Device/ST/STM32F4xx/Include -I../Drivers/STM32F4xx_HAL_Driver/Inc/Legacy -O0 -ffunction-sections -fdata-sections -Wall -fstack-usage -MMD -MP -MF"Core/Src/receive.d" -MT"Core/Src/receive.o" --specs=nano.specs -mfpu=fpv4-sp-d16 -mfloat-abi=hard -mthumb -o "Core/Src/receive.o"
arm-none-eabi-gcc -o "Networking1.elf" @"objects.list"   -mcpu=cortex-m4 -T"C:\Users\hatri\OneDrive - Milwaukee School of Engineering\Networking 1 (2019)\Project_Working\Networking_1_Project_C\Networking1\STM32F446RETX_FLASH.ld" --specs=nosys.specs -Wl,-Map="Networking1.map" -Wl,--gc-sections -static --specs=nano.specs -mfpu=fpv4-sp-d16 -mfloat-abi=hard -mthumb -Wl,--start-group -lc -lm -Wl,--end-group
Finished building target: Networking1.elf
 
arm-none-eabi-objdump -h -S  Networking1.elf  > "Networking1.list"
arm-none-eabi-size   Networking1.elf 
   text	   data	    bss	    dec	    hex	filename
  18532	    492	   2252	  21276	   531c	Networking1.elf
Finished building: default.size.stdout
 
Finished building: Networking1.list
 
18:37:26 **** Incremental Build of configuration Debug for project Networking1 ****
make -j8 all 
arm-none-eabi-size   Networking1.elf 
   text	   data	    bss	    dec	    hex	filename
  18532	    492	   2252	  21276	   531c	Networking1.elf
Finished building: default.size.stdout
 
18:40:16 **** Incremental Build of configuration Debug for project Networking1 ****
make -j8 all 
arm-none-eabi-gcc "../Core/Src/receive.c" -mcpu=cortex-m4 -std=gnu11 -g3 -DUSE_HAL_DRIVER -DSTM32F446xx -DDEBUG -c -I../Drivers/CMSIS/Include -I../Drivers/STM32F4xx_HAL_Driver/Inc -I../Core/Inc -I../Drivers/CMSIS/Device/ST/STM32F4xx/Include -I../Drivers/STM32F4xx_HAL_Driver/Inc/Legacy -O0 -ffunction-sections -fdata-sections -Wall -fstack-usage -MMD -MP -MF"Core/Src/receive.d" -MT"Core/Src/receive.o" --specs=nano.specs -mfpu=fpv4-sp-d16 -mfloat-abi=hard -mthumb -o "Core/Src/receive.o"
arm-none-eabi-gcc -o "Networking1.elf" @"objects.list"   -mcpu=cortex-m4 -T"C:\Users\hatri\OneDrive - Milwaukee School of Engineering\Networking 1 (2019)\Project_Working\Networking_1_Project_C\Networking1\STM32F446RETX_FLASH.ld" --specs=nosys.specs -Wl,-Map="Networking1.map" -Wl,--gc-sections -static --specs=nano.specs -mfpu=fpv4-sp-d16 -mfloat-abi=hard -mthumb -Wl,--start-group -lc -lm -Wl,--end-group
Finished building target: Networking1.elf
 
arm-none-eabi-objdump -h -S  Networking1.elf  > "Networking1.list"
arm-none-eabi-size   Networking1.elf 
   text	   data	    bss	    dec	    hex	filename
  18532	    492	   2252	  21276	   531c	Networking1.elf
Finished building: default.size.stdout
 
Finished building: Networking1.list
 
18:48:22 **** Incremental Build of configuration Debug for project Networking1 ****
make -j8 all 
arm-none-eabi-gcc "../Drivers/STM32F4xx_HAL_Driver/Src/stm32f4xx_hal.c" -mcpu=cortex-m4 -std=gnu11 -g3 -DUSE_HAL_DRIVER -DSTM32F446xx -DDEBUG -c -I../Drivers/CMSIS/Include -I../Drivers/STM32F4xx_HAL_Driver/Inc -I../Core/Inc -I../Drivers/CMSIS/Device/ST/STM32F4xx/Include -I../Drivers/STM32F4xx_HAL_Driver/Inc/Legacy -O0 -ffunction-sections -fdata-sections -Wall -fstack-usage -MMD -MP -MF"Drivers/STM32F4xx_HAL_Driver/Src/stm32f4xx_hal.d" -MT"Drivers/STM32F4xx_HAL_Driver/Src/stm32f4xx_hal.o" --specs=nano.specs -mfpu=fpv4-sp-d16 -mfloat-abi=hard -mthumb -o "Drivers/STM32F4xx_HAL_Driver/Src/stm32f4xx_hal.o"
arm-none-eabi-gcc "../Drivers/STM32F4xx_HAL_Driver/Src/stm32f4xx_hal_cortex.c" -mcpu=cortex-m4 -std=gnu11 -g3 -DUSE_HAL_DRIVER -DSTM32F446xx -DDEBUG -c -I../Drivers/CMSIS/Include -I../Drivers/STM32F4xx_HAL_Driver/Inc -I../Core/Inc -I../Drivers/CMSIS/Device/ST/STM32F4xx/Include -I../Drivers/STM32F4xx_HAL_Driver/Inc/Legacy -O0 -ffunction-sections -fdata-sections -Wall -fstack-usage -MMD -MP -MF"Drivers/STM32F4xx_HAL_Driver/Src/stm32f4xx_hal_cortex.d" -MT"Drivers/STM32F4xx_HAL_Driver/Src/stm32f4xx_hal_cortex.o" --specs=nano.specs -mfpu=fpv4-sp-d16 -mfloat-abi=hard -mthumb -o "Drivers/STM32F4xx_HAL_Driver/Src/stm32f4xx_hal_cortex.o"
arm-none-eabi-gcc "../Drivers/STM32F4xx_HAL_Driver/Src/stm32f4xx_hal_dma.c" -mcpu=cortex-m4 -std=gnu11 -g3 -DUSE_HAL_DRIVER -DSTM32F446xx -DDEBUG -c -I../Drivers/CMSIS/Include -I../Drivers/STM32F4xx_HAL_Driver/Inc -I../Core/Inc -I../Drivers/CMSIS/Device/ST/STM32F4xx/Include -I../Drivers/STM32F4xx_HAL_Driver/Inc/Legacy -O0 -ffunction-sections -fdata-sections -Wall -fstack-usage -MMD -MP -MF"Drivers/STM32F4xx_HAL_Driver/Src/stm32f4xx_hal_dma.d" -MT"Drivers/STM32F4xx_HAL_Driver/Src/stm32f4xx_hal_dma.o" --specs=nano.specs -mfpu=fpv4-sp-d16 -mfloat-abi=hard -mthumb -o "Drivers/STM32F4xx_HAL_Driver/Src/stm32f4xx_hal_dma.o"
arm-none-eabi-gcc "../Drivers/STM32F4xx_HAL_Driver/Src/stm32f4xx_hal_dma_ex.c" -mcpu=cortex-m4 -std=gnu11 -g3 -DUSE_HAL_DRIVER -DSTM32F446xx -DDEBUG -c -I../Drivers/CMSIS/Include -I../Drivers/STM32F4xx_HAL_Driver/Inc -I../Core/Inc -I../Drivers/CMSIS/Device/ST/STM32F4xx/Include -I../Drivers/STM32F4xx_HAL_Driver/Inc/Legacy -O0 -ffunction-sections -fdata-sections -Wall -fstack-usage -MMD -MP -MF"Drivers/STM32F4xx_HAL_Driver/Src/stm32f4xx_hal_dma_ex.d" -MT"Drivers/STM32F4xx_HAL_Driver/Src/stm32f4xx_hal_dma_ex.o" --specs=nano.specs -mfpu=fpv4-sp-d16 -mfloat-abi=hard -mthumb -o "Drivers/STM32F4xx_HAL_Driver/Src/stm32f4xx_hal_dma_ex.o"
arm-none-eabi-gcc "../Drivers/STM32F4xx_HAL_Driver/Src/stm32f4xx_hal_exti.c" -mcpu=cortex-m4 -std=gnu11 -g3 -DUSE_HAL_DRIVER -DSTM32F446xx -DDEBUG -c -I../Drivers/CMSIS/Include -I../Drivers/STM32F4xx_HAL_Driver/Inc -I../Core/Inc -I../Drivers/CMSIS/Device/ST/STM32F4xx/Include -I../Drivers/STM32F4xx_HAL_Driver/Inc/Legacy -O0 -ffunction-sections -fdata-sections -Wall -fstack-usage -MMD -MP -MF"Drivers/STM32F4xx_HAL_Driver/Src/stm32f4xx_hal_exti.d" -MT"Drivers/STM32F4xx_HAL_Driver/Src/stm32f4xx_hal_exti.o" --specs=nano.specs -mfpu=fpv4-sp-d16 -mfloat-abi=hard -mthumb -o "Drivers/STM32F4xx_HAL_Driver/Src/stm32f4xx_hal_exti.o"
arm-none-eabi-gcc "../Drivers/STM32F4xx_HAL_Driver/Src/stm32f4xx_hal_flash.c" -mcpu=cortex-m4 -std=gnu11 -g3 -DUSE_HAL_DRIVER -DSTM32F446xx -DDEBUG -c -I../Drivers/CMSIS/Include -I../Drivers/STM32F4xx_HAL_Driver/Inc -I../Core/Inc -I../Drivers/CMSIS/Device/ST/STM32F4xx/Include -I../Drivers/STM32F4xx_HAL_Driver/Inc/Legacy -O0 -ffunction-sections -fdata-sections -Wall -fstack-usage -MMD -MP -MF"Drivers/STM32F4xx_HAL_Driver/Src/stm32f4xx_hal_flash.d" -MT"Drivers/STM32F4xx_HAL_Driver/Src/stm32f4xx_hal_flash.o" --specs=nano.specs -mfpu=fpv4-sp-d16 -mfloat-abi=hard -mthumb -o "Drivers/STM32F4xx_HAL_Driver/Src/stm32f4xx_hal_flash.o"
arm-none-eabi-gcc "../Drivers/STM32F4xx_HAL_Driver/Src/stm32f4xx_hal_flash_ex.c" -mcpu=cortex-m4 -std=gnu11 -g3 -DUSE_HAL_DRIVER -DSTM32F446xx -DDEBUG -c -I../Drivers/CMSIS/Include -I../Drivers/STM32F4xx_HAL_Driver/Inc -I../Core/Inc -I../Drivers/CMSIS/Device/ST/STM32F4xx/Include -I../Drivers/STM32F4xx_HAL_Driver/Inc/Legacy -O0 -ffunction-sections -fdata-sections -Wall -fstack-usage -MMD -MP -MF"Drivers/STM32F4xx_HAL_Driver/Src/stm32f4xx_hal_flash_ex.d" -MT"Drivers/STM32F4xx_HAL_Driver/Src/stm32f4xx_hal_flash_ex.o" --specs=nano.specs -mfpu=fpv4-sp-d16 -mfloat-abi=hard -mthumb -o "Drivers/STM32F4xx_HAL_Driver/Src/stm32f4xx_hal_flash_ex.o"
arm-none-eabi-gcc "../Drivers/STM32F4xx_HAL_Driver/Src/stm32f4xx_hal_flash_ramfunc.c" -mcpu=cortex-m4 -std=gnu11 -g3 -DUSE_HAL_DRIVER -DSTM32F446xx -DDEBUG -c -I../Drivers/CMSIS/Include -I../Drivers/STM32F4xx_HAL_Driver/Inc -I../Core/Inc -I../Drivers/CMSIS/Device/ST/STM32F4xx/Include -I../Drivers/STM32F4xx_HAL_Driver/Inc/Legacy -O0 -ffunction-sections -fdata-sections -Wall -fstack-usage -MMD -MP -MF"Drivers/STM32F4xx_HAL_Driver/Src/stm32f4xx_hal_flash_ramfunc.d" -MT"Drivers/STM32F4xx_HAL_Driver/Src/stm32f4xx_hal_flash_ramfunc.o" --specs=nano.specs -mfpu=fpv4-sp-d16 -mfloat-abi=hard -mthumb -o "Drivers/STM32F4xx_HAL_Driver/Src/stm32f4xx_hal_flash_ramfunc.o"
arm-none-eabi-gcc "../Drivers/STM32F4xx_HAL_Driver/Src/stm32f4xx_hal_gpio.c" -mcpu=cortex-m4 -std=gnu11 -g3 -DUSE_HAL_DRIVER -DSTM32F446xx -DDEBUG -c -I../Drivers/CMSIS/Include -I../Drivers/STM32F4xx_HAL_Driver/Inc -I../Core/Inc -I../Drivers/CMSIS/Device/ST/STM32F4xx/Include -I../Drivers/STM32F4xx_HAL_Driver/Inc/Legacy -O0 -ffunction-sections -fdata-sections -Wall -fstack-usage -MMD -MP -MF"Drivers/STM32F4xx_HAL_Driver/Src/stm32f4xx_hal_gpio.d" -MT"Drivers/STM32F4xx_HAL_Driver/Src/stm32f4xx_hal_gpio.o" --specs=nano.specs -mfpu=fpv4-sp-d16 -mfloat-abi=hard -mthumb -o "Drivers/STM32F4xx_HAL_Driver/Src/stm32f4xx_hal_gpio.o"
arm-none-eabi-gcc "../Drivers/STM32F4xx_HAL_Driver/Src/stm32f4xx_hal_pwr.c" -mcpu=cortex-m4 -std=gnu11 -g3 -DUSE_HAL_DRIVER -DSTM32F446xx -DDEBUG -c -I../Drivers/CMSIS/Include -I../Drivers/STM32F4xx_HAL_Driver/Inc -I../Core/Inc -I../Drivers/CMSIS/Device/ST/STM32F4xx/Include -I../Drivers/STM32F4xx_HAL_Driver/Inc/Legacy -O0 -ffunction-sections -fdata-sections -Wall -fstack-usage -MMD -MP -MF"Drivers/STM32F4xx_HAL_Driver/Src/stm32f4xx_hal_pwr.d" -MT"Drivers/STM32F4xx_HAL_Driver/Src/stm32f4xx_hal_pwr.o" --specs=nano.specs -mfpu=fpv4-sp-d16 -mfloat-abi=hard -mthumb -o "Drivers/STM32F4xx_HAL_Driver/Src/stm32f4xx_hal_pwr.o"
arm-none-eabi-gcc "../Drivers/STM32F4xx_HAL_Driver/Src/stm32f4xx_hal_pwr_ex.c" -mcpu=cortex-m4 -std=gnu11 -g3 -DUSE_HAL_DRIVER -DSTM32F446xx -DDEBUG -c -I../Drivers/CMSIS/Include -I../Drivers/STM32F4xx_HAL_Driver/Inc -I../Core/Inc -I../Drivers/CMSIS/Device/ST/STM32F4xx/Include -I../Drivers/STM32F4xx_HAL_Driver/Inc/Legacy -O0 -ffunction-sections -fdata-sections -Wall -fstack-usage -MMD -MP -MF"Drivers/STM32F4xx_HAL_Driver/Src/stm32f4xx_hal_pwr_ex.d" -MT"Drivers/STM32F4xx_HAL_Driver/Src/stm32f4xx_hal_pwr_ex.o" --specs=nano.specs -mfpu=fpv4-sp-d16 -mfloat-abi=hard -mthumb -o "Drivers/STM32F4xx_HAL_Driver/Src/stm32f4xx_hal_pwr_ex.o"
arm-none-eabi-gcc "../Drivers/STM32F4xx_HAL_Driver/Src/stm32f4xx_hal_rcc.c" -mcpu=cortex-m4 -std=gnu11 -g3 -DUSE_HAL_DRIVER -DSTM32F446xx -DDEBUG -c -I../Drivers/CMSIS/Include -I../Drivers/STM32F4xx_HAL_Driver/Inc -I../Core/Inc -I../Drivers/CMSIS/Device/ST/STM32F4xx/Include -I../Drivers/STM32F4xx_HAL_Driver/Inc/Legacy -O0 -ffunction-sections -fdata-sections -Wall -fstack-usage -MMD -MP -MF"Drivers/STM32F4xx_HAL_Driver/Src/stm32f4xx_hal_rcc.d" -MT"Drivers/STM32F4xx_HAL_Driver/Src/stm32f4xx_hal_rcc.o" --specs=nano.specs -mfpu=fpv4-sp-d16 -mfloat-abi=hard -mthumb -o "Drivers/STM32F4xx_HAL_Driver/Src/stm32f4xx_hal_rcc.o"
arm-none-eabi-gcc "../Drivers/STM32F4xx_HAL_Driver/Src/stm32f4xx_hal_rcc_ex.c" -mcpu=cortex-m4 -std=gnu11 -g3 -DUSE_HAL_DRIVER -DSTM32F446xx -DDEBUG -c -I../Drivers/CMSIS/Include -I../Drivers/STM32F4xx_HAL_Driver/Inc -I../Core/Inc -I../Drivers/CMSIS/Device/ST/STM32F4xx/Include -I../Drivers/STM32F4xx_HAL_Driver/Inc/Legacy -O0 -ffunction-sections -fdata-sections -Wall -fstack-usage -MMD -MP -MF"Drivers/STM32F4xx_HAL_Driver/Src/stm32f4xx_hal_rcc_ex.d" -MT"Drivers/STM32F4xx_HAL_Driver/Src/stm32f4xx_hal_rcc_ex.o" --specs=nano.specs -mfpu=fpv4-sp-d16 -mfloat-abi=hard -mthumb -o "Drivers/STM32F4xx_HAL_Driver/Src/stm32f4xx_hal_rcc_ex.o"
arm-none-eabi-gcc "../Drivers/STM32F4xx_HAL_Driver/Src/stm32f4xx_hal_tim.c" -mcpu=cortex-m4 -std=gnu11 -g3 -DUSE_HAL_DRIVER -DSTM32F446xx -DDEBUG -c -I../Drivers/CMSIS/Include -I../Drivers/STM32F4xx_HAL_Driver/Inc -I../Core/Inc -I../Drivers/CMSIS/Device/ST/STM32F4xx/Include -I../Drivers/STM32F4xx_HAL_Driver/Inc/Legacy -O0 -ffunction-sections -fdata-sections -Wall -fstack-usage -MMD -MP -MF"Drivers/STM32F4xx_HAL_Driver/Src/stm32f4xx_hal_tim.d" -MT"Drivers/STM32F4xx_HAL_Driver/Src/stm32f4xx_hal_tim.o" --specs=nano.specs -mfpu=fpv4-sp-d16 -mfloat-abi=hard -mthumb -o "Drivers/STM32F4xx_HAL_Driver/Src/stm32f4xx_hal_tim.o"
arm-none-eabi-gcc "../Drivers/STM32F4xx_HAL_Driver/Src/stm32f4xx_hal_tim_ex.c" -mcpu=cortex-m4 -std=gnu11 -g3 -DUSE_HAL_DRIVER -DSTM32F446xx -DDEBUG -c -I../Drivers/CMSIS/Include -I../Drivers/STM32F4xx_HAL_Driver/Inc -I../Core/Inc -I../Drivers/CMSIS/Device/ST/STM32F4xx/Include -I../Drivers/STM32F4xx_HAL_Driver/Inc/Legacy -O0 -ffunction-sections -fdata-sections -Wall -fstack-usage -MMD -MP -MF"Drivers/STM32F4xx_HAL_Driver/Src/stm32f4xx_hal_tim_ex.d" -MT"Drivers/STM32F4xx_HAL_Driver/Src/stm32f4xx_hal_tim_ex.o" --specs=nano.specs -mfpu=fpv4-sp-d16 -mfloat-abi=hard -mthumb -o "Drivers/STM32F4xx_HAL_Driver/Src/stm32f4xx_hal_tim_ex.o"
arm-none-eabi-gcc "../Drivers/STM32F4xx_HAL_Driver/Src/stm32f4xx_hal_uart.c" -mcpu=cortex-m4 -std=gnu11 -g3 -DUSE_HAL_DRIVER -DSTM32F446xx -DDEBUG -c -I../Drivers/CMSIS/Include -I../Drivers/STM32F4xx_HAL_Driver/Inc -I../Core/Inc -I../Drivers/CMSIS/Device/ST/STM32F4xx/Include -I../Drivers/STM32F4xx_HAL_Driver/Inc/Legacy -O0 -ffunction-sections -fdata-sections -Wall -fstack-usage -MMD -MP -MF"Drivers/STM32F4xx_HAL_Driver/Src/stm32f4xx_hal_uart.d" -MT"Drivers/STM32F4xx_HAL_Driver/Src/stm32f4xx_hal_uart.o" --specs=nano.specs -mfpu=fpv4-sp-d16 -mfloat-abi=hard -mthumb -o "Drivers/STM32F4xx_HAL_Driver/Src/stm32f4xx_hal_uart.o"
arm-none-eabi-gcc "../Core/Src/channel_monitor.c" -mcpu=cortex-m4 -std=gnu11 -g3 -DUSE_HAL_DRIVER -DSTM32F446xx -DDEBUG -c -I../Drivers/CMSIS/Include -I../Drivers/STM32F4xx_HAL_Driver/Inc -I../Core/Inc -I../Drivers/CMSIS/Device/ST/STM32F4xx/Include -I../Drivers/STM32F4xx_HAL_Driver/Inc/Legacy -O0 -ffunction-sections -fdata-sections -Wall -fstack-usage -MMD -MP -MF"Core/Src/channel_monitor.d" -MT"Core/Src/channel_monitor.o" --specs=nano.specs -mfpu=fpv4-sp-d16 -mfloat-abi=hard -mthumb -o "Core/Src/channel_monitor.o"
arm-none-eabi-gcc "../Core/Src/crc.c" -mcpu=cortex-m4 -std=gnu11 -g3 -DUSE_HAL_DRIVER -DSTM32F446xx -DDEBUG -c -I../Drivers/CMSIS/Include -I../Drivers/STM32F4xx_HAL_Driver/Inc -I../Core/Inc -I../Drivers/CMSIS/Device/ST/STM32F4xx/Include -I../Drivers/STM32F4xx_HAL_Driver/Inc/Legacy -O0 -ffunction-sections -fdata-sections -Wall -fstack-usage -MMD -MP -MF"Core/Src/crc.d" -MT"Core/Src/crc.o" --specs=nano.specs -mfpu=fpv4-sp-d16 -mfloat-abi=hard -mthumb -o "Core/Src/crc.o"
arm-none-eabi-gcc "../Core/Src/main.c" -mcpu=cortex-m4 -std=gnu11 -g3 -DUSE_HAL_DRIVER -DSTM32F446xx -DDEBUG -c -I../Drivers/CMSIS/Include -I../Drivers/STM32F4xx_HAL_Driver/Inc -I../Core/Inc -I../Drivers/CMSIS/Device/ST/STM32F4xx/Include -I../Drivers/STM32F4xx_HAL_Driver/Inc/Legacy -O0 -ffunction-sections -fdata-sections -Wall -fstack-usage -MMD -MP -MF"Core/Src/main.d" -MT"Core/Src/main.o" --specs=nano.specs -mfpu=fpv4-sp-d16 -mfloat-abi=hard -mthumb -o "Core/Src/main.o"
arm-none-eabi-gcc "../Core/Src/receive.c" -mcpu=cortex-m4 -std=gnu11 -g3 -DUSE_HAL_DRIVER -DSTM32F446xx -DDEBUG -c -I../Drivers/CMSIS/Include -I../Drivers/STM32F4xx_HAL_Driver/Inc -I../Core/Inc -I../Drivers/CMSIS/Device/ST/STM32F4xx/Include -I../Drivers/STM32F4xx_HAL_Driver/Inc/Legacy -O0 -ffunction-sections -fdata-sections -Wall -fstack-usage -MMD -MP -MF"Core/Src/receive.d" -MT"Core/Src/receive.o" --specs=nano.specs -mfpu=fpv4-sp-d16 -mfloat-abi=hard -mthumb -o "Core/Src/receive.o"
arm-none-eabi-gcc "../Core/Src/stm32f4xx_hal_msp.c" -mcpu=cortex-m4 -std=gnu11 -g3 -DUSE_HAL_DRIVER -DSTM32F446xx -DDEBUG -c -I../Drivers/CMSIS/Include -I../Drivers/STM32F4xx_HAL_Driver/Inc -I../Core/Inc -I../Drivers/CMSIS/Device/ST/STM32F4xx/Include -I../Drivers/STM32F4xx_HAL_Driver/Inc/Legacy -O0 -ffunction-sections -fdata-sections -Wall -fstack-usage -MMD -MP -MF"Core/Src/stm32f4xx_hal_msp.d" -MT"Core/Src/stm32f4xx_hal_msp.o" --specs=nano.specs -mfpu=fpv4-sp-d16 -mfloat-abi=hard -mthumb -o "Core/Src/stm32f4xx_hal_msp.o"
arm-none-eabi-gcc "../Core/Src/stm32f4xx_it.c" -mcpu=cortex-m4 -std=gnu11 -g3 -DUSE_HAL_DRIVER -DSTM32F446xx -DDEBUG -c -I../Drivers/CMSIS/Include -I../Drivers/STM32F4xx_HAL_Driver/Inc -I../Core/Inc -I../Drivers/CMSIS/Device/ST/STM32F4xx/Include -I../Drivers/STM32F4xx_HAL_Driver/Inc/Legacy -O0 -ffunction-sections -fdata-sections -Wall -fstack-usage -MMD -MP -MF"Core/Src/stm32f4xx_it.d" -MT"Core/Src/stm32f4xx_it.o" --specs=nano.specs -mfpu=fpv4-sp-d16 -mfloat-abi=hard -mthumb -o "Core/Src/stm32f4xx_it.o"
arm-none-eabi-gcc "../Core/Src/system_stm32f4xx.c" -mcpu=cortex-m4 -std=gnu11 -g3 -DUSE_HAL_DRIVER -DSTM32F446xx -DDEBUG -c -I../Drivers/CMSIS/Include -I../Drivers/STM32F4xx_HAL_Driver/Inc -I../Core/Inc -I../Drivers/CMSIS/Device/ST/STM32F4xx/Include -I../Drivers/STM32F4xx_HAL_Driver/Inc/Legacy -O0 -ffunction-sections -fdata-sections -Wall -fstack-usage -MMD -MP -MF"Core/Src/system_stm32f4xx.d" -MT"Core/Src/system_stm32f4xx.o" --specs=nano.specs -mfpu=fpv4-sp-d16 -mfloat-abi=hard -mthumb -o "Core/Src/system_stm32f4xx.o"
arm-none-eabi-gcc "../Core/Src/transmit.c" -mcpu=cortex-m4 -std=gnu11 -g3 -DUSE_HAL_DRIVER -DSTM32F446xx -DDEBUG -c -I../Drivers/CMSIS/Include -I../Drivers/STM32F4xx_HAL_Driver/Inc -I../Core/Inc -I../Drivers/CMSIS/Device/ST/STM32F4xx/Include -I../Drivers/STM32F4xx_HAL_Driver/Inc/Legacy -O0 -ffunction-sections -fdata-sections -Wall -fstack-usage -MMD -MP -MF"Core/Src/transmit.d" -MT"Core/Src/transmit.o" --specs=nano.specs -mfpu=fpv4-sp-d16 -mfloat-abi=hard -mthumb -o "Core/Src/transmit.o"
arm-none-eabi-gcc -o "Networking1.elf" @"objects.list"   -mcpu=cortex-m4 -T"C:\Users\hatri\OneDrive - Milwaukee School of Engineering\Networking 1 (2019)\Project_Working\Networking_1_Project_C\Networking1\STM32F446RETX_FLASH.ld" --specs=nosys.specs -Wl,-Map="Networking1.map" -Wl,--gc-sections -static --specs=nano.specs -mfpu=fpv4-sp-d16 -mfloat-abi=hard -mthumb -Wl,--start-group -lc -lm -Wl,--end-group
Finished building target: Networking1.elf
 
arm-none-eabi-objdump -h -S  Networking1.elf  > "Networking1.list"
arm-none-eabi-size   Networking1.elf 
   text	   data	    bss	    dec	    hex	filename
  18532	    492	   2252	  21276	   531c	Networking1.elf
Finished building: default.size.stdout
 
Finished building: Networking1.list
 
18:51:55 **** Incremental Build of configuration Debug for project Networking1 ****
make -j8 all 
arm-none-eabi-gcc "../Core/Src/main.c" -mcpu=cortex-m4 -std=gnu11 -g3 -DUSE_HAL_DRIVER -DSTM32F446xx -DDEBUG -c -I../Drivers/CMSIS/Include -I../Drivers/STM32F4xx_HAL_Driver/Inc -I../Core/Inc -I../Drivers/CMSIS/Device/ST/STM32F4xx/Include -I../Drivers/STM32F4xx_HAL_Driver/Inc/Legacy -O0 -ffunction-sections -fdata-sections -Wall -fstack-usage -MMD -MP -MF"Core/Src/main.d" -MT"Core/Src/main.o" --specs=nano.specs -mfpu=fpv4-sp-d16 -mfloat-abi=hard -mthumb -o "Core/Src/main.o"
arm-none-eabi-gcc -o "Networking1.elf" @"objects.list"   -mcpu=cortex-m4 -T"C:\Users\hatri\OneDrive - Milwaukee School of Engineering\Networking 1 (2019)\Project_Working\Networking_1_Project_C\Networking1\STM32F446RETX_FLASH.ld" --specs=nosys.specs -Wl,-Map="Networking1.map" -Wl,--gc-sections -static --specs=nano.specs -mfpu=fpv4-sp-d16 -mfloat-abi=hard -mthumb -Wl,--start-group -lc -lm -Wl,--end-group
Finished building target: Networking1.elf
 
arm-none-eabi-objdump -h -S  Networking1.elf  > "Networking1.list"
arm-none-eabi-size   Networking1.elf 
   text	   data	    bss	    dec	    hex	filename
  18532	    492	   2252	  21276	   531c	Networking1.elf
Finished building: default.size.stdout
 
Finished building: Networking1.list
 
18:52:04 **** Incremental Build of configuration Debug for project Networking1 ****
make -j8 all 
arm-none-eabi-size   Networking1.elf 
   text	   data	    bss	    dec	    hex	filename
  18532	    492	   2252	  21276	   531c	Networking1.elf
Finished building: default.size.stdout
 
18:52:20 **** Incremental Build of configuration Debug for project Networking1 ****
make -j8 all 
arm-none-eabi-size   Networking1.elf 
   text	   data	    bss	    dec	    hex	filename
  18532	    492	   2252	  21276	   531c	Networking1.elf
Finished building: default.size.stdout
 
18:58:14 **** Incremental Build of configuration Debug for project Networking1 ****
make -j8 all 
arm-none-eabi-size   Networking1.elf 
   text	   data	    bss	    dec	    hex	filename
  18532	    492	   2252	  21276	   531c	Networking1.elf
Finished building: default.size.stdout
 
18:58:44 **** Incremental Build of configuration Debug for project Networking1 ****
make -j8 all 
arm-none-eabi-gcc "../Core/Src/receive.c" -mcpu=cortex-m4 -std=gnu11 -g3 -DUSE_HAL_DRIVER -DSTM32F446xx -DDEBUG -c -I../Drivers/CMSIS/Include -I../Drivers/STM32F4xx_HAL_Driver/Inc -I../Core/Inc -I../Drivers/CMSIS/Device/ST/STM32F4xx/Include -I../Drivers/STM32F4xx_HAL_Driver/Inc/Legacy -O0 -ffunction-sections -fdata-sections -Wall -fstack-usage -MMD -MP -MF"Core/Src/receive.d" -MT"Core/Src/receive.o" --specs=nano.specs -mfpu=fpv4-sp-d16 -mfloat-abi=hard -mthumb -o "Core/Src/receive.o"
arm-none-eabi-gcc -o "Networking1.elf" @"objects.list"   -mcpu=cortex-m4 -T"C:\Users\hatri\OneDrive - Milwaukee School of Engineering\Networking 1 (2019)\Project_Working\Networking_1_Project_C\Networking1\STM32F446RETX_FLASH.ld" --specs=nosys.specs -Wl,-Map="Networking1.map" -Wl,--gc-sections -static --specs=nano.specs -mfpu=fpv4-sp-d16 -mfloat-abi=hard -mthumb -Wl,--start-group -lc -lm -Wl,--end-group
Finished building target: Networking1.elf
 
arm-none-eabi-objdump -h -S  Networking1.elf  > "Networking1.list"
arm-none-eabi-size   Networking1.elf 
   text	   data	    bss	    dec	    hex	filename
  18532	    492	   2252	  21276	   531c	Networking1.elf
Finished building: default.size.stdout
 
Finished building: Networking1.list
 
19:03:40 **** Incremental Build of configuration Debug for project Networking1 ****
make -j8 all 
arm-none-eabi-gcc "../Core/Src/main.c" -mcpu=cortex-m4 -std=gnu11 -g3 -DUSE_HAL_DRIVER -DSTM32F446xx -DDEBUG -c -I../Drivers/CMSIS/Include -I../Drivers/STM32F4xx_HAL_Driver/Inc -I../Core/Inc -I../Drivers/CMSIS/Device/ST/STM32F4xx/Include -I../Drivers/STM32F4xx_HAL_Driver/Inc/Legacy -O0 -ffunction-sections -fdata-sections -Wall -fstack-usage -MMD -MP -MF"Core/Src/main.d" -MT"Core/Src/main.o" --specs=nano.specs -mfpu=fpv4-sp-d16 -mfloat-abi=hard -mthumb -o "Core/Src/main.o"
arm-none-eabi-gcc -o "Networking1.elf" @"objects.list"   -mcpu=cortex-m4 -T"C:\Users\hatri\OneDrive - Milwaukee School of Engineering\Networking 1 (2019)\Project_Working\Networking_1_Project_C\Networking1\STM32F446RETX_FLASH.ld" --specs=nosys.specs -Wl,-Map="Networking1.map" -Wl,--gc-sections -static --specs=nano.specs -mfpu=fpv4-sp-d16 -mfloat-abi=hard -mthumb -Wl,--start-group -lc -lm -Wl,--end-group
Finished building target: Networking1.elf
 
arm-none-eabi-objdump -h -S  Networking1.elf  > "Networking1.list"
arm-none-eabi-size   Networking1.elf 
   text	   data	    bss	    dec	    hex	filename
  18532	    492	   2252	  21276	   531c	Networking1.elf
Finished building: default.size.stdout
 
Finished building: Networking1.list
 
19:04:05 **** Incremental Build of configuration Debug for project Networking1 ****
make -j8 all 
arm-none-eabi-size   Networking1.elf 
   text	   data	    bss	    dec	    hex	filename
  18532	    492	   2252	  21276	   531c	Networking1.elf
Finished building: default.size.stdout
 
19:09:19 **** Incremental Build of configuration Debug for project Networking1 ****
make -j8 all 
arm-none-eabi-gcc "../Core/Src/receive.c" -mcpu=cortex-m4 -std=gnu11 -g3 -DUSE_HAL_DRIVER -DSTM32F446xx -DDEBUG -c -I../Drivers/CMSIS/Include -I../Drivers/STM32F4xx_HAL_Driver/Inc -I../Core/Inc -I../Drivers/CMSIS/Device/ST/STM32F4xx/Include -I../Drivers/STM32F4xx_HAL_Driver/Inc/Legacy -O0 -ffunction-sections -fdata-sections -Wall -fstack-usage -MMD -MP -MF"Core/Src/receive.d" -MT"Core/Src/receive.o" --specs=nano.specs -mfpu=fpv4-sp-d16 -mfloat-abi=hard -mthumb -o "Core/Src/receive.o"
arm-none-eabi-gcc -o "Networking1.elf" @"objects.list"   -mcpu=cortex-m4 -T"C:\Users\hatri\OneDrive - Milwaukee School of Engineering\Networking 1 (2019)\Project_Working\Networking_1_Project_C\Networking1\STM32F446RETX_FLASH.ld" --specs=nosys.specs -Wl,-Map="Networking1.map" -Wl,--gc-sections -static --specs=nano.specs -mfpu=fpv4-sp-d16 -mfloat-abi=hard -mthumb -Wl,--start-group -lc -lm -Wl,--end-group
Finished building target: Networking1.elf
 
arm-none-eabi-objdump -h -S  Networking1.elf  > "Networking1.list"
arm-none-eabi-size   Networking1.elf 
   text	   data	    bss	    dec	    hex	filename
  18532	    492	   2252	  21276	   531c	Networking1.elf
Finished building: default.size.stdout
 
Finished building: Networking1.list
 
19:09:27 **** Incremental Build of configuration Debug for project Networking1 ****
make -j8 all 
arm-none-eabi-size   Networking1.elf 
   text	   data	    bss	    dec	    hex	filename
  18532	    492	   2252	  21276	   531c	Networking1.elf
Finished building: default.size.stdout
 
19:09:55 **** Incremental Build of configuration Debug for project Networking1 ****
make -j8 all 
arm-none-eabi-size   Networking1.elf 
   text	   data	    bss	    dec	    hex	filename
  18532	    492	   2252	  21276	   531c	Networking1.elf
Finished building: default.size.stdout
 
19:13:05 **** Incremental Build of configuration Debug for project Networking1 ****
make -j8 all 
arm-none-eabi-gcc "../Core/Src/receive.c" -mcpu=cortex-m4 -std=gnu11 -g3 -DUSE_HAL_DRIVER -DSTM32F446xx -DDEBUG -c -I../Drivers/CMSIS/Include -I../Drivers/STM32F4xx_HAL_Driver/Inc -I../Core/Inc -I../Drivers/CMSIS/Device/ST/STM32F4xx/Include -I../Drivers/STM32F4xx_HAL_Driver/Inc/Legacy -O0 -ffunction-sections -fdata-sections -Wall -fstack-usage -MMD -MP -MF"Core/Src/receive.d" -MT"Core/Src/receive.o" --specs=nano.specs -mfpu=fpv4-sp-d16 -mfloat-abi=hard -mthumb -o "Core/Src/receive.o"
../Core/Src/receive.c: In function 'rc_timeout':
../Core/Src/receive.c:78:5: error: called object is not a function or function pointer
     rc_store(store, rx)(store, rx);
     ^~~~~~~~
make: *** [Core/Src/subdir.mk:51: Core/Src/receive.o] Error 1
"make -j8 all" terminated with exit code 2. Build might be incomplete.
19:13:19 **** Incremental Build of configuration Debug for project Networking1 ****
make -j8 all 
arm-none-eabi-gcc "../Core/Src/receive.c" -mcpu=cortex-m4 -std=gnu11 -g3 -DUSE_HAL_DRIVER -DSTM32F446xx -DDEBUG -c -I../Drivers/CMSIS/Include -I../Drivers/STM32F4xx_HAL_Driver/Inc -I../Core/Inc -I../Drivers/CMSIS/Device/ST/STM32F4xx/Include -I../Drivers/STM32F4xx_HAL_Driver/Inc/Legacy -O0 -ffunction-sections -fdata-sections -Wall -fstack-usage -MMD -MP -MF"Core/Src/receive.d" -MT"Core/Src/receive.o" --specs=nano.specs -mfpu=fpv4-sp-d16 -mfloat-abi=hard -mthumb -o "Core/Src/receive.o"
arm-none-eabi-gcc -o "Networking1.elf" @"objects.list"   -mcpu=cortex-m4 -T"C:\Users\hatri\OneDrive - Milwaukee School of Engineering\Networking 1 (2019)\Project_Working\Networking_1_Project_C\Networking1\STM32F446RETX_FLASH.ld" --specs=nosys.specs -Wl,-Map="Networking1.map" -Wl,--gc-sections -static --specs=nano.specs -mfpu=fpv4-sp-d16 -mfloat-abi=hard -mthumb -Wl,--start-group -lc -lm -Wl,--end-group
Finished building target: Networking1.elf
 
arm-none-eabi-objdump -h -S  Networking1.elf  > "Networking1.list"
arm-none-eabi-size   Networking1.elf 
   text	   data	    bss	    dec	    hex	filename
  18532	    492	   2252	  21276	   531c	Networking1.elf
Finished building: default.size.stdout
 
[...]
 
Finished building: Networking1.list
 
13:42:09 **** Incremental Build of configuration Debug for project Networking1 ****
make -j8 all 
arm-none-eabi-gcc "../Core/Src/main.c" -mcpu=cortex-m4 -std=gnu11 -g3 -DUSE_HAL_DRIVER -DSTM32F446xx -DDEBUG -c -I../Drivers/CMSIS/Include -I../Drivers/STM32F4xx_HAL_Driver/Inc -I../Core/Inc -I../Drivers/CMSIS/Device/ST/STM32F4xx/Include -I../Drivers/STM32F4xx_HAL_Driver/Inc/Legacy -O0 -ffunction-sections -fdata-sections -Wall -fstack-usage -MMD -MP -MF"Core/Src/main.d" -MT"Core/Src/main.o" --specs=nano.specs -mfpu=fpv4-sp-d16 -mfloat-abi=hard -mthumb -o "Core/Src/main.o"
arm-none-eabi-gcc -o "Networking1.elf" @"objects.list"   -mcpu=cortex-m4 -T"C:\Users\hatri\OneDrive - Milwaukee School of Engineering\Networking 1 (2019)\Project_Working\Networking_1_Project_C\Networking1\STM32F446RETX_FLASH.ld" --specs=nosys.specs -Wl,-Map="Networking1.map" -Wl,--gc-sections -static --specs=nano.specs -mfpu=fpv4-sp-d16 -mfloat-abi=hard -mthumb -Wl,--start-group -lc -lm -Wl,--end-group
Finished building target: Networking1.elf
 
arm-none-eabi-objdump -h -S  Networking1.elf  > "Networking1.list"
arm-none-eabi-size   Networking1.elf 
   text	   data	    bss	    dec	    hex	filename
  18520	    492	   2748	  21760	   5500	Networking1.elf
Finished building: default.size.stdout
 
Finished building: Networking1.list
 
13:43:16 **** Incremental Build of configuration Debug for project Networking1 ****
make -j8 all 
arm-none-eabi-gcc "../Core/Src/receive.c" -mcpu=cortex-m4 -std=gnu11 -g3 -DUSE_HAL_DRIVER -DSTM32F446xx -DDEBUG -c -I../Drivers/CMSIS/Include -I../Drivers/STM32F4xx_HAL_Driver/Inc -I../Core/Inc -I../Drivers/CMSIS/Device/ST/STM32F4xx/Include -I../Drivers/STM32F4xx_HAL_Driver/Inc/Legacy -O0 -ffunction-sections -fdata-sections -Wall -fstack-usage -MMD -MP -MF"Core/Src/receive.d" -MT"Core/Src/receive.o" --specs=nano.specs -mfpu=fpv4-sp-d16 -mfloat-abi=hard -mthumb -o "Core/Src/receive.o"
../Core/Src/receive.c: In function 'rc_reset':
../Core/Src/receive.c:144:21: warning: pointer targets in initialization differ in signedness [-Wpointer-sign]
  char* store_test = store;
                     ^~~~~
../Core/Src/receive.c:145:15: warning: unused variable 'test' [-Wunused-variable]
  data_struct* test = rx;
               ^~~~
../Core/Src/receive.c:144:8: warning: unused variable 'store_test' [-Wunused-variable]
  char* store_test = store;
        ^~~~~~~~~~
arm-none-eabi-gcc -o "Networking1.elf" @"objects.list"   -mcpu=cortex-m4 -T"C:\Users\hatri\OneDrive - Milwaukee School of Engineering\Networking 1 (2019)\Project_Working\Networking_1_Project_C\Networking1\STM32F446RETX_FLASH.ld" --specs=nosys.specs -Wl,-Map="Networking1.map" -Wl,--gc-sections -static --specs=nano.specs -mfpu=fpv4-sp-d16 -mfloat-abi=hard -mthumb -Wl,--start-group -lc -lm -Wl,--end-group
Finished building target: Networking1.elf
 
arm-none-eabi-objdump -h -S  Networking1.elf  > "Networking1.list"
arm-none-eabi-size   Networking1.elf 
   text	   data	    bss	    dec	    hex	filename
  18544	    492	   2748	  21784	   5518	Networking1.elf
Finished building: default.size.stdout
 
Finished building: Networking1.list
 
13:46:43 **** Incremental Build of configuration Debug for project Networking1 ****
make -j8 all 
arm-none-eabi-gcc "../Core/Src/receive.c" -mcpu=cortex-m4 -std=gnu11 -g3 -DUSE_HAL_DRIVER -DSTM32F446xx -DDEBUG -c -I../Drivers/CMSIS/Include -I../Drivers/STM32F4xx_HAL_Driver/Inc -I../Core/Inc -I../Drivers/CMSIS/Device/ST/STM32F4xx/Include -I../Drivers/STM32F4xx_HAL_Driver/Inc/Legacy -O0 -ffunction-sections -fdata-sections -Wall -fstack-usage -MMD -MP -MF"Core/Src/receive.d" -MT"Core/Src/receive.o" --specs=nano.specs -mfpu=fpv4-sp-d16 -mfloat-abi=hard -mthumb -o "Core/Src/receive.o"
../Core/Src/receive.c: In function 'rc_reset':
../Core/Src/receive.c:149:21: warning: pointer targets in initialization differ in signedness [-Wpointer-sign]
  char* store_test = store;
                     ^~~~~
../Core/Src/receive.c:150:15: warning: unused variable 'test' [-Wunused-variable]
  data_struct* test = rx;
               ^~~~
../Core/Src/receive.c:149:8: warning: unused variable 'store_test' [-Wunused-variable]
  char* store_test = store;
        ^~~~~~~~~~
arm-none-eabi-gcc -o "Networking1.elf" @"objects.list"   -mcpu=cortex-m4 -T"C:\Users\hatri\OneDrive - Milwaukee School of Engineering\Networking 1 (2019)\Project_Working\Networking_1_Project_C\Networking1\STM32F446RETX_FLASH.ld" --specs=nosys.specs -Wl,-Map="Networking1.map" -Wl,--gc-sections -static --specs=nano.specs -mfpu=fpv4-sp-d16 -mfloat-abi=hard -mthumb -Wl,--start-group -lc -lm -Wl,--end-group
Finished building target: Networking1.elf
 
arm-none-eabi-objdump -h -S  Networking1.elf  > "Networking1.list"
arm-none-eabi-size   Networking1.elf 
   text	   data	    bss	    dec	    hex	filename
  18596	    492	   2748	  21836	   554c	Networking1.elf
Finished building: default.size.stdout
 
Finished building: Networking1.list
 
13:57:47 **** Incremental Build of configuration Debug for project Networking1 ****
make -j8 all 
arm-none-eabi-size   Networking1.elf 
   text	   data	    bss	    dec	    hex	filename
  18596	    492	   2748	  21836	   554c	Networking1.elf
Finished building: default.size.stdout
 
13:59:34 **** Incremental Build of configuration Debug for project Networking1 ****
make -j8 all 
arm-none-eabi-gcc "../Core/Src/receive.c" -mcpu=cortex-m4 -std=gnu11 -g3 -DUSE_HAL_DRIVER -DSTM32F446xx -DDEBUG -c -I../Drivers/CMSIS/Include -I../Drivers/STM32F4xx_HAL_Driver/Inc -I../Core/Inc -I../Drivers/CMSIS/Device/ST/STM32F4xx/Include -I../Drivers/STM32F4xx_HAL_Driver/Inc/Legacy -O0 -ffunction-sections -fdata-sections -Wall -fstack-usage -MMD -MP -MF"Core/Src/receive.d" -MT"Core/Src/receive.o" --specs=nano.specs -mfpu=fpv4-sp-d16 -mfloat-abi=hard -mthumb -o "Core/Src/receive.o"
../Core/Src/receive.c: In function 'rc_reset':
../Core/Src/receive.c:153:21: warning: pointer targets in initialization differ in signedness [-Wpointer-sign]
  char* store_test = store;
                     ^~~~~
../Core/Src/receive.c:154:15: warning: unused variable 'test' [-Wunused-variable]
  data_struct* test = rx;
               ^~~~
../Core/Src/receive.c:153:8: warning: unused variable 'store_test' [-Wunused-variable]
  char* store_test = store;
        ^~~~~~~~~~
arm-none-eabi-gcc -o "Networking1.elf" @"objects.list"   -mcpu=cortex-m4 -T"C:\Users\hatri\OneDrive - Milwaukee School of Engineering\Networking 1 (2019)\Project_Working\Networking_1_Project_C\Networking1\STM32F446RETX_FLASH.ld" --specs=nosys.specs -Wl,-Map="Networking1.map" -Wl,--gc-sections -static --specs=nano.specs -mfpu=fpv4-sp-d16 -mfloat-abi=hard -mthumb -Wl,--start-group -lc -lm -Wl,--end-group
Finished building target: Networking1.elf
 
arm-none-eabi-objdump -h -S  Networking1.elf  > "Networking1.list"
arm-none-eabi-size   Networking1.elf 
   text	   data	    bss	    dec	    hex	filename
  18620	    492	   2748	  21860	   5564	Networking1.elf
Finished building: default.size.stdout
 
Finished building: Networking1.list
 
14:01:37 **** Incremental Build of configuration Debug for project Networking1 ****
make -j8 all 
arm-none-eabi-gcc "../Core/Src/receive.c" -mcpu=cortex-m4 -std=gnu11 -g3 -DUSE_HAL_DRIVER -DSTM32F446xx -DDEBUG -c -I../Drivers/CMSIS/Include -I../Drivers/STM32F4xx_HAL_Driver/Inc -I../Core/Inc -I../Drivers/CMSIS/Device/ST/STM32F4xx/Include -I../Drivers/STM32F4xx_HAL_Driver/Inc/Legacy -O0 -ffunction-sections -fdata-sections -Wall -fstack-usage -MMD -MP -MF"Core/Src/receive.d" -MT"Core/Src/receive.o" --specs=nano.specs -mfpu=fpv4-sp-d16 -mfloat-abi=hard -mthumb -o "Core/Src/receive.o"
../Core/Src/receive.c: In function 'rc_send':
../Core/Src/receive.c:119:15: warning: pointer targets in initialization differ in signedness [-Wpointer-sign]
  char* test = store;
               ^~~~~
../Core/Src/receive.c:119:8: warning: unused variable 'test' [-Wunused-variable]
  char* test = store;
        ^~~~
arm-none-eabi-gcc -o "Networking1.elf" @"objects.list"   -mcpu=cortex-m4 -T"C:\Users\hatri\OneDrive - Milwaukee School of Engineering\Networking 1 (2019)\Project_Working\Networking_1_Project_C\Networking1\STM32F446RETX_FLASH.ld" --specs=nosys.specs -Wl,-Map="Networking1.map" -Wl,--gc-sections -static --specs=nano.specs -mfpu=fpv4-sp-d16 -mfloat-abi=hard -mthumb -Wl,--start-group -lc -lm -Wl,--end-group
Finished building target: Networking1.elf
 
arm-none-eabi-objdump -h -S  Networking1.elf  > "Networking1.list"
arm-none-eabi-size   Networking1.elf 
   text	   data	    bss	    dec	    hex	filename
  18508	    492	   2748	  21748	   54f4	Networking1.elf
Finished building: default.size.stdout
 
Finished building: Networking1.list
 
14:06:34 **** Incremental Build of configuration Debug for project Networking1 ****
make -j8 all 
arm-none-eabi-size   Networking1.elf 
   text	   data	    bss	    dec	    hex	filename
  18508	    492	   2748	  21748	   54f4	Networking1.elf
Finished building: default.size.stdout
 
14:07:58 **** Incremental Build of configuration Debug for project Networking1 ****
make -j8 all 
arm-none-eabi-gcc "../Core/Src/receive.c" -mcpu=cortex-m4 -std=gnu11 -g3 -DUSE_HAL_DRIVER -DSTM32F446xx -DDEBUG -c -I../Drivers/CMSIS/Include -I../Drivers/STM32F4xx_HAL_Driver/Inc -I../Core/Inc -I../Drivers/CMSIS/Device/ST/STM32F4xx/Include -I../Drivers/STM32F4xx_HAL_Driver/Inc/Legacy -O0 -ffunction-sections -fdata-sections -Wall -fstack-usage -MMD -MP -MF"Core/Src/receive.d" -MT"Core/Src/receive.o" --specs=nano.specs -mfpu=fpv4-sp-d16 -mfloat-abi=hard -mthumb -o "Core/Src/receive.o"
../Core/Src/receive.c: In function 'rc_send':
../Core/Src/receive.c:119:15: warning: pointer targets in initialization differ in signedness [-Wpointer-sign]
  char* test = store;
               ^~~~~
../Core/Src/receive.c:119:8: warning: unused variable 'test' [-Wunused-variable]
  char* test = store;
        ^~~~
arm-none-eabi-gcc -o "Networking1.elf" @"objects.list"   -mcpu=cortex-m4 -T"C:\Users\hatri\OneDrive - Milwaukee School of Engineering\Networking 1 (2019)\Project_Working\Networking_1_Project_C\Networking1\STM32F446RETX_FLASH.ld" --specs=nosys.specs -Wl,-Map="Networking1.map" -Wl,--gc-sections -static --specs=nano.specs -mfpu=fpv4-sp-d16 -mfloat-abi=hard -mthumb -Wl,--start-group -lc -lm -Wl,--end-group
Finished building target: Networking1.elf
 
arm-none-eabi-objdump -h -S  Networking1.elf  > "Networking1.list"
arm-none-eabi-size   Networking1.elf 
   text	   data	    bss	    dec	    hex	filename
  18500	    492	   2748	  21740	   54ec	Networking1.elf
Finished building: default.size.stdout
 
Finished building: Networking1.list
 
14:09:26 **** Incremental Build of configuration Debug for project Networking1 ****
make -j8 all 
arm-none-eabi-gcc "../Core/Src/receive.c" -mcpu=cortex-m4 -std=gnu11 -g3 -DUSE_HAL_DRIVER -DSTM32F446xx -DDEBUG -c -I../Drivers/CMSIS/Include -I../Drivers/STM32F4xx_HAL_Driver/Inc -I../Core/Inc -I../Drivers/CMSIS/Device/ST/STM32F4xx/Include -I../Drivers/STM32F4xx_HAL_Driver/Inc/Legacy -O0 -ffunction-sections -fdata-sections -Wall -fstack-usage -MMD -MP -MF"Core/Src/receive.d" -MT"Core/Src/receive.o" --specs=nano.specs -mfpu=fpv4-sp-d16 -mfloat-abi=hard -mthumb -o "Core/Src/receive.o"
../Core/Src/receive.c: In function 'rc_send':
../Core/Src/receive.c:119:15: warning: pointer targets in initialization differ in signedness [-Wpointer-sign]
  char* test = store;
               ^~~~~
../Core/Src/receive.c:119:8: warning: unused variable 'test' [-Wunused-variable]
  char* test = store;
        ^~~~
arm-none-eabi-gcc -o "Networking1.elf" @"objects.list"   -mcpu=cortex-m4 -T"C:\Users\hatri\OneDrive - Milwaukee School of Engineering\Networking 1 (2019)\Project_Working\Networking_1_Project_C\Networking1\STM32F446RETX_FLASH.ld" --specs=nosys.specs -Wl,-Map="Networking1.map" -Wl,--gc-sections -static --specs=nano.specs -mfpu=fpv4-sp-d16 -mfloat-abi=hard -mthumb -Wl,--start-group -lc -lm -Wl,--end-group
Finished building target: Networking1.elf
 
arm-none-eabi-objdump -h -S  Networking1.elf  > "Networking1.list"
arm-none-eabi-size   Networking1.elf 
   text	   data	    bss	    dec	    hex	filename
  18508	    492	   2748	  21748	   54f4	Networking1.elf
Finished building: default.size.stdout
 
Finished building: Networking1.list
 
14:12:39 **** Incremental Build of configuration Debug for project Networking1 ****
make -j8 all 
arm-none-eabi-gcc "../Core/Src/receive.c" -mcpu=cortex-m4 -std=gnu11 -g3 -DUSE_HAL_DRIVER -DSTM32F446xx -DDEBUG -c -I../Drivers/CMSIS/Include -I../Drivers/STM32F4xx_HAL_Driver/Inc -I../Core/Inc -I../Drivers/CMSIS/Device/ST/STM32F4xx/Include -I../Drivers/STM32F4xx_HAL_Driver/Inc/Legacy -O0 -ffunction-sections -fdata-sections -Wall -fstack-usage -MMD -MP -MF"Core/Src/receive.d" -MT"Core/Src/receive.o" --specs=nano.specs -mfpu=fpv4-sp-d16 -mfloat-abi=hard -mthumb -o "Core/Src/receive.o"
../Core/Src/receive.c: In function 'rc_send':
../Core/Src/receive.c:130:15: warning: pointer targets in initialization differ in signedness [-Wpointer-sign]
  char* test = store;
               ^~~~~
../Core/Src/receive.c:130:8: warning: unused variable 'test' [-Wunused-variable]
  char* test = store;
        ^~~~
arm-none-eabi-gcc -o "Networking1.elf" @"objects.list"   -mcpu=cortex-m4 -T"C:\Users\hatri\OneDrive - Milwaukee School of Engineering\Networking 1 (2019)\Project_Working\Networking_1_Project_C\Networking1\STM32F446RETX_FLASH.ld" --specs=nosys.specs -Wl,-Map="Networking1.map" -Wl,--gc-sections -static --specs=nano.specs -mfpu=fpv4-sp-d16 -mfloat-abi=hard -mthumb -Wl,--start-group -lc -lm -Wl,--end-group
Finished building target: Networking1.elf
 
arm-none-eabi-objdump -h -S  Networking1.elf  > "Networking1.list"
arm-none-eabi-size   Networking1.elf 
   text	   data	    bss	    dec	    hex	filename
  18620	    492	   2748	  21860	   5564	Networking1.elf
Finished building: default.size.stdout
 
Finished building: Networking1.list
 
14:14:39 **** Incremental Build of configuration Debug for project Networking1 ****
make -j8 all 
arm-none-eabi-gcc "../Core/Src/receive.c" -mcpu=cortex-m4 -std=gnu11 -g3 -DUSE_HAL_DRIVER -DSTM32F446xx -DDEBUG -c -I../Drivers/CMSIS/Include -I../Drivers/STM32F4xx_HAL_Driver/Inc -I../Core/Inc -I../Drivers/CMSIS/Device/ST/STM32F4xx/Include -I../Drivers/STM32F4xx_HAL_Driver/Inc/Legacy -O0 -ffunction-sections -fdata-sections -Wall -fstack-usage -MMD -MP -MF"Core/Src/receive.d" -MT"Core/Src/receive.o" --specs=nano.specs -mfpu=fpv4-sp-d16 -mfloat-abi=hard -mthumb -o "Core/Src/receive.o"
../Core/Src/receive.c: In function 'rc_store':
../Core/Src/receive.c:109:2: error: expected ';' before '}' token
  } else { //max that the total message can be
  ^
../Core/Src/receive.c: In function 'rc_send':
../Core/Src/receive.c:120:15: warning: pointer targets in initialization differ in signedness [-Wpointer-sign]
  char* test = store;
               ^~~~~
../Core/Src/receive.c:120:8: warning: unused variable 'test' [-Wunused-variable]
  char* test = store;
        ^~~~
make: *** [Core/Src/subdir.mk:51: Core/Src/receive.o] Error 1
"make -j8 all" terminated with exit code 2. Build might be incomplete.
14:14:49 **** Incremental Build of configuration Debug for project Networking1 ****
make -j8 all 
arm-none-eabi-gcc "../Core/Src/receive.c" -mcpu=cortex-m4 -std=gnu11 -g3 -DUSE_HAL_DRIVER -DSTM32F446xx -DDEBUG -c -I../Drivers/CMSIS/Include -I../Drivers/STM32F4xx_HAL_Driver/Inc -I../Core/Inc -I../Drivers/CMSIS/Device/ST/STM32F4xx/Include -I../Drivers/STM32F4xx_HAL_Driver/Inc/Legacy -O0 -ffunction-sections -fdata-sections -Wall -fstack-usage -MMD -MP -MF"Core/Src/receive.d" -MT"Core/Src/receive.o" --specs=nano.specs -mfpu=fpv4-sp-d16 -mfloat-abi=hard -mthumb -o "Core/Src/receive.o"
../Core/Src/receive.c: In function 'rc_send':
../Core/Src/receive.c:120:15: warning: pointer targets in initialization differ in signedness [-Wpointer-sign]
  char* test = store;
               ^~~~~
../Core/Src/receive.c:120:8: warning: unused variable 'test' [-Wunused-variable]
  char* test = store;
        ^~~~
arm-none-eabi-gcc -o "Networking1.elf" @"objects.list"   -mcpu=cortex-m4 -T"C:\Users\hatri\OneDrive - Milwaukee School of Engineering\Networking 1 (2019)\Project_Working\Networking_1_Project_C\Networking1\STM32F446RETX_FLASH.ld" --specs=nosys.specs -Wl,-Map="Networking1.map" -Wl,--gc-sections -static --specs=nano.specs -mfpu=fpv4-sp-d16 -mfloat-abi=hard -mthumb -Wl,--start-group -lc -lm -Wl,--end-group
Finished building target: Networking1.elf
 
arm-none-eabi-objdump -h -S  Networking1.elf  > "Networking1.list"
arm-none-eabi-size   Networking1.elf 
   text	   data	    bss	    dec	    hex	filename
  18520	    492	   2748	  21760	   5500	Networking1.elf
Finished building: default.size.stdout
 
Finished building: Networking1.list
 
14:15:06 **** Incremental Build of configuration Debug for project Networking1 ****
make -j8 all 
arm-none-eabi-size   Networking1.elf 
   text	   data	    bss	    dec	    hex	filename
  18520	    492	   2748	  21760	   5500	Networking1.elf
Finished building: default.size.stdout
 
14:16:34 **** Incremental Build of configuration Debug for project Networking1 ****
make -j8 all 
arm-none-eabi-gcc "../Core/Src/transmit.c" -mcpu=cortex-m4 -std=gnu11 -g3 -DUSE_HAL_DRIVER -DSTM32F446xx -DDEBUG -c -I../Drivers/CMSIS/Include -I../Drivers/STM32F4xx_HAL_Driver/Inc -I../Core/Inc -I../Drivers/CMSIS/Device/ST/STM32F4xx/Include -I../Drivers/STM32F4xx_HAL_Driver/Inc/Legacy -O0 -ffunction-sections -fdata-sections -Wall -fstack-usage -MMD -MP -MF"Core/Src/transmit.d" -MT"Core/Src/transmit.o" --specs=nano.specs -mfpu=fpv4-sp-d16 -mfloat-abi=hard -mthumb -o "Core/Src/transmit.o"
arm-none-eabi-gcc -o "Networking1.elf" @"objects.list"   -mcpu=cortex-m4 -T"C:\Users\hatri\OneDrive - Milwaukee School of Engineering\Networking 1 (2019)\Project_Working\Networking_1_Project_C\Networking1\STM32F446RETX_FLASH.ld" --specs=nosys.specs -Wl,-Map="Networking1.map" -Wl,--gc-sections -static --specs=nano.specs -mfpu=fpv4-sp-d16 -mfloat-abi=hard -mthumb -Wl,--start-group -lc -lm -Wl,--end-group
Finished building target: Networking1.elf
 
arm-none-eabi-objdump -h -S  Networking1.elf  > "Networking1.list"
arm-none-eabi-size   Networking1.elf 
   text	   data	    bss	    dec	    hex	filename
  18520	    492	   2748	  21760	   5500	Networking1.elf
Finished building: default.size.stdout
 
Finished building: Networking1.list
 
14:17:27 **** Incremental Build of configuration Debug for project Networking1 ****
make -j8 all 
arm-none-eabi-gcc "../Core/Src/receive.c" -mcpu=cortex-m4 -std=gnu11 -g3 -DUSE_HAL_DRIVER -DSTM32F446xx -DDEBUG -c -I../Drivers/CMSIS/Include -I../Drivers/STM32F4xx_HAL_Driver/Inc -I../Core/Inc -I../Drivers/CMSIS/Device/ST/STM32F4xx/Include -I../Drivers/STM32F4xx_HAL_Driver/Inc/Legacy -O0 -ffunction-sections -fdata-sections -Wall -fstack-usage -MMD -MP -MF"Core/Src/receive.d" -MT"Core/Src/receive.o" --specs=nano.specs -mfpu=fpv4-sp-d16 -mfloat-abi=hard -mthumb -o "Core/Src/receive.o"
../Core/Src/receive.c: In function 'rc_send':
../Core/Src/receive.c:120:15: warning: pointer targets in initialization differ in signedness [-Wpointer-sign]
  char* test = store;
               ^~~~~
../Core/Src/receive.c:120:8: warning: unused variable 'test' [-Wunused-variable]
  char* test = store;
        ^~~~
arm-none-eabi-gcc -o "Networking1.elf" @"objects.list"   -mcpu=cortex-m4 -T"C:\Users\hatri\OneDrive - Milwaukee School of Engineering\Networking 1 (2019)\Project_Working\Networking_1_Project_C\Networking1\STM32F446RETX_FLASH.ld" --specs=nosys.specs -Wl,-Map="Networking1.map" -Wl,--gc-sections -static --specs=nano.specs -mfpu=fpv4-sp-d16 -mfloat-abi=hard -mthumb -Wl,--start-group -lc -lm -Wl,--end-group
Finished building target: Networking1.elf
 
arm-none-eabi-objdump -h -S  Networking1.elf  > "Networking1.list"
arm-none-eabi-size   Networking1.elf 
   text	   data	    bss	    dec	    hex	filename
  18520	    492	   2748	  21760	   5500	Networking1.elf
Finished building: default.size.stdout
 
Finished building: Networking1.list
 
