14:17:27 **** Incremental Build of configuration Debug for project Networking1 ****
make -j8 all 
arm-none-eabi-gcc "../Core/Src/receive.c" -mcpu=cortex-m4 -std=gnu11 -g3 -DUSE_HAL_DRIVER -DSTM32F446xx -DDEBUG -c -I../Drivers/CMSIS/Include -I../Drivers/STM32F4xx_HAL_Driver/Inc -I../Core/Inc -I../Drivers/CMSIS/Device/ST/STM32F4xx/Include -I../Drivers/STM32F4xx_HAL_Driver/Inc/Legacy -O0 -ffunction-sections -fdata-sections -Wall -fstack-usage -MMD -MP -MF"Core/Src/receive.d" -MT"Core/Src/receive.o" --specs=nano.specs -mfpu=fpv4-sp-d16 -mfloat-abi=hard -mthumb -o "Core/Src/receive.o"
../Core/Src/receive.c: In function 'rc_send':
../Core/Src/receive.c:120:15: warning: pointer targets in initialization differ in signedness [-Wpointer-sign]
  char* test = store;
               ^~~~~
../Core/Src/receive.c:120:8: warning: unused variable 'test' [-Wunused-variable]
  char* test = store;
        ^~~~
arm-none-eabi-gcc -o "Networking1.elf" @"objects.list"   -mcpu=cortex-m4 -T"C:\Users\hatri\OneDrive - Milwaukee School of Engineering\Networking 1 (2019)\Project_Working\Networking_1_Project_C\Networking1\STM32F446RETX_FLASH.ld" --specs=nosys.specs -Wl,-Map="Networking1.map" -Wl,--gc-sections -static --specs=nano.specs -mfpu=fpv4-sp-d16 -mfloat-abi=hard -mthumb -Wl,--start-group -lc -lm -Wl,--end-group
Finished building target: Networking1.elf
 
arm-none-eabi-objdump -h -S  Networking1.elf  > "Networking1.list"
arm-none-eabi-size   Networking1.elf 
   text	   data	    bss	    dec	    hex	filename
  18520	    492	   2748	  21760	   5500	Networking1.elf
Finished building: default.size.stdout
 
Finished building: Networking1.list
 

14:17:30 Build Finished. 0 errors, 2 warnings. (took 2s.952ms)

